Archive member included to satisfy reference by file (symbol)

C:/arm-tools/xpack-arm-none-eabi-gcc-13.3.1-1.1/bin/../lib/gcc/arm-none-eabi/13.3.1/thumb/v7e-m+fp/hard\libgcc.a(_arm_addsubdf3.o)
                              CMakeFiles/TEST11.dir/Core/Src/main.c.obj (__aeabi_f2d)
C:/arm-tools/xpack-arm-none-eabi-gcc-13.3.1-1.1/bin/../lib/gcc/arm-none-eabi/13.3.1/thumb/v7e-m+fp/hard\libgcc.a(_aeabi_uldivmod.o)
                              cmake/stm32cubemx/CMakeFiles/STM32_Drivers.dir/__/__/Drivers/STM32F4xx_HAL_Driver/Src/stm32f4xx_hal_rcc.c.obj (__aeabi_uldivmod)
C:/arm-tools/xpack-arm-none-eabi-gcc-13.3.1-1.1/bin/../lib/gcc/arm-none-eabi/13.3.1/thumb/v7e-m+fp/hard\libgcc.a(_udivmoddi4.o)
                              C:/arm-tools/xpack-arm-none-eabi-gcc-13.3.1-1.1/bin/../lib/gcc/arm-none-eabi/13.3.1/thumb/v7e-m+fp/hard\libgcc.a(_aeabi_uldivmod.o) (__udivmoddi4)
C:/arm-tools/xpack-arm-none-eabi-gcc-13.3.1-1.1/bin/../lib/gcc/arm-none-eabi/13.3.1/thumb/v7e-m+fp/hard\libgcc.a(_dvmd_tls.o)
                              C:/arm-tools/xpack-arm-none-eabi-gcc-13.3.1-1.1/bin/../lib/gcc/arm-none-eabi/13.3.1/thumb/v7e-m+fp/hard\libgcc.a(_aeabi_uldivmod.o) (__aeabi_ldiv0)
C:/arm-tools/xpack-arm-none-eabi-gcc-13.3.1-1.1/bin/../lib/gcc/arm-none-eabi/13.3.1/../../../../arm-none-eabi/lib/thumb/v7e-m+fp/hard\libg_nano.a(libc_a-atexit.o)
                              C:/arm-tools/xpack-arm-none-eabi-gcc-13.3.1-1.1/bin/../lib/gcc/arm-none-eabi/13.3.1/../../../../arm-none-eabi/lib/thumb/v7e-m+fp/hard/crt0.o (atexit)
C:/arm-tools/xpack-arm-none-eabi-gcc-13.3.1-1.1/bin/../lib/gcc/arm-none-eabi/13.3.1/../../../../arm-none-eabi/lib/thumb/v7e-m+fp/hard\libg_nano.a(libc_a-exit.o)
                              C:/arm-tools/xpack-arm-none-eabi-gcc-13.3.1-1.1/bin/../lib/gcc/arm-none-eabi/13.3.1/../../../../arm-none-eabi/lib/thumb/v7e-m+fp/hard/crt0.o (exit)
C:/arm-tools/xpack-arm-none-eabi-gcc-13.3.1-1.1/bin/../lib/gcc/arm-none-eabi/13.3.1/../../../../arm-none-eabi/lib/thumb/v7e-m+fp/hard\libg_nano.a(libc_a-nano-vfprintf_float.o)
                              (_printf_float)
C:/arm-tools/xpack-arm-none-eabi-gcc-13.3.1-1.1/bin/../lib/gcc/arm-none-eabi/13.3.1/../../../../arm-none-eabi/lib/thumb/v7e-m+fp/hard\libg_nano.a(libc_a-nano-vfprintf_i.o)
                              C:/arm-tools/xpack-arm-none-eabi-gcc-13.3.1-1.1/bin/../lib/gcc/arm-none-eabi/13.3.1/../../../../arm-none-eabi/lib/thumb/v7e-m+fp/hard\libg_nano.a(libc_a-nano-vfprintf_float.o) (_printf_common)
C:/arm-tools/xpack-arm-none-eabi-gcc-13.3.1-1.1/bin/../lib/gcc/arm-none-eabi/13.3.1/../../../../arm-none-eabi/lib/thumb/v7e-m+fp/hard\libg_nano.a(libc_a-findfp.o)
                              C:/arm-tools/xpack-arm-none-eabi-gcc-13.3.1-1.1/bin/../lib/gcc/arm-none-eabi/13.3.1/../../../../arm-none-eabi/lib/thumb/v7e-m+fp/hard\libg_nano.a(libc_a-exit.o) (__stdio_exit_handler)
C:/arm-tools/xpack-arm-none-eabi-gcc-13.3.1-1.1/bin/../lib/gcc/arm-none-eabi/13.3.1/../../../../arm-none-eabi/lib/thumb/v7e-m+fp/hard\libg_nano.a(libc_a-fwalk.o)
                              C:/arm-tools/xpack-arm-none-eabi-gcc-13.3.1-1.1/bin/../lib/gcc/arm-none-eabi/13.3.1/../../../../arm-none-eabi/lib/thumb/v7e-m+fp/hard\libg_nano.a(libc_a-findfp.o) (_fwalk_sglue)
C:/arm-tools/xpack-arm-none-eabi-gcc-13.3.1-1.1/bin/../lib/gcc/arm-none-eabi/13.3.1/../../../../arm-none-eabi/lib/thumb/v7e-m+fp/hard\libg_nano.a(libc_a-snprintf.o)
                              CMakeFiles/TEST11.dir/Core/Src/main.c.obj (snprintf)
C:/arm-tools/xpack-arm-none-eabi-gcc-13.3.1-1.1/bin/../lib/gcc/arm-none-eabi/13.3.1/../../../../arm-none-eabi/lib/thumb/v7e-m+fp/hard\libg_nano.a(libc_a-sprintf.o)
                              CMakeFiles/TEST11.dir/Core/Src/main.c.obj (sprintf)
C:/arm-tools/xpack-arm-none-eabi-gcc-13.3.1-1.1/bin/../lib/gcc/arm-none-eabi/13.3.1/../../../../arm-none-eabi/lib/thumb/v7e-m+fp/hard\libg_nano.a(libc_a-stdio.o)
                              C:/arm-tools/xpack-arm-none-eabi-gcc-13.3.1-1.1/bin/../lib/gcc/arm-none-eabi/13.3.1/../../../../arm-none-eabi/lib/thumb/v7e-m+fp/hard\libg_nano.a(libc_a-findfp.o) (__sread)
C:/arm-tools/xpack-arm-none-eabi-gcc-13.3.1-1.1/bin/../lib/gcc/arm-none-eabi/13.3.1/../../../../arm-none-eabi/lib/thumb/v7e-m+fp/hard\libg_nano.a(libc_a-memset.o)
                              C:/arm-tools/xpack-arm-none-eabi-gcc-13.3.1-1.1/bin/../lib/gcc/arm-none-eabi/13.3.1/../../../../arm-none-eabi/lib/thumb/v7e-m+fp/hard/crt0.o (memset)
C:/arm-tools/xpack-arm-none-eabi-gcc-13.3.1-1.1/bin/../lib/gcc/arm-none-eabi/13.3.1/../../../../arm-none-eabi/lib/thumb/v7e-m+fp/hard\libg_nano.a(libc_a-localeconv.o)
                              C:/arm-tools/xpack-arm-none-eabi-gcc-13.3.1-1.1/bin/../lib/gcc/arm-none-eabi/13.3.1/../../../../arm-none-eabi/lib/thumb/v7e-m+fp/hard\libg_nano.a(libc_a-nano-vfprintf_float.o) (_localeconv_r)
C:/arm-tools/xpack-arm-none-eabi-gcc-13.3.1-1.1/bin/../lib/gcc/arm-none-eabi/13.3.1/../../../../arm-none-eabi/lib/thumb/v7e-m+fp/hard\libg_nano.a(libc_a-closer.o)
[...]
Memory Configuration

Name             Origin             Length             Attributes
RAM              0x20000000         0x00020000         xrw
CCMRAM           0x10000000         0x00010000         xrw
FLASH            0x08000000         0x00080000         xr
*default*        0x00000000         0xffffffff

Linker script and memory map

LOAD C:/arm-tools/xpack-arm-none-eabi-gcc-13.3.1-1.1/bin/../lib/gcc/arm-none-eabi/13.3.1/thumb/v7e-m+fp/hard/crti.o
LOAD C:/arm-tools/xpack-arm-none-eabi-gcc-13.3.1-1.1/bin/../lib/gcc/arm-none-eabi/13.3.1/thumb/v7e-m+fp/hard/crtbegin.o
LOAD C:/arm-tools/xpack-arm-none-eabi-gcc-13.3.1-1.1/bin/../lib/gcc/arm-none-eabi/13.3.1/../../../../arm-none-eabi/lib/thumb/v7e-m+fp/hard/crt0.o
LOAD cmake/stm32cubemx/CMakeFiles/STM32_Drivers.dir/__/__/Core/Src/system_stm32f4xx.c.obj
LOAD cmake/stm32cubemx/CMakeFiles/STM32_Drivers.dir/__/__/Drivers/STM32F4xx_HAL_Driver/Src/stm32f4xx_hal_rcc.c.obj
LOAD cmake/stm32cubemx/CMakeFiles/STM32_Drivers.dir/__/__/Drivers/STM32F4xx_HAL_Driver/Src/stm32f4xx_hal_rcc_ex.c.obj
LOAD cmake/stm32cubemx/CMakeFiles/STM32_Drivers.dir/__/__/Drivers/STM32F4xx_HAL_Driver/Src/stm32f4xx_hal_flash.c.obj
LOAD cmake/stm32cubemx/CMakeFiles/STM32_Drivers.dir/__/__/Drivers/STM32F4xx_HAL_Driver/Src/stm32f4xx_hal_flash_ex.c.obj
LOAD cmake/stm32cubemx/CMakeFiles/STM32_Drivers.dir/__/__/Drivers/STM32F4xx_HAL_Driver/Src/stm32f4xx_hal_flash_ramfunc.c.obj
LOAD cmake/stm32cubemx/CMakeFiles/STM32_Drivers.dir/__/__/Drivers/STM32F4xx_HAL_Driver/Src/stm32f4xx_hal_gpio.c.obj
LOAD cmake/stm32cubemx/CMakeFiles/STM32_Drivers.dir/__/__/Drivers/STM32F4xx_HAL_Driver/Src/stm32f4xx_hal_dma_ex.c.obj
LOAD cmake/stm32cubemx/CMakeFiles/STM32_Drivers.dir/__/__/Drivers/STM32F4xx_HAL_Driver/Src/stm32f4xx_hal_dma.c.obj
LOAD cmake/stm32cubemx/CMakeFiles/STM32_Drivers.dir/__/__/Drivers/STM32F4xx_HAL_Driver/Src/stm32f4xx_hal_pwr.c.obj
LOAD cmake/stm32cubemx/CMakeFiles/STM32_Drivers.dir/__/__/Drivers/STM32F4xx_HAL_Driver/Src/stm32f4xx_hal_pwr_ex.c.obj
LOAD cmake/stm32cubemx/CMakeFiles/STM32_Drivers.dir/__/__/Drivers/STM32F4xx_HAL_Driver/Src/stm32f4xx_hal_cortex.c.obj
LOAD cmake/stm32cubemx/CMakeFiles/STM32_Drivers.dir/__/__/Drivers/STM32F4xx_HAL_Driver/Src/stm32f4xx_hal.c.obj
LOAD cmake/stm32cubemx/CMakeFiles/STM32_Drivers.dir/__/__/Drivers/STM32F4xx_HAL_Driver/Src/stm32f4xx_hal_uart.c.obj
LOAD cmake/stm32cubemx/CMakeFiles/STM32_Drivers.dir/__/__/Drivers/STM32F4xx_HAL_Driver/Src/stm32f4xx_hal_tim.c.obj
LOAD cmake/stm32cubemx/CMakeFiles/STM32_Drivers.dir/__/__/Drivers/STM32F4xx_HAL_Driver/Src/stm32f4xx_hal_tim_ex.c.obj
LOAD cmake/stm32cubemx/CMakeFiles/STM32_Drivers.dir/__/__/Drivers/STM32F4xx_HAL_Driver/Src/stm32f4xx_hal_exti.c.obj
LOAD cmake/stm32cubemx/CMakeFiles/STM32_Drivers.dir/__/__/Drivers/STM32F4xx_HAL_Driver/Src/stm32f4xx_hal_adc.c.obj
LOAD cmake/stm32cubemx/CMakeFiles/STM32_Drivers.dir/__/__/Drivers/STM32F4xx_HAL_Driver/Src/stm32f4xx_hal_adc_ex.c.obj
LOAD cmake/stm32cubemx/CMakeFiles/STM32_Drivers.dir/__/__/Drivers/STM32F4xx_HAL_Driver/Src/stm32f4xx_hal_dac.c.obj
LOAD cmake/stm32cubemx/CMakeFiles/STM32_Drivers.dir/__/__/Drivers/STM32F4xx_HAL_Driver/Src/stm32f4xx_hal_dac_ex.c.obj
LOAD CMakeFiles/TEST11.dir/Core/Src/main.c.obj
LOAD CMakeFiles/TEST11.dir/Core/Src/timer.c.obj
LOAD CMakeFiles/TEST11.dir/Core/Src/uart.c.obj
LOAD CMakeFiles/TEST11.dir/Core/Src/gpio.c.obj
LOAD CMakeFiles/TEST11.dir/Core/Src/key.c.obj
LOAD CMakeFiles/TEST11.dir/Core/Src/encoder.c.obj
LOAD CMakeFiles/TEST11.dir/Core/Src/adc.c.obj
LOAD CMakeFiles/TEST11.dir/Core/Src/dac.c.obj
LOAD CMakeFiles/TEST11.dir/Core/Src/stm32f4xx_it.c.obj
LOAD CMakeFiles/TEST11.dir/Core/Src/stm32f4xx_hal_msp.c.obj
LOAD CMakeFiles/TEST11.dir/Core/Src/sysmem.c.obj
LOAD CMakeFiles/TEST11.dir/Core/Src/syscalls.c.obj
LOAD CMakeFiles/TEST11.dir/Core/LCD/bsp_LCD_ILI9341.c.obj
LOAD CMakeFiles/TEST11.dir/Core/LCD/bsp_W25Q128.c.obj
LOAD CMakeFiles/TEST11.dir/startup_stm32f407xx.s.obj
LOAD C:/arm-tools/xpack-arm-none-eabi-gcc-13.3.1-1.1/bin/../lib/gcc/arm-none-eabi/13.3.1/../../../../arm-none-eabi/lib/thumb/v7e-m+fp/hard\libm.a
START GROUP
LOAD C:/arm-tools/xpack-arm-none-eabi-gcc-13.3.1-1.1/bin/../lib/gcc/arm-none-eabi/13.3.1/thumb/v7e-m+fp/hard\libgcc.a
LOAD C:/arm-tools/xpack-arm-none-eabi-gcc-13.3.1-1.1/bin/../lib/gcc/arm-none-eabi/13.3.1/../../../../arm-none-eabi/lib/thumb/v7e-m+fp/hard\libg_nano.a
LOAD C:/arm-tools/xpack-arm-none-eabi-gcc-13.3.1-1.1/bin/../lib/gcc/arm-none-eabi/13.3.1/../../../../arm-none-eabi/lib/thumb/v7e-m+fp/hard\libc_nano.a
END GROUP
START GROUP
LOAD C:/arm-tools/xpack-arm-none-eabi-gcc-13.3.1-1.1/bin/../lib/gcc/arm-none-eabi/13.3.1/thumb/v7e-m+fp/hard\libgcc.a
LOAD C:/arm-tools/xpack-arm-none-eabi-gcc-13.3.1-1.1/bin/../lib/gcc/arm-none-eabi/13.3.1/../../../../arm-none-eabi/lib/thumb/v7e-m+fp/hard\libc_nano.a
END GROUP
LOAD C:/arm-tools/xpack-arm-none-eabi-gcc-13.3.1-1.1/bin/../lib/gcc/arm-none-eabi/13.3.1/thumb/v7e-m+fp/hard/crtend.o
LOAD C:/arm-tools/xpack-arm-none-eabi-gcc-13.3.1-1.1/bin/../lib/gcc/arm-none-eabi/13.3.1/thumb/v7e-m+fp/hard/crtn.o
                0x20020000                        _estack = (ORIGIN (RAM) + LENGTH (RAM))
                0x2001fc00                        _sstack = (_estack - _Min_Stack_Size)
                0x00000200                        _Min_Heap_Size = 0x200
                0x00000400                        _Min_Stack_Size = 0x400

.isr_vector     0x08000000      0x188
                0x08000000                        . = ALIGN (0x4)
 *(.isr_vector)
 .isr_vector    0x08000000      0x188 CMakeFiles/TEST11.dir/startup_stm32f407xx.s.obj
                0x08000000                g_pfnVectors
                0x08000188                        . = ALIGN (0x4)

.text           0x08000190     0x8f4c
                0x08000190                        . = ALIGN (0x4)
 *(.text)
 .text          0x08000190      0x378 C:/arm-tools/xpack-arm-none-eabi-gcc-13.3.1-1.1/bin/../lib/gcc/arm-none-eabi/13.3.1/thumb/v7e-m+fp/hard\libgcc.a(_arm_addsubdf3.o)
                0x08000190                __aeabi_drsub
                0x08000198                __aeabi_dsub
                0x08000198                __subdf3
                0x0800019c                __aeabi_dadd
                0x0800019c                __adddf3
                0x08000414                __floatunsidf
                0x08000414                __aeabi_ui2d
                0x08000434                __floatsidf
                0x08000434                __aeabi_i2d
                0x08000458                __aeabi_f2d
                0x08000458                __extendsfdf2
                0x0800049c                __floatundidf
                0x0800049c                __aeabi_ul2d
                0x080004ac                __floatdidf
                0x080004ac                __aeabi_l2d
 .text          0x08000508       0x30 C:/arm-tools/xpack-arm-none-eabi-gcc-13.3.1-1.1/bin/../lib/gcc/arm-none-eabi/13.3.1/thumb/v7e-m+fp/hard\libgcc.a(_aeabi_uldivmod.o)
                0x08000508                __aeabi_uldivmod
 .text          0x08000538        0x4 C:/arm-tools/xpack-arm-none-eabi-gcc-13.3.1-1.1/bin/../lib/gcc/arm-none-eabi/13.3.1/thumb/v7e-m+fp/hard\libgcc.a(_dvmd_tls.o)
                0x08000538                __aeabi_idiv0
                0x08000538                __aeabi_ldiv0
 *fill*         0x0800053c        0x4 
 .text          0x08000540       0xa0 C:/arm-tools/xpack-arm-none-eabi-gcc-13.3.1-1.1/bin/../lib/gcc/arm-none-eabi/13.3.1/../../../../arm-none-eabi/lib/thumb/v7e-m+fp/hard\libg_nano.a(libc_a-memchr.o)
                0x08000540                memchr
 .text          0x080005e0       0x10 C:/arm-tools/xpack-arm-none-eabi-gcc-13.3.1-1.1/bin/../lib/gcc/arm-none-eabi/13.3.1/../../../../arm-none-eabi/lib/thumb/v7e-m+fp/hard\libg_nano.a(libc_a-strlen.o)
                0x080005e0                strlen
 .text          0x080005f0      0x424 C:/arm-tools/xpack-arm-none-eabi-gcc-13.3.1-1.1/bin/../lib/gcc/arm-none-eabi/13.3.1/thumb/v7e-m+fp/hard\libgcc.a(_arm_muldivdf3.o)
                0x080005f0                __aeabi_dmul
                0x080005f0                __muldf3
                0x08000844                __divdf3
                0x08000844                __aeabi_ddiv
 .text          0x08000a14      0x110 C:/arm-tools/xpack-arm-none-eabi-gcc-13.3.1-1.1/bin/../lib/gcc/arm-none-eabi/13.3.1/thumb/v7e-m+fp/hard\libgcc.a(_arm_cmpdf2.o)
                0x08000a14                __gtdf2
                0x08000a14                __gedf2
                0x08000a1c                __ltdf2
                0x08000a1c                __ledf2
                0x08000a24                __nedf2
                0x08000a24                __eqdf2
                0x08000a24                __cmpdf2
                0x08000aa0                __aeabi_cdrcmple
                0x08000ab0                __aeabi_cdcmpeq
                0x08000ab0                __aeabi_cdcmple
                0x08000ac0                __aeabi_dcmpeq
                0x08000ad4                __aeabi_dcmplt
                0x08000ae8                __aeabi_dcmple
                0x08000afc                __aeabi_dcmpge
                0x08000b10                __aeabi_dcmpgt
 .text          0x08000b24       0x2c C:/arm-tools/xpack-arm-none-eabi-gcc-13.3.1-1.1/bin/../lib/gcc/arm-none-eabi/13.3.1/thumb/v7e-m+fp/hard\libgcc.a(_arm_unorddf2.o)
                0x08000b24                __unorddf2
                0x08000b24                __aeabi_dcmpun
 .text          0x08000b50       0x50 C:/arm-tools/xpack-arm-none-eabi-gcc-13.3.1-1.1/bin/../lib/gcc/arm-none-eabi/13.3.1/thumb/v7e-m+fp/hard\libgcc.a(_arm_fixdfsi.o)
                0x08000b50                __aeabi_d2iz
                0x08000b50                __fixdfsi
 *(.text*)
 .text.__do_global_dtors_aux
                0x08000ba0       0x24 C:/arm-tools/xpack-arm-none-eabi-gcc-13.3.1-1.1/bin/../lib/gcc/arm-none-eabi/13.3.1/thumb/v7e-m+fp/hard/crtbegin.o
 .text.frame_dummy
                0x08000bc4       0x1c C:/arm-tools/xpack-arm-none-eabi-gcc-13.3.1-1.1/bin/../lib/gcc/arm-none-eabi/13.3.1/thumb/v7e-m+fp/hard/crtbegin.o
 .text.SystemInit
                0x08000be0       0x24 cmake/stm32cubemx/CMakeFiles/STM32_Drivers.dir/__/__/Core/Src/system_stm32f4xx.c.obj
                0x08000be0                SystemInit
 .text.HAL_RCC_OscConfig
                0x08000c04      0x4f0 cmake/stm32cubemx/CMakeFiles/STM32_Drivers.dir/__/__/Drivers/STM32F4xx_HAL_Driver/Src/stm32f4xx_hal_rcc.c.obj
                0x08000c04                HAL_RCC_OscConfig
 .text.HAL_RCC_ClockConfig
                0x080010f4      0x1cc cmake/stm32cubemx/CMakeFiles/STM32_Drivers.dir/__/__/Drivers/STM32F4xx_HAL_Driver/Src/stm32f4xx_hal_rcc.c.obj
                0x080010f4                HAL_RCC_ClockConfig
 .text.HAL_RCC_GetSysClockFreq
                0x080012c0      0x18c cmake/stm32cubemx/CMakeFiles/STM32_Drivers.dir/__/__/Drivers/STM32F4xx_HAL_Driver/Src/stm32f4xx_hal_rcc.c.obj
                0x080012c0                HAL_RCC_GetSysClockFreq
 .text.HAL_RCC_GetHCLKFreq
                0x0800144c       0x18 cmake/stm32cubemx/CMakeFiles/STM32_Drivers.dir/__/__/Drivers/STM32F4xx_HAL_Driver/Src/stm32f4xx_hal_rcc.c.obj
                0x0800144c                HAL_RCC_GetHCLKFreq
 .text.HAL_RCC_GetPCLK1Freq
                0x08001464       0x28 cmake/stm32cubemx/CMakeFiles/STM32_Drivers.dir/__/__/Drivers/STM32F4xx_HAL_Driver/Src/stm32f4xx_hal_rcc.c.obj
                0x08001464                HAL_RCC_GetPCLK1Freq
 .text.HAL_RCC_GetPCLK2Freq
                0x0800148c       0x28 cmake/stm32cubemx/CMakeFiles/STM32_Drivers.dir/__/__/Drivers/STM32F4xx_HAL_Driver/Src/stm32f4xx_hal_rcc.c.obj
                0x0800148c                HAL_RCC_GetPCLK2Freq
 .text.HAL_GPIO_Init
                0x080014b4      0x338 cmake/stm32cubemx/CMakeFiles/STM32_Drivers.dir/__/__/Drivers/STM32F4xx_HAL_Driver/Src/stm32f4xx_hal_gpio.c.obj
                0x080014b4                HAL_GPIO_Init
 .text.HAL_GPIO_ReadPin
                0x080017ec       0x30 cmake/stm32cubemx/CMakeFiles/STM32_Drivers.dir/__/__/Drivers/STM32F4xx_HAL_Driver/Src/stm32f4xx_hal_gpio.c.obj
                0x080017ec                HAL_GPIO_ReadPin
 .text.HAL_GPIO_WritePin
                0x0800181c       0x32 cmake/stm32cubemx/CMakeFiles/STM32_Drivers.dir/__/__/Drivers/STM32F4xx_HAL_Driver/Src/stm32f4xx_hal_gpio.c.obj
                0x0800181c                HAL_GPIO_WritePin
 .text.HAL_GPIO_TogglePin
                0x0800184e       0x34 cmake/stm32cubemx/CMakeFiles/STM32_Drivers.dir/__/__/Drivers/STM32F4xx_HAL_Driver/Src/stm32f4xx_hal_gpio.c.obj
                0x0800184e                HAL_GPIO_TogglePin
 *fill*         0x08001882        0x2 
 .text.HAL_DMA_Init
                0x08001884      0x15c cmake/stm32cubemx/CMakeFiles/STM32_Drivers.dir/__/__/Drivers/STM32F4xx_HAL_Driver/Src/stm32f4xx_hal_dma.c.obj
                0x08001884                HAL_DMA_Init
 .text.HAL_DMA_Start_IT
                0x080019e0       0xb0 cmake/stm32cubemx/CMakeFiles/STM32_Drivers.dir/__/__/Drivers/STM32F4xx_HAL_Driver/Src/stm32f4xx_hal_dma.c.obj
                0x080019e0                HAL_DMA_Start_IT
 .text.HAL_DMA_IRQHandler
                0x08001a90      0x314 cmake/stm32cubemx/CMakeFiles/STM32_Drivers.dir/__/__/Drivers/STM32F4xx_HAL_Driver/Src/stm32f4xx_hal_dma.c.obj
                0x08001a90                HAL_DMA_IRQHandler
 .text.DMA_SetConfig
                0x08001da4       0x5c cmake/stm32cubemx/CMakeFiles/STM32_Drivers.dir/__/__/Drivers/STM32F4xx_HAL_Driver/Src/stm32f4xx_hal_dma.c.obj
 .text.DMA_CalcBaseAndBitshift
                0x08001e00       0x6c cmake/stm32cubemx/CMakeFiles/STM32_Drivers.dir/__/__/Drivers/STM32F4xx_HAL_Driver/Src/stm32f4xx_hal_dma.c.obj
 .text.DMA_CheckFifoParam
                0x08001e6c       0xf8 cmake/stm32cubemx/CMakeFiles/STM32_Drivers.dir/__/__/Drivers/STM32F4xx_HAL_Driver/Src/stm32f4xx_hal_dma.c.obj
 .text.__NVIC_SetPriorityGrouping
                0x08001f64       0x48 cmake/stm32cubemx/CMakeFiles/STM32_Drivers.dir/__/__/Drivers/STM32F4xx_HAL_Driver/Src/stm32f4xx_hal_cortex.c.obj
 .text.__NVIC_GetPriorityGrouping
                0x08001fac       0x1c cmake/stm32cubemx/CMakeFiles/STM32_Drivers.dir/__/__/Drivers/STM32F4xx_HAL_Driver/Src/stm32f4xx_hal_cortex.c.obj
 .text.__NVIC_EnableIRQ
                0x08001fc8       0x3c cmake/stm32cubemx/CMakeFiles/STM32_Drivers.dir/__/__/Drivers/STM32F4xx_HAL_Driver/Src/stm32f4xx_hal_cortex.c.obj
 .text.__NVIC_SetPriority
                0x08002004       0x54 cmake/stm32cubemx/CMakeFiles/STM32_Drivers.dir/__/__/Drivers/STM32F4xx_HAL_Driver/Src/stm32f4xx_hal_cortex.c.obj
 .text.NVIC_EncodePriority
                0x08002058       0x66 cmake/stm32cubemx/CMakeFiles/STM32_Drivers.dir/__/__/Drivers/STM32F4xx_HAL_Driver/Src/stm32f4xx_hal_cortex.c.obj
 *fill*         0x080020be        0x2 
 .text.SysTick_Config
                0x080020c0       0x44 cmake/stm32cubemx/CMakeFiles/STM32_Drivers.dir/__/__/Drivers/STM32F4xx_HAL_Driver/Src/stm32f4xx_hal_cortex.c.obj
 .text.HAL_NVIC_SetPriorityGrouping
                0x08002104       0x16 cmake/stm32cubemx/CMakeFiles/STM32_Drivers.dir/__/__/Drivers/STM32F4xx_HAL_Driver/Src/stm32f4xx_hal_cortex.c.obj
                0x08002104                HAL_NVIC_SetPriorityGrouping
 .text.HAL_NVIC_SetPriority
                0x0800211a       0x38 cmake/stm32cubemx/CMakeFiles/STM32_Drivers.dir/__/__/Drivers/STM32F4xx_HAL_Driver/Src/stm32f4xx_hal_cortex.c.obj
                0x0800211a                HAL_NVIC_SetPriority
 .text.HAL_NVIC_EnableIRQ
                0x08002152       0x1c cmake/stm32cubemx/CMakeFiles/STM32_Drivers.dir/__/__/Drivers/STM32F4xx_HAL_Driver/Src/stm32f4xx_hal_cortex.c.obj
                0x08002152                HAL_NVIC_EnableIRQ
 .text.HAL_SYSTICK_Config
                0x0800216e       0x18 cmake/stm32cubemx/CMakeFiles/STM32_Drivers.dir/__/__/Drivers/STM32F4xx_HAL_Driver/Src/stm32f4xx_hal_cortex.c.obj
                0x0800216e                HAL_SYSTICK_Config
 *fill*         0x08002186        0x2 
 .text.HAL_Init
                0x08002188       0x44 cmake/stm32cubemx/CMakeFiles/STM32_Drivers.dir/__/__/Drivers/STM32F4xx_HAL_Driver/Src/stm32f4xx_hal.c.obj
                0x08002188                HAL_Init
 .text.HAL_InitTick
                0x080021cc       0x60 cmake/stm32cubemx/CMakeFiles/STM32_Drivers.dir/__/__/Drivers/STM32F4xx_HAL_Driver/Src/stm32f4xx_hal.c.obj
                0x080021cc                HAL_InitTick
 .text.HAL_IncTick
                0x0800222c       0x28 cmake/stm32cubemx/CMakeFiles/STM32_Drivers.dir/__/__/Drivers/STM32F4xx_HAL_Driver/Src/stm32f4xx_hal.c.obj
                0x0800222c                HAL_IncTick
 .text.HAL_GetTick
                0x08002254       0x18 cmake/stm32cubemx/CMakeFiles/STM32_Drivers.dir/__/__/Drivers/STM32F4xx_HAL_Driver/Src/stm32f4xx_hal.c.obj
                0x08002254                HAL_GetTick
 .text.HAL_Delay
                0x0800226c       0x48 cmake/stm32cubemx/CMakeFiles/STM32_Drivers.dir/__/__/Drivers/STM32F4xx_HAL_Driver/Src/stm32f4xx_hal.c.obj
                0x0800226c                HAL_Delay
 .text.HAL_UART_Init
                0x080022b4       0xa0 cmake/stm32cubemx/CMakeFiles/STM32_Drivers.dir/__/__/Drivers/STM32F4xx_HAL_Driver/Src/stm32f4xx_hal_uart.c.obj
                0x080022b4                HAL_UART_Init
 .text.HAL_UART_MspInit
                0x08002354       0x14 cmake/stm32cubemx/CMakeFiles/STM32_Drivers.dir/__/__/Drivers/STM32F4xx_HAL_Driver/Src/stm32f4xx_hal_uart.c.obj
                0x08002354                HAL_UART_MspInit
 .text.HAL_UART_Transmit
                0x08002368      0x116 cmake/stm32cubemx/CMakeFiles/STM32_Drivers.dir/__/__/Drivers/STM32F4xx_HAL_Driver/Src/stm32f4xx_hal_uart.c.obj
                0x08002368                HAL_UART_Transmit
 .text.UART_WaitOnFlagUntilTimeout
                0x0800247e       0xb2 cmake/stm32cubemx/CMakeFiles/STM32_Drivers.dir/__/__/Drivers/STM32F4xx_HAL_Driver/Src/stm32f4xx_hal_uart.c.obj
 .text.UART_EndRxTransfer
                0x08002530       0xc6 cmake/stm32cubemx/CMakeFiles/STM32_Drivers.dir/__/__/Drivers/STM32F4xx_HAL_Driver/Src/stm32f4xx_hal_uart.c.obj
 *fill*         0x080025f6        0x2 
 .text.UART_SetConfig
                0x080025f8      0x4e8 cmake/stm32cubemx/CMakeFiles/STM32_Drivers.dir/__/__/Drivers/STM32F4xx_HAL_Driver/Src/stm32f4xx_hal_uart.c.obj
 .text.HAL_TIM_Base_Init
                0x08002ae0       0x9e cmake/stm32cubemx/CMakeFiles/STM32_Drivers.dir/__/__/Drivers/STM32F4xx_HAL_Driver/Src/stm32f4xx_hal_tim.c.obj
                0x08002ae0                HAL_TIM_Base_Init
 *fill*         0x08002b7e        0x2 
 .text.HAL_TIM_Base_Start_IT
                0x08002b80       0xe0 cmake/stm32cubemx/CMakeFiles/STM32_Drivers.dir/__/__/Drivers/STM32F4xx_HAL_Driver/Src/stm32f4xx_hal_tim.c.obj
                0x08002b80                HAL_TIM_Base_Start_IT
 .text.HAL_TIM_IRQHandler
                0x08002c60      0x1e0 cmake/stm32cubemx/CMakeFiles/STM32_Drivers.dir/__/__/Drivers/STM32F4xx_HAL_Driver/Src/stm32f4xx_hal_tim.c.obj
                0x08002c60                HAL_TIM_IRQHandler
 .text.HAL_TIM_ReadCapturedValue
                0x08002e40       0x88 cmake/stm32cubemx/CMakeFiles/STM32_Drivers.dir/__/__/Drivers/STM32F4xx_HAL_Driver/Src/stm32f4xx_hal_tim.c.obj
                0x08002e40                HAL_TIM_ReadCapturedValue
 .text.HAL_TIM_OC_DelayElapsedCallback
                0x08002ec8       0x14 cmake/stm32cubemx/CMakeFiles/STM32_Drivers.dir/__/__/Drivers/STM32F4xx_HAL_Driver/Src/stm32f4xx_hal_tim.c.obj
                0x08002ec8                HAL_TIM_OC_DelayElapsedCallback
 .text.HAL_TIM_IC_CaptureCallback
                0x08002edc       0x14 cmake/stm32cubemx/CMakeFiles/STM32_Drivers.dir/__/__/Drivers/STM32F4xx_HAL_Driver/Src/stm32f4xx_hal_tim.c.obj
                0x08002edc                HAL_TIM_IC_CaptureCallback
 .text.HAL_TIM_PWM_PulseFinishedCallback
                0x08002ef0       0x14 cmake/stm32cubemx/CMakeFiles/STM32_Drivers.dir/__/__/Drivers/STM32F4xx_HAL_Driver/Src/stm32f4xx_hal_tim.c.obj
                0x08002ef0                HAL_TIM_PWM_PulseFinishedCallback
 .text.HAL_TIM_TriggerCallback
                0x08002f04       0x14 cmake/stm32cubemx/CMakeFiles/STM32_Drivers.dir/__/__/Drivers/STM32F4xx_HAL_Driver/Src/stm32f4xx_hal_tim.c.obj
                0x08002f04                HAL_TIM_TriggerCallback
 .text.TIM_Base_SetConfig
                0x08002f18      0x14c cmake/stm32cubemx/CMakeFiles/STM32_Drivers.dir/__/__/Drivers/STM32F4xx_HAL_Driver/Src/stm32f4xx_hal_tim.c.obj
                0x08002f18                TIM_Base_SetConfig
 .text.HAL_TIMEx_MasterConfigSynchronization
                0x08003064       0xf8 cmake/stm32cubemx/CMakeFiles/STM32_Drivers.dir/__/__/Drivers/STM32F4xx_HAL_Driver/Src/stm32f4xx_hal_tim_ex.c.obj
                0x08003064                HAL_TIMEx_MasterConfigSynchronization
 .text.HAL_TIMEx_CommutCallback
                0x0800315c       0x14 cmake/stm32cubemx/CMakeFiles/STM32_Drivers.dir/__/__/Drivers/STM32F4xx_HAL_Driver/Src/stm32f4xx_hal_tim_ex.c.obj
                0x0800315c                HAL_TIMEx_CommutCallback
 .text.HAL_TIMEx_BreakCallback
                0x08003170       0x14 cmake/stm32cubemx/CMakeFiles/STM32_Drivers.dir/__/__/Drivers/STM32F4xx_HAL_Driver/Src/stm32f4xx_hal_tim_ex.c.obj
                0x08003170                HAL_TIMEx_BreakCallback
 .text.HAL_ADC_Init
                0x08003184       0x86 cmake/stm32cubemx/CMakeFiles/STM32_Drivers.dir/__/__/Drivers/STM32F4xx_HAL_Driver/Src/stm32f4xx_hal_adc.c.obj
                0x08003184                HAL_ADC_Init
 *fill*         0x0800320a        0x2 
 .text.HAL_ADC_Start_DMA
                0x0800320c      0x228 cmake/stm32cubemx/CMakeFiles/STM32_Drivers.dir/__/__/Drivers/STM32F4xx_HAL_Driver/Src/stm32f4xx_hal_adc.c.obj
                0x0800320c                HAL_ADC_Start_DMA
 .text.HAL_ADC_ConvHalfCpltCallback
                0x08003434       0x14 cmake/stm32cubemx/CMakeFiles/STM32_Drivers.dir/__/__/Drivers/STM32F4xx_HAL_Driver/Src/stm32f4xx_hal_adc.c.obj
                0x08003434                HAL_ADC_ConvHalfCpltCallback
 .text.HAL_ADC_ErrorCallback
                0x08003448       0x14 cmake/stm32cubemx/CMakeFiles/STM32_Drivers.dir/__/__/Drivers/STM32F4xx_HAL_Driver/Src/stm32f4xx_hal_adc.c.obj
                0x08003448                HAL_ADC_ErrorCallback
 .text.HAL_ADC_ConfigChannel
                0x0800345c      0x244 cmake/stm32cubemx/CMakeFiles/STM32_Drivers.dir/__/__/Drivers/STM32F4xx_HAL_Driver/Src/stm32f4xx_hal_adc.c.obj
                0x0800345c                HAL_ADC_ConfigChannel
 .text.ADC_Init
                0x080036a0      0x1f8 cmake/stm32cubemx/CMakeFiles/STM32_Drivers.dir/__/__/Drivers/STM32F4xx_HAL_Driver/Src/stm32f4xx_hal_adc.c.obj
 .text.ADC_DMAConvCplt
                0x08003898       0xba cmake/stm32cubemx/CMakeFiles/STM32_Drivers.dir/__/__/Drivers/STM32F4xx_HAL_Driver/Src/stm32f4xx_hal_adc.c.obj
 .text.ADC_DMAHalfConvCplt
                0x08003952       0x1c cmake/stm32cubemx/CMakeFiles/STM32_Drivers.dir/__/__/Drivers/STM32F4xx_HAL_Driver/Src/stm32f4xx_hal_adc.c.obj
 .text.ADC_DMAError
                0x0800396e       0x2e cmake/stm32cubemx/CMakeFiles/STM32_Drivers.dir/__/__/Drivers/STM32F4xx_HAL_Driver/Src/stm32f4xx_hal_adc.c.obj
 .text.HAL_DAC_Init
                0x0800399c       0x44 cmake/stm32cubemx/CMakeFiles/STM32_Drivers.dir/__/__/Drivers/STM32F4xx_HAL_Driver/Src/stm32f4xx_hal_dac.c.obj
                0x0800399c                HAL_DAC_Init
 .text.HAL_DAC_MspInit
                0x080039e0       0x14 cmake/stm32cubemx/CMakeFiles/STM32_Drivers.dir/__/__/Drivers/STM32F4xx_HAL_Driver/Src/stm32f4xx_hal_dac.c.obj
                0x080039e0                HAL_DAC_MspInit
 .text.HAL_DAC_Start
                0x080039f4       0xae cmake/stm32cubemx/CMakeFiles/STM32_Drivers.dir/__/__/Drivers/STM32F4xx_HAL_Driver/Src/stm32f4xx_hal_dac.c.obj
                0x080039f4                HAL_DAC_Start
 .text.HAL_DAC_SetValue
                0x08003aa2       0x54 cmake/stm32cubemx/CMakeFiles/STM32_Drivers.dir/__/__/Drivers/STM32F4xx_HAL_Driver/Src/stm32f4xx_hal_dac.c.obj
                0x08003aa2                HAL_DAC_SetValue
 .text.HAL_DAC_ConfigChannel
                0x08003af6       0xb2 cmake/stm32cubemx/CMakeFiles/STM32_Drivers.dir/__/__/Drivers/STM32F4xx_HAL_Driver/Src/stm32f4xx_hal_dac.c.obj
                0x08003af6                HAL_DAC_ConfigChannel
 .text.Wave_DrawAxis
                0x08003ba8      0x154 CMakeFiles/TEST11.dir/Core/Src/main.c.obj
 .text.Wave_Update
                0x08003cfc      0x14c CMakeFiles/TEST11.dir/Core/Src/main.c.obj
 .text.main     0x08003e48      0x2c0 CMakeFiles/TEST11.dir/Core/Src/main.c.obj
                0x08003e48                main
 .text.SystemClock_Config
                0x08004108       0xbc CMakeFiles/TEST11.dir/Core/Src/main.c.obj
 .text.Error_Handler
                0x080041c4        0xc CMakeFiles/TEST11.dir/Core/Src/main.c.obj
                0x080041c4                Error_Handler
 .text.TIM2_TRGO_Init
                0x080041d0       0x84 CMakeFiles/TEST11.dir/Core/Src/timer.c.obj
                0x080041d0                TIM2_TRGO_Init
 .text.UART1_Init
                0x08004254       0xcc CMakeFiles/TEST11.dir/Core/Src/uart.c.obj
                0x08004254                UART1_Init
 .text.UART1_SendString
                0x08004320       0x3c CMakeFiles/TEST11.dir/Core/Src/uart.c.obj
                0x08004320                UART1_SendString
 .text.UART1_SendADC
                0x0800435c       0x40 CMakeFiles/TEST11.dir/Core/Src/uart.c.obj
                0x0800435c                UART1_SendADC
 .text.MX_GPIO_Init
                0x0800439c       0xd4 CMakeFiles/TEST11.dir/Core/Src/gpio.c.obj
                0x0800439c                MX_GPIO_Init
 .text.key_init
                0x08004470       0xc0 CMakeFiles/TEST11.dir/Core/Src/key.c.obj
                0x08004470                key_init
 .text.key_scan
                0x08004530       0xd0 CMakeFiles/TEST11.dir/Core/Src/key.c.obj
                0x08004530                key_scan
 .text.adc_init
                0x08004600       0x90 CMakeFiles/TEST11.dir/Core/Src/adc.c.obj
                0x08004600                adc_init
 .text.HAL_ADC_MspInit
                0x08004690      0x10c CMakeFiles/TEST11.dir/Core/Src/adc.c.obj
                0x08004690                HAL_ADC_MspInit
 .text.adc_start_dma
                0x0800479c       0x1c CMakeFiles/TEST11.dir/Core/Src/adc.c.obj
                0x0800479c                adc_start_dma
 .text.adc_get_voltage_v
                0x080047b8       0x30 CMakeFiles/TEST11.dir/Core/Src/adc.c.obj
                0x080047b8                adc_get_voltage_v
 .text.DMA2_Stream0_IRQHandler
                0x080047e8       0x14 CMakeFiles/TEST11.dir/Core/Src/adc.c.obj
                0x080047e8                DMA2_Stream0_IRQHandler
 .text.HAL_ADC_ConvCpltCallback
                0x080047fc       0x20 CMakeFiles/TEST11.dir/Core/Src/adc.c.obj
                0x080047fc                HAL_ADC_ConvCpltCallback
 .text.DAC_GenTriTable
                0x0800481c       0x80 CMakeFiles/TEST11.dir/Core/Src/dac.c.obj
 .text.DAC_NoiseRand
                0x0800489c       0x74 CMakeFiles/TEST11.dir/Core/Src/dac.c.obj
 .text.DAC_WaveGen_Init
                0x08004910      0x170 CMakeFiles/TEST11.dir/Core/Src/dac.c.obj
                0x08004910                DAC_WaveGen_Init
 .text.HAL_TIM_Base_MspInit
                0x08004a80       0x50 CMakeFiles/TEST11.dir/Core/Src/dac.c.obj
                0x08004a80                HAL_TIM_Base_MspInit
 .text.HAL_TIM_PeriodElapsedCallback
                0x08004ad0       0x98 CMakeFiles/TEST11.dir/Core/Src/dac.c.obj
                0x08004ad0                HAL_TIM_PeriodElapsedCallback
 .text.DAC_WaveGen_SetType
                0x08004b68       0x34 CMakeFiles/TEST11.dir/Core/Src/dac.c.obj
                0x08004b68                DAC_WaveGen_SetType
 .text.TIM6_DAC_IRQHandler
                0x08004b9c       0x14 CMakeFiles/TEST11.dir/Core/Src/dac.c.obj
                0x08004b9c                TIM6_DAC_IRQHandler
 .text.NMI_Handler
                0x08004bb0        0x8 CMakeFiles/TEST11.dir/Core/Src/stm32f4xx_it.c.obj
                0x08004bb0                NMI_Handler
 .text.HardFault_Handler
                0x08004bb8        0x8 CMakeFiles/TEST11.dir/Core/Src/stm32f4xx_it.c.obj
                0x08004bb8                HardFault_Handler
 .text.MemManage_Handler
                0x08004bc0        0x8 CMakeFiles/TEST11.dir/Core/Src/stm32f4xx_it.c.obj
                0x08004bc0                MemManage_Handler
 .text.BusFault_Handler
                0x08004bc8        0x8 CMakeFiles/TEST11.dir/Core/Src/stm32f4xx_it.c.obj
                0x08004bc8                BusFault_Handler
 .text.UsageFault_Handler
                0x08004bd0        0x8 CMakeFiles/TEST11.dir/Core/Src/stm32f4xx_it.c.obj
                0x08004bd0                UsageFault_Handler
 .text.SVC_Handler
                0x08004bd8        0xe CMakeFiles/TEST11.dir/Core/Src/stm32f4xx_it.c.obj
                0x08004bd8                SVC_Handler
 .text.DebugMon_Handler
                0x08004be6        0xe CMakeFiles/TEST11.dir/Core/Src/stm32f4xx_it.c.obj
                0x08004be6                DebugMon_Handler
 .text.PendSV_Handler
                0x08004bf4        0xe CMakeFiles/TEST11.dir/Core/Src/stm32f4xx_it.c.obj
                0x08004bf4                PendSV_Handler
 .text.SysTick_Handler
                0x08004c02        0xc CMakeFiles/TEST11.dir/Core/Src/stm32f4xx_it.c.obj
                0x08004c02                SysTick_Handler
 .text.TIM2_IRQHandler
                0x08004c0e        0xe CMakeFiles/TEST11.dir/Core/Src/stm32f4xx_it.c.obj
                0x08004c0e                TIM2_IRQHandler
 .text.EXTI9_5_IRQHandler
                0x08004c1c       0x68 CMakeFiles/TEST11.dir/Core/Src/stm32f4xx_it.c.obj
                0x08004c1c                EXTI9_5_IRQHandler
 .text.EXTI4_IRQHandler
                0x08004c84       0x48 CMakeFiles/TEST11.dir/Core/Src/stm32f4xx_it.c.obj
                0x08004c84                EXTI4_IRQHandler
 .text.TIM3_IRQHandler
                0x08004ccc      0x17c CMakeFiles/TEST11.dir/Core/Src/stm32f4xx_it.c.obj
                0x08004ccc                TIM3_IRQHandler
 .text.TIM4_IRQHandler
                0x08004e48       0xcc CMakeFiles/TEST11.dir/Core/Src/stm32f4xx_it.c.obj
                0x08004e48                TIM4_IRQHandler
 .text.HAL_MspInit
                0x08004f14       0x50 CMakeFiles/TEST11.dir/Core/Src/stm32f4xx_hal_msp.c.obj
                0x08004f14                HAL_MspInit
 .text._sbrk    0x08004f64       0x6c CMakeFiles/TEST11.dir/Core/Src/sysmem.c.obj
                0x08004f64                _sbrk
 .text._getpid  0x08004fd0       0x10 CMakeFiles/TEST11.dir/Core/Src/syscalls.c.obj
                0x08004fd0                _getpid
 .text._kill    0x08004fe0       0x20 CMakeFiles/TEST11.dir/Core/Src/syscalls.c.obj
                0x08004fe0                _kill
 .text._exit    0x08005000       0x16 CMakeFiles/TEST11.dir/Core/Src/syscalls.c.obj
                0x08005000                _exit
 .text._read    0x08005016       0x3a CMakeFiles/TEST11.dir/Core/Src/syscalls.c.obj
                0x08005016                _read
 .text._write   0x08005050       0x38 CMakeFiles/TEST11.dir/Core/Src/syscalls.c.obj
                0x08005050                _write
 .text._close   0x08005088       0x18 CMakeFiles/TEST11.dir/Core/Src/syscalls.c.obj
                0x08005088                _close
 .text._fstat   0x080050a0       0x20 CMakeFiles/TEST11.dir/Core/Src/syscalls.c.obj
                0x080050a0                _fstat
 .text._isatty  0x080050c0       0x16 CMakeFiles/TEST11.dir/Core/Src/syscalls.c.obj
                0x080050c0                _isatty
 .text._lseek   0x080050d6       0x1a CMakeFiles/TEST11.dir/Core/Src/syscalls.c.obj
                0x080050d6                _lseek
 .text.readReg  0x080050f0       0x28 CMakeFiles/TEST11.dir/Core/LCD/bsp_LCD_ILI9341.c.obj
                0x080050f0                readReg
 .text.setCursor
                0x08005118       0x54 CMakeFiles/TEST11.dir/Core/LCD/bsp_LCD_ILI9341.c.obj
 .text.LCD_DrawPoint
                0x0800516c       0x64 CMakeFiles/TEST11.dir/Core/LCD/bsp_LCD_ILI9341.c.obj
                0x0800516c                LCD_DrawPoint
 .text.LCD_Init
                0x080051d0      0x44c CMakeFiles/TEST11.dir/Core/LCD/bsp_LCD_ILI9341.c.obj
                0x080051d0                LCD_Init
 .text.LCD_SetDir
                0x0800561c      0x150 CMakeFiles/TEST11.dir/Core/LCD/bsp_LCD_ILI9341.c.obj
                0x0800561c                LCD_SetDir
 .text.LCD_Fill
                0x0800576c       0x78 CMakeFiles/TEST11.dir/Core/LCD/bsp_LCD_ILI9341.c.obj
                0x0800576c                LCD_Fill
 .text.LCD_Line
                0x080057e4      0x10a CMakeFiles/TEST11.dir/Core/LCD/bsp_LCD_ILI9341.c.obj
                0x080057e4                LCD_Line
 *fill*         0x080058ee        0x2 
 .text.drawAscii
                0x080058f0      0x168 CMakeFiles/TEST11.dir/Core/LCD/bsp_LCD_ILI9341.c.obj
 .text.drawGBK  0x08005a58      0x118 CMakeFiles/TEST11.dir/Core/LCD/bsp_LCD_ILI9341.c.obj
 .text.LCD_String
                0x08005b70       0xe4 CMakeFiles/TEST11.dir/Core/LCD/bsp_LCD_ILI9341.c.obj
                0x08005b70                LCD_String
 .text.sendByte
                0x08005c54       0x70 CMakeFiles/TEST11.dir/Core/LCD/bsp_W25Q128.c.obj
 .text.readID   0x08005cc4      0x104 CMakeFiles/TEST11.dir/Core/LCD/bsp_W25Q128.c.obj
 .text.checkFlagGBKStorage
                0x08005dc8       0x6c CMakeFiles/TEST11.dir/Core/LCD/bsp_W25Q128.c.obj
 .text.W25Q128_Init
                0x08005e34       0xb4 CMakeFiles/TEST11.dir/Core/LCD/bsp_W25Q128.c.obj
                0x08005e34                W25Q128_Init
 .text.W25Q128_ReadData
                0x08005ee8       0x84 CMakeFiles/TEST11.dir/Core/LCD/bsp_W25Q128.c.obj
                0x08005ee8                W25Q128_ReadData
 .text.W25Q128_ReadFontData
                0x08005f6c      0x174 CMakeFiles/TEST11.dir/Core/LCD/bsp_W25Q128.c.obj
                0x08005f6c                W25Q128_ReadFontData
 .text.Reset_Handler
                0x080060e0       0x50 CMakeFiles/TEST11.dir/startup_stm32f407xx.s.obj
                0x080060e0                Reset_Handler
 .text.Default_Handler
                0x08006130        0x2 CMakeFiles/TEST11.dir/startup_stm32f407xx.s.obj
                0x08006130                RTC_Alarm_IRQHandler
                0x08006130                HASH_RNG_IRQHandler
                0x08006130                EXTI2_IRQHandler
                0x08006130                TIM8_CC_IRQHandler
                0x08006130                TIM1_CC_IRQHandler
                0x08006130                DMA2_Stream5_IRQHandler
                0x08006130                DMA1_Stream5_IRQHandler
                0x08006130                PVD_IRQHandler
                0x08006130                SDIO_IRQHandler
                0x08006130                TAMP_STAMP_IRQHandler
                0x08006130                CAN2_RX1_IRQHandler
                0x08006130                EXTI3_IRQHandler
                0x08006130                TIM8_TRG_COM_TIM14_IRQHandler
                0x08006130                TIM1_UP_TIM10_IRQHandler
                0x08006130                TIM8_UP_TIM13_IRQHandler
                0x08006130                I2C3_ER_IRQHandler
                0x08006130                EXTI0_IRQHandler
                0x08006130                I2C2_EV_IRQHandler
                0x08006130                DMA1_Stream2_IRQHandler
                0x08006130                CAN1_RX0_IRQHandler
                0x08006130                FPU_IRQHandler
                0x08006130                OTG_HS_WKUP_IRQHandler
                0x08006130                CAN2_SCE_IRQHandler
                0x08006130                DMA2_Stream2_IRQHandler
                0x08006130                SPI1_IRQHandler
                0x08006130                TIM1_BRK_TIM9_IRQHandler
                0x08006130                DCMI_IRQHandler
                0x08006130                CAN2_RX0_IRQHandler
                0x08006130                DMA2_Stream3_IRQHandler
                0x08006130                USART6_IRQHandler
                0x08006130                USART3_IRQHandler
                0x08006130                CAN1_RX1_IRQHandler
                0x08006130                UART5_IRQHandler
                0x08006130                I2C1_EV_IRQHandler
                0x08006130                DMA1_Stream6_IRQHandler
                0x08006130                DMA1_Stream1_IRQHandler
                0x08006130                UART4_IRQHandler
                0x08006130                RCC_IRQHandler
                0x08006130                TIM8_BRK_TIM12_IRQHandler
                0x08006130                Default_Handler
                0x08006130                EXTI15_10_IRQHandler
                0x08006130                ADC_IRQHandler
                0x08006130                DMA1_Stream7_IRQHandler
                0x08006130                TIM7_IRQHandler
                0x08006130                CAN2_TX_IRQHandler
                0x08006130                TIM5_IRQHandler
                0x08006130                DMA2_Stream7_IRQHandler
                0x08006130                I2C3_EV_IRQHandler
                0x08006130                RTC_WKUP_IRQHandler
                0x08006130                ETH_WKUP_IRQHandler
                0x08006130                SPI2_IRQHandler
                0x08006130                OTG_HS_EP1_IN_IRQHandler
                0x08006130                DMA1_Stream0_IRQHandler
                0x08006130                CAN1_TX_IRQHandler
                0x08006130                FSMC_IRQHandler
                0x08006130                ETH_IRQHandler
                0x08006130                OTG_HS_EP1_OUT_IRQHandler
                0x08006130                WWDG_IRQHandler
                0x08006130                OTG_FS_WKUP_IRQHandler
                0x08006130                TIM1_TRG_COM_TIM11_IRQHandler
                0x08006130                OTG_HS_IRQHandler
                0x08006130                EXTI1_IRQHandler
                0x08006130                USART2_IRQHandler
                0x08006130                I2C2_ER_IRQHandler
                0x08006130                DMA2_Stream1_IRQHandler
                0x08006130                CAN1_SCE_IRQHandler
                0x08006130                FLASH_IRQHandler
                0x08006130                DMA2_Stream4_IRQHandler
                0x08006130                USART1_IRQHandler
                0x08006130                OTG_FS_IRQHandler
                0x08006130                SPI3_IRQHandler
                0x08006130                DMA1_Stream4_IRQHandler
                0x08006130                I2C1_ER_IRQHandler
                0x08006130                DMA2_Stream6_IRQHandler
                0x08006130                DMA1_Stream3_IRQHandler
 *fill*         0x08006132        0x2 
 .text.__udivmoddi4
                0x08006134      0x2bc C:/arm-tools/xpack-arm-none-eabi-gcc-13.3.1-1.1/bin/../lib/gcc/arm-none-eabi/13.3.1/thumb/v7e-m+fp/hard\libgcc.a(_udivmoddi4.o)
                0x08006134                __udivmoddi4
 .text.__cvt    0x080063f0       0xca C:/arm-tools/xpack-arm-none-eabi-gcc-13.3.1-1.1/bin/../lib/gcc/arm-none-eabi/13.3.1/../../../../arm-none-eabi/lib/thumb/v7e-m+fp/hard\libg_nano.a(libc_a-nano-vfprintf_float.o)
                0x080063f0                __cvt
 .text.__exponent
                0x080064ba       0x74 C:/arm-tools/xpack-arm-none-eabi-gcc-13.3.1-1.1/bin/../lib/gcc/arm-none-eabi/13.3.1/../../../../arm-none-eabi/lib/thumb/v7e-m+fp/hard\libg_nano.a(libc_a-nano-vfprintf_float.o)
                0x080064ba                __exponent
 *fill*         0x0800652e        0x2 
 .text._printf_float
                0x08006530      0x454 C:/arm-tools/xpack-arm-none-eabi-gcc-13.3.1-1.1/bin/../lib/gcc/arm-none-eabi/13.3.1/../../../../arm-none-eabi/lib/thumb/v7e-m+fp/hard\libg_nano.a(libc_a-nano-vfprintf_float.o)
                0x08006530                _printf_float
 .text._printf_common
                0x08006984       0xda C:/arm-tools/xpack-arm-none-eabi-gcc-13.3.1-1.1/bin/../lib/gcc/arm-none-eabi/13.3.1/../../../../arm-none-eabi/lib/thumb/v7e-m+fp/hard\libg_nano.a(libc_a-nano-vfprintf_i.o)
                0x08006984                _printf_common
 *fill*         0x08006a5e        0x2 
 .text._printf_i
                0x08006a60      0x23c C:/arm-tools/xpack-arm-none-eabi-gcc-13.3.1-1.1/bin/../lib/gcc/arm-none-eabi/13.3.1/../../../../arm-none-eabi/lib/thumb/v7e-m+fp/hard\libg_nano.a(libc_a-nano-vfprintf_i.o)
                0x08006a60                _printf_i
 .text.std      0x08006c9c       0x6c C:/arm-tools/xpack-arm-none-eabi-gcc-13.3.1-1.1/bin/../lib/gcc/arm-none-eabi/13.3.1/../../../../arm-none-eabi/lib/thumb/v7e-m+fp/hard\libg_nano.a(libc_a-findfp.o)
 .text.stdio_exit_handler
                0x08006d08       0x18 C:/arm-tools/xpack-arm-none-eabi-gcc-13.3.1-1.1/bin/../lib/gcc/arm-none-eabi/13.3.1/../../../../arm-none-eabi/lib/thumb/v7e-m+fp/hard\libg_nano.a(libc_a-findfp.o)
 .text.cleanup_stdio
                0x08006d20       0x40 C:/arm-tools/xpack-arm-none-eabi-gcc-13.3.1-1.1/bin/../lib/gcc/arm-none-eabi/13.3.1/../../../../arm-none-eabi/lib/thumb/v7e-m+fp/hard\libg_nano.a(libc_a-findfp.o)
 .text.global_stdio_init.part.0
                0x08006d60       0x3c C:/arm-tools/xpack-arm-none-eabi-gcc-13.3.1-1.1/bin/../lib/gcc/arm-none-eabi/13.3.1/../../../../arm-none-eabi/lib/thumb/v7e-m+fp/hard\libg_nano.a(libc_a-findfp.o)
 .text.__sfp_lock_acquire
                0x08006d9c        0xc C:/arm-tools/xpack-arm-none-eabi-gcc-13.3.1-1.1/bin/../lib/gcc/arm-none-eabi/13.3.1/../../../../arm-none-eabi/lib/thumb/v7e-m+fp/hard\libg_nano.a(libc_a-findfp.o)
                0x08006d9c                __sfp_lock_acquire
 .text.__sfp_lock_release
                0x08006da8        0xc C:/arm-tools/xpack-arm-none-eabi-gcc-13.3.1-1.1/bin/../lib/gcc/arm-none-eabi/13.3.1/../../../../arm-none-eabi/lib/thumb/v7e-m+fp/hard\libg_nano.a(libc_a-findfp.o)
                0x08006da8                __sfp_lock_release
 .text.__sinit  0x08006db4       0x30 C:/arm-tools/xpack-arm-none-eabi-gcc-13.3.1-1.1/bin/../lib/gcc/arm-none-eabi/13.3.1/../../../../arm-none-eabi/lib/thumb/v7e-m+fp/hard\libg_nano.a(libc_a-findfp.o)
                0x08006db4                __sinit
 .text._fwalk_sglue
                0x08006de4       0x3c C:/arm-tools/xpack-arm-none-eabi-gcc-13.3.1-1.1/bin/../lib/gcc/arm-none-eabi/13.3.1/../../../../arm-none-eabi/lib/thumb/v7e-m+fp/hard\libg_nano.a(libc_a-fwalk.o)
                0x08006de4                _fwalk_sglue
 .text.snprintf
                0x08006e20       0x6c C:/arm-tools/xpack-arm-none-eabi-gcc-13.3.1-1.1/bin/../lib/gcc/arm-none-eabi/13.3.1/../../../../arm-none-eabi/lib/thumb/v7e-m+fp/hard\libg_nano.a(libc_a-snprintf.o)
                0x08006e20                sniprintf
                0x08006e20                snprintf
 .text.sprintf  0x08006e8c       0x44 C:/arm-tools/xpack-arm-none-eabi-gcc-13.3.1-1.1/bin/../lib/gcc/arm-none-eabi/13.3.1/../../../../arm-none-eabi/lib/thumb/v7e-m+fp/hard\libg_nano.a(libc_a-sprintf.o)
                0x08006e8c                siprintf
                0x08006e8c                sprintf
 .text.__sread  0x08006ed0       0x22 C:/arm-tools/xpack-arm-none-eabi-gcc-13.3.1-1.1/bin/../lib/gcc/arm-none-eabi/13.3.1/../../../../arm-none-eabi/lib/thumb/v7e-m+fp/hard\libg_nano.a(libc_a-stdio.o)
                0x08006ed0                __sread
 .text.__swrite
                0x08006ef2       0x38 C:/arm-tools/xpack-arm-none-eabi-gcc-13.3.1-1.1/bin/../lib/gcc/arm-none-eabi/13.3.1/../../../../arm-none-eabi/lib/thumb/v7e-m+fp/hard\libg_nano.a(libc_a-stdio.o)
                0x08006ef2                __swrite
 .text.__sseek  0x08006f2a       0x24 C:/arm-tools/xpack-arm-none-eabi-gcc-13.3.1-1.1/bin/../lib/gcc/arm-none-eabi/13.3.1/../../../../arm-none-eabi/lib/thumb/v7e-m+fp/hard\libg_nano.a(libc_a-stdio.o)
                0x08006f2a                __sseek
 .text.__sclose
                0x08006f4e        0x8 C:/arm-tools/xpack-arm-none-eabi-gcc-13.3.1-1.1/bin/../lib/gcc/arm-none-eabi/13.3.1/../../../../arm-none-eabi/lib/thumb/v7e-m+fp/hard\libg_nano.a(libc_a-stdio.o)
                0x08006f4e                __sclose
 .text.memset   0x08006f56       0x10 C:/arm-tools/xpack-arm-none-eabi-gcc-13.3.1-1.1/bin/../lib/gcc/arm-none-eabi/13.3.1/../../../../arm-none-eabi/lib/thumb/v7e-m+fp/hard\libg_nano.a(libc_a-memset.o)
                0x08006f56                memset
 *fill*         0x08006f66        0x2 
 .text._localeconv_r
                0x08006f68        0x8 C:/arm-tools/xpack-arm-none-eabi-gcc-13.3.1-1.1/bin/../lib/gcc/arm-none-eabi/13.3.1/../../../../arm-none-eabi/lib/thumb/v7e-m+fp/hard\libg_nano.a(libc_a-localeconv.o)
                0x08006f68                _localeconv_r
 .text._close_r
                0x08006f70       0x20 C:/arm-tools/xpack-arm-none-eabi-gcc-13.3.1-1.1/bin/../lib/gcc/arm-none-eabi/13.3.1/../../../../arm-none-eabi/lib/thumb/v7e-m+fp/hard\libg_nano.a(libc_a-closer.o)
                0x08006f70                _close_r
 .text._lseek_r
                0x08006f90       0x24 C:/arm-tools/xpack-arm-none-eabi-gcc-13.3.1-1.1/bin/../lib/gcc/arm-none-eabi/13.3.1/../../../../arm-none-eabi/lib/thumb/v7e-m+fp/hard\libg_nano.a(libc_a-lseekr.o)
                0x08006f90                _lseek_r
 .text._read_r  0x08006fb4       0x24 C:/arm-tools/xpack-arm-none-eabi-gcc-13.3.1-1.1/bin/../lib/gcc/arm-none-eabi/13.3.1/../../../../arm-none-eabi/lib/thumb/v7e-m+fp/hard\libg_nano.a(libc_a-readr.o)
                0x08006fb4                _read_r
 .text._write_r
                0x08006fd8       0x24 C:/arm-tools/xpack-arm-none-eabi-gcc-13.3.1-1.1/bin/../lib/gcc/arm-none-eabi/13.3.1/../../../../arm-none-eabi/lib/thumb/v7e-m+fp/hard\libg_nano.a(libc_a-writer.o)
                0x08006fd8                _write_r
 .text.__errno  0x08006ffc        0xc C:/arm-tools/xpack-arm-none-eabi-gcc-13.3.1-1.1/bin/../lib/gcc/arm-none-eabi/13.3.1/../../../../arm-none-eabi/lib/thumb/v7e-m+fp/hard\libg_nano.a(libc_a-errno.o)
                0x08006ffc                __errno
 .text.__libc_init_array
                0x08007008       0x48 C:/arm-tools/xpack-arm-none-eabi-gcc-13.3.1-1.1/bin/../lib/gcc/arm-none-eabi/13.3.1/../../../../arm-none-eabi/lib/thumb/v7e-m+fp/hard\libg_nano.a(libc_a-init.o)
                0x08007008                __libc_init_array
 .text.__retarget_lock_init_recursive
                0x08007050        0x2 C:/arm-tools/xpack-arm-none-eabi-gcc-13.3.1-1.1/bin/../lib/gcc/arm-none-eabi/13.3.1/../../../../arm-none-eabi/lib/thumb/v7e-m+fp/hard\libg_nano.a(libc_a-lock.o)
                0x08007050                __retarget_lock_init_recursive
 .text.__retarget_lock_acquire_recursive
                0x08007052        0x2 C:/arm-tools/xpack-arm-none-eabi-gcc-13.3.1-1.1/bin/../lib/gcc/arm-none-eabi/13.3.1/../../../../arm-none-eabi/lib/thumb/v7e-m+fp/hard\libg_nano.a(libc_a-lock.o)
                0x08007052                __retarget_lock_acquire_recursive
 .text.__retarget_lock_release_recursive
                0x08007054        0x2 C:/arm-tools/xpack-arm-none-eabi-gcc-13.3.1-1.1/bin/../lib/gcc/arm-none-eabi/13.3.1/../../../../arm-none-eabi/lib/thumb/v7e-m+fp/hard\libg_nano.a(libc_a-lock.o)
                0x08007054                __retarget_lock_release_recursive
 .text.quorem   0x08007056      0x110 C:/arm-tools/xpack-arm-none-eabi-gcc-13.3.1-1.1/bin/../lib/gcc/arm-none-eabi/13.3.1/../../../../arm-none-eabi/lib/thumb/v7e-m+fp/hard\libg_nano.a(libc_a-dtoa.o)
 *fill*         0x08007166        0x2 
 .text._dtoa_r  0x08007168      0xb74 C:/arm-tools/xpack-arm-none-eabi-gcc-13.3.1-1.1/bin/../lib/gcc/arm-none-eabi/13.3.1/../../../../arm-none-eabi/lib/thumb/v7e-m+fp/hard\libg_nano.a(libc_a-dtoa.o)
                0x08007168                _dtoa_r
 .text._free_r  0x08007cdc       0x94 C:/arm-tools/xpack-arm-none-eabi-gcc-13.3.1-1.1/bin/../lib/gcc/arm-none-eabi/13.3.1/../../../../arm-none-eabi/lib/thumb/v7e-m+fp/hard\libg_nano.a(libc_a-freer.o)
                0x08007cdc                _free_r
 .text.malloc   0x08007d70       0x10 C:/arm-tools/xpack-arm-none-eabi-gcc-13.3.1-1.1/bin/../lib/gcc/arm-none-eabi/13.3.1/../../../../arm-none-eabi/lib/thumb/v7e-m+fp/hard\libg_nano.a(libc_a-malloc.o)
                0x08007d70                malloc
 .text.sbrk_aligned
                0x08007d80       0x44 C:/arm-tools/xpack-arm-none-eabi-gcc-13.3.1-1.1/bin/../lib/gcc/arm-none-eabi/13.3.1/../../../../arm-none-eabi/lib/thumb/v7e-m+fp/hard\libg_nano.a(libc_a-mallocr.o)
 .text._malloc_r
                0x08007dc4      0x100 C:/arm-tools/xpack-arm-none-eabi-gcc-13.3.1-1.1/bin/../lib/gcc/arm-none-eabi/13.3.1/../../../../arm-none-eabi/lib/thumb/v7e-m+fp/hard\libg_nano.a(libc_a-mallocr.o)
                0x08007dc4                _malloc_r
 .text.__malloc_lock
                0x08007ec4        0xc C:/arm-tools/xpack-arm-none-eabi-gcc-13.3.1-1.1/bin/../lib/gcc/arm-none-eabi/13.3.1/../../../../arm-none-eabi/lib/thumb/v7e-m+fp/hard\libg_nano.a(libc_a-mlock.o)
                0x08007ec4                __malloc_lock
 .text.__malloc_unlock
                0x08007ed0        0xc C:/arm-tools/xpack-arm-none-eabi-gcc-13.3.1-1.1/bin/../lib/gcc/arm-none-eabi/13.3.1/../../../../arm-none-eabi/lib/thumb/v7e-m+fp/hard\libg_nano.a(libc_a-mlock.o)
                0x08007ed0                __malloc_unlock
 .text._Balloc  0x08007edc       0x80 C:/arm-tools/xpack-arm-none-eabi-gcc-13.3.1-1.1/bin/../lib/gcc/arm-none-eabi/13.3.1/../../../../arm-none-eabi/lib/thumb/v7e-m+fp/hard\libg_nano.a(libc_a-mprec.o)
                0x08007edc                _Balloc
 .text._Bfree   0x08007f5c       0x44 C:/arm-tools/xpack-arm-none-eabi-gcc-13.3.1-1.1/bin/../lib/gcc/arm-none-eabi/13.3.1/../../../../arm-none-eabi/lib/thumb/v7e-m+fp/hard\libg_nano.a(libc_a-mprec.o)
                0x08007f5c                _Bfree
 .text.__multadd
                0x08007fa0       0x8c C:/arm-tools/xpack-arm-none-eabi-gcc-13.3.1-1.1/bin/../lib/gcc/arm-none-eabi/13.3.1/../../../../arm-none-eabi/lib/thumb/v7e-m+fp/hard\libg_nano.a(libc_a-mprec.o)
                0x08007fa0                __multadd
 .text.__hi0bits
                0x0800802c       0x3e C:/arm-tools/xpack-arm-none-eabi-gcc-13.3.1-1.1/bin/../lib/gcc/arm-none-eabi/13.3.1/../../../../arm-none-eabi/lib/thumb/v7e-m+fp/hard\libg_nano.a(libc_a-mprec.o)
                0x0800802c                __hi0bits
 .text.__lo0bits
                0x0800806a       0x5a C:/arm-tools/xpack-arm-none-eabi-gcc-13.3.1-1.1/bin/../lib/gcc/arm-none-eabi/13.3.1/../../../../arm-none-eabi/lib/thumb/v7e-m+fp/hard\libg_nano.a(libc_a-mprec.o)
                0x0800806a                __lo0bits
 .text.__i2b    0x080080c4       0x2c C:/arm-tools/xpack-arm-none-eabi-gcc-13.3.1-1.1/bin/../lib/gcc/arm-none-eabi/13.3.1/../../../../arm-none-eabi/lib/thumb/v7e-m+fp/hard\libg_nano.a(libc_a-mprec.o)
                0x080080c4                __i2b
 .text.__multiply
                0x080080f0      0x144 C:/arm-tools/xpack-arm-none-eabi-gcc-13.3.1-1.1/bin/../lib/gcc/arm-none-eabi/13.3.1/../../../../arm-none-eabi/lib/thumb/v7e-m+fp/hard\libg_nano.a(libc_a-mprec.o)
                0x080080f0                __multiply
 .text.__pow5mult
                0x08008234       0xb4 C:/arm-tools/xpack-arm-none-eabi-gcc-13.3.1-1.1/bin/../lib/gcc/arm-none-eabi/13.3.1/../../../../arm-none-eabi/lib/thumb/v7e-m+fp/hard\libg_nano.a(libc_a-mprec.o)
                0x08008234                __pow5mult
 .text.__lshift
                0x080082e8       0xd8 C:/arm-tools/xpack-arm-none-eabi-gcc-13.3.1-1.1/bin/../lib/gcc/arm-none-eabi/13.3.1/../../../../arm-none-eabi/lib/thumb/v7e-m+fp/hard\libg_nano.a(libc_a-mprec.o)
                0x080082e8                __lshift
 .text.__mcmp   0x080083c0       0x36 C:/arm-tools/xpack-arm-none-eabi-gcc-13.3.1-1.1/bin/../lib/gcc/arm-none-eabi/13.3.1/../../../../arm-none-eabi/lib/thumb/v7e-m+fp/hard\libg_nano.a(libc_a-mprec.o)
                0x080083c0                __mcmp
 *fill*         0x080083f6        0x2 
 .text.__mdiff  0x080083f8      0x128 C:/arm-tools/xpack-arm-none-eabi-gcc-13.3.1-1.1/bin/../lib/gcc/arm-none-eabi/13.3.1/../../../../arm-none-eabi/lib/thumb/v7e-m+fp/hard\libg_nano.a(libc_a-mprec.o)
                0x080083f8                __mdiff
 .text.__d2b    0x08008520       0xb0 C:/arm-tools/xpack-arm-none-eabi-gcc-13.3.1-1.1/bin/../lib/gcc/arm-none-eabi/13.3.1/../../../../arm-none-eabi/lib/thumb/v7e-m+fp/hard\libg_nano.a(libc_a-mprec.o)
                0x08008520                __d2b
 .text.__ssputs_r
                0x080085d0       0xb6 C:/arm-tools/xpack-arm-none-eabi-gcc-13.3.1-1.1/bin/../lib/gcc/arm-none-eabi/13.3.1/../../../../arm-none-eabi/lib/thumb/v7e-m+fp/hard\libg_nano.a(libc_a-nano-svfprintf.o)
                0x080085d0                __ssputs_r
 *fill*         0x08008686        0x2 
 .text._svfprintf_r
                0x08008688      0x1f8 C:/arm-tools/xpack-arm-none-eabi-gcc-13.3.1-1.1/bin/../lib/gcc/arm-none-eabi/13.3.1/../../../../arm-none-eabi/lib/thumb/v7e-m+fp/hard\libg_nano.a(libc_a-nano-svfprintf.o)
                0x08008688                _svfiprintf_r
                0x08008688                _svfprintf_r
 .text.__sflush_r
                0x08008880      0x108 C:/arm-tools/xpack-arm-none-eabi-gcc-13.3.1-1.1/bin/../lib/gcc/arm-none-eabi/13.3.1/../../../../arm-none-eabi/lib/thumb/v7e-m+fp/hard\libg_nano.a(libc_a-fflush.o)
                0x08008880                __sflush_r
 .text._fflush_r
                0x08008988       0x50 C:/arm-tools/xpack-arm-none-eabi-gcc-13.3.1-1.1/bin/../lib/gcc/arm-none-eabi/13.3.1/../../../../arm-none-eabi/lib/thumb/v7e-m+fp/hard\libg_nano.a(libc_a-fflush.o)
                0x08008988                _fflush_r
 .text.memmove  0x080089d8       0x34 C:/arm-tools/xpack-arm-none-eabi-gcc-13.3.1-1.1/bin/../lib/gcc/arm-none-eabi/13.3.1/../../../../arm-none-eabi/lib/thumb/v7e-m+fp/hard\libg_nano.a(libc_a-memmove.o)
                0x080089d8                memmove
 .text._sbrk_r  0x08008a0c       0x20 C:/arm-tools/xpack-arm-none-eabi-gcc-13.3.1-1.1/bin/../lib/gcc/arm-none-eabi/13.3.1/../../../../arm-none-eabi/lib/thumb/v7e-m+fp/hard\libg_nano.a(libc_a-sbrkr.o)
                0x08008a0c                _sbrk_r
 .text.memcpy   0x08008a2c       0x1c C:/arm-tools/xpack-arm-none-eabi-gcc-13.3.1-1.1/bin/../lib/gcc/arm-none-eabi/13.3.1/../../../../arm-none-eabi/lib/thumb/v7e-m+fp/hard\libg_nano.a(libc_a-memcpy-stub.o)
                0x08008a2c                memcpy
 .text.__assert_func
                0x08008a48       0x3c C:/arm-tools/xpack-arm-none-eabi-gcc-13.3.1-1.1/bin/../lib/gcc/arm-none-eabi/13.3.1/../../../../arm-none-eabi/lib/thumb/v7e-m+fp/hard\libg_nano.a(libc_a-assert.o)
                0x08008a48                __assert_func
 .text._calloc_r
                0x08008a84       0x28 C:/arm-tools/xpack-arm-none-eabi-gcc-13.3.1-1.1/bin/../lib/gcc/arm-none-eabi/13.3.1/../../../../arm-none-eabi/lib/thumb/v7e-m+fp/hard\libg_nano.a(libc_a-callocr.o)
                0x08008a84                _calloc_r
 .text.__ascii_mbtowc
                0x08008aac       0x24 C:/arm-tools/xpack-arm-none-eabi-gcc-13.3.1-1.1/bin/../lib/gcc/arm-none-eabi/13.3.1/../../../../arm-none-eabi/lib/thumb/v7e-m+fp/hard\libg_nano.a(libc_a-mbtowc_r.o)
                0x08008aac                __ascii_mbtowc
 .text._realloc_r
                0x08008ad0       0x5c C:/arm-tools/xpack-arm-none-eabi-gcc-13.3.1-1.1/bin/../lib/gcc/arm-none-eabi/13.3.1/../../../../arm-none-eabi/lib/thumb/v7e-m+fp/hard\libg_nano.a(libc_a-reallocr.o)
                0x08008ad0                _realloc_r
 .text.__ascii_wctomb
                0x08008b2c       0x1a C:/arm-tools/xpack-arm-none-eabi-gcc-13.3.1-1.1/bin/../lib/gcc/arm-none-eabi/13.3.1/../../../../arm-none-eabi/lib/thumb/v7e-m+fp/hard\libg_nano.a(libc_a-wctomb_r.o)
                0x08008b2c                __ascii_wctomb
 *fill*         0x08008b46        0x2 
 .text.fprintf  0x08008b48       0x24 C:/arm-tools/xpack-arm-none-eabi-gcc-13.3.1-1.1/bin/../lib/gcc/arm-none-eabi/13.3.1/../../../../arm-none-eabi/lib/thumb/v7e-m+fp/hard\libg_nano.a(libc_a-fprintf.o)
                0x08008b48                fiprintf
                0x08008b48                fprintf
 .text.abort    0x08008b6c        0xe C:/arm-tools/xpack-arm-none-eabi-gcc-13.3.1-1.1/bin/../lib/gcc/arm-none-eabi/13.3.1/../../../../arm-none-eabi/lib/thumb/v7e-m+fp/hard\libg_nano.a(libc_a-abort.o)
                0x08008b6c                abort
 .text._malloc_usable_size_r
                0x08008b7a       0x10 C:/arm-tools/xpack-arm-none-eabi-gcc-13.3.1-1.1/bin/../lib/gcc/arm-none-eabi/13.3.1/../../../../arm-none-eabi/lib/thumb/v7e-m+fp/hard\libg_nano.a(libc_a-msizer.o)
                0x08008b7a                _malloc_usable_size_r
 .text.__sfputc_r
                0x08008b8a       0x2e C:/arm-tools/xpack-arm-none-eabi-gcc-13.3.1-1.1/bin/../lib/gcc/arm-none-eabi/13.3.1/../../../../arm-none-eabi/lib/thumb/v7e-m+fp/hard\libg_nano.a(libc_a-nano-vfprintf.o)
 .text.__sfputs_r
                0x08008bb8       0x24 C:/arm-tools/xpack-arm-none-eabi-gcc-13.3.1-1.1/bin/../lib/gcc/arm-none-eabi/13.3.1/../../../../arm-none-eabi/lib/thumb/v7e-m+fp/hard\libg_nano.a(libc_a-nano-vfprintf.o)
                0x08008bb8                __sfputs_r
 .text._vfprintf_r
                0x08008bdc      0x230 C:/arm-tools/xpack-arm-none-eabi-gcc-13.3.1-1.1/bin/../lib/gcc/arm-none-eabi/13.3.1/../../../../arm-none-eabi/lib/thumb/v7e-m+fp/hard\libg_nano.a(libc_a-nano-vfprintf.o)
                0x08008bdc                _vfprintf_r
                0x08008bdc                _vfiprintf_r
 .text.__swbuf_r
                0x08008e0c       0x7c C:/arm-tools/xpack-arm-none-eabi-gcc-13.3.1-1.1/bin/../lib/gcc/arm-none-eabi/13.3.1/../../../../arm-none-eabi/lib/thumb/v7e-m+fp/hard\libg_nano.a(libc_a-wbuf.o)
                0x08008e0c                __swbuf_r
 .text.__swsetup_r
                0x08008e88       0xac C:/arm-tools/xpack-arm-none-eabi-gcc-13.3.1-1.1/bin/../lib/gcc/arm-none-eabi/13.3.1/../../../../arm-none-eabi/lib/thumb/v7e-m+fp/hard\libg_nano.a(libc_a-wsetup.o)
                0x08008e88                __swsetup_r
 .text._raise_r
                0x08008f34       0x50 C:/arm-tools/xpack-arm-none-eabi-gcc-13.3.1-1.1/bin/../lib/gcc/arm-none-eabi/13.3.1/../../../../arm-none-eabi/lib/thumb/v7e-m+fp/hard\libg_nano.a(libc_a-signal.o)
                0x08008f34                _raise_r
 .text.raise    0x08008f84       0x10 C:/arm-tools/xpack-arm-none-eabi-gcc-13.3.1-1.1/bin/../lib/gcc/arm-none-eabi/13.3.1/../../../../arm-none-eabi/lib/thumb/v7e-m+fp/hard\libg_nano.a(libc_a-signal.o)
                0x08008f84                raise
 .text._kill_r  0x08008f94       0x24 C:/arm-tools/xpack-arm-none-eabi-gcc-13.3.1-1.1/bin/../lib/gcc/arm-none-eabi/13.3.1/../../../../arm-none-eabi/lib/thumb/v7e-m+fp/hard\libg_nano.a(libc_a-signalr.o)
                0x08008f94                _kill_r
 .text._getpid_r
                0x08008fb8        0x4 C:/arm-tools/xpack-arm-none-eabi-gcc-13.3.1-1.1/bin/../lib/gcc/arm-none-eabi/13.3.1/../../../../arm-none-eabi/lib/thumb/v7e-m+fp/hard\libg_nano.a(libc_a-signalr.o)
                0x08008fb8                _getpid_r
 .text.__swhatbuf_r
                0x08008fbc       0x4c C:/arm-tools/xpack-arm-none-eabi-gcc-13.3.1-1.1/bin/../lib/gcc/arm-none-eabi/13.3.1/../../../../arm-none-eabi/lib/thumb/v7e-m+fp/hard\libg_nano.a(libc_a-makebuf.o)
                0x08008fbc                __swhatbuf_r
 .text.__smakebuf_r
                0x08009008       0x78 C:/arm-tools/xpack-arm-none-eabi-gcc-13.3.1-1.1/bin/../lib/gcc/arm-none-eabi/13.3.1/../../../../arm-none-eabi/lib/thumb/v7e-m+fp/hard\libg_nano.a(libc_a-makebuf.o)
                0x08009008                __smakebuf_r
 .text._fstat_r
                0x08009080       0x24 C:/arm-tools/xpack-arm-none-eabi-gcc-13.3.1-1.1/bin/../lib/gcc/arm-none-eabi/13.3.1/../../../../arm-none-eabi/lib/thumb/v7e-m+fp/hard\libg_nano.a(libc_a-fstatr.o)
                0x08009080                _fstat_r
 .text._isatty_r
                0x080090a4       0x20 C:/arm-tools/xpack-arm-none-eabi-gcc-13.3.1-1.1/bin/../lib/gcc/arm-none-eabi/13.3.1/../../../../arm-none-eabi/lib/thumb/v7e-m+fp/hard\libg_nano.a(libc_a-isattyr.o)
                0x080090a4                _isatty_r
 *(.glue_7)
 .glue_7        0x080090c4        0x0 linker stubs
 *(.glue_7t)
 .glue_7t       0x080090c4        0x0 linker stubs
 *(.eh_frame)
 .eh_frame      0x080090c4        0x0 C:/arm-tools/xpack-arm-none-eabi-gcc-13.3.1-1.1/bin/../lib/gcc/arm-none-eabi/13.3.1/thumb/v7e-m+fp/hard/crtbegin.o
 *(.init)
 .init          0x080090c4        0x4 C:/arm-tools/xpack-arm-none-eabi-gcc-13.3.1-1.1/bin/../lib/gcc/arm-none-eabi/13.3.1/thumb/v7e-m+fp/hard/crti.o
                0x080090c4                _init
 .init          0x080090c8        0x8 C:/arm-tools/xpack-arm-none-eabi-gcc-13.3.1-1.1/bin/../lib/gcc/arm-none-eabi/13.3.1/thumb/v7e-m+fp/hard/crtn.o
 *(.fini)
 .fini          0x080090d0        0x4 C:/arm-tools/xpack-arm-none-eabi-gcc-13.3.1-1.1/bin/../lib/gcc/arm-none-eabi/13.3.1/thumb/v7e-m+fp/hard/crti.o
                0x080090d0                _fini
 .fini          0x080090d4        0x8 C:/arm-tools/xpack-arm-none-eabi-gcc-13.3.1-1.1/bin/../lib/gcc/arm-none-eabi/13.3.1/thumb/v7e-m+fp/hard/crtn.o
                0x080090dc                        . = ALIGN (0x4)
                0x080090dc                        _etext = .

.vfp11_veneer   0x080090dc        0x0
 .vfp11_veneer  0x080090dc        0x0 linker stubs

.v4_bx          0x080090dc        0x0
 .v4_bx         0x080090dc        0x0 linker stubs

.iplt           0x080090dc        0x0
 .iplt          0x080090dc        0x0 C:/arm-tools/xpack-arm-none-eabi-gcc-13.3.1-1.1/bin/../lib/gcc/arm-none-eabi/13.3.1/thumb/v7e-m+fp/hard/crtbegin.o

.rodata         0x080090e0     0x34e4
                0x080090e0                        . = ALIGN (0x4)
 *(.rodata)
 .rodata        0x080090e0       0xe4 CMakeFiles/TEST11.dir/Core/Src/main.c.obj
 .rodata        0x080091c4        0x5 CMakeFiles/TEST11.dir/Core/Src/uart.c.obj
 *fill*         0x080091c9        0x3 
 .rodata        0x080091cc       0x3d CMakeFiles/TEST11.dir/Core/LCD/bsp_W25Q128.c.obj
 *(.rodata*)
 *fill*         0x08009209        0x3 
 .rodata.AHBPrescTable
                0x0800920c       0x10 cmake/stm32cubemx/CMakeFiles/STM32_Drivers.dir/__/__/Core/Src/system_stm32f4xx.c.obj
                0x0800920c                AHBPrescTable
 .rodata.APBPrescTable
                0x0800921c        0x8 cmake/stm32cubemx/CMakeFiles/STM32_Drivers.dir/__/__/Core/Src/system_stm32f4xx.c.obj
                0x0800921c                APBPrescTable
 .rodata.flagBitshiftOffset.0
                0x08009224        0x8 cmake/stm32cubemx/CMakeFiles/STM32_Drivers.dir/__/__/Drivers/STM32F4xx_HAL_Driver/Src/stm32f4xx_hal_dma.c.obj
 .rodata.STR_TITLE
                0x0800922c        0xc CMakeFiles/TEST11.dir/Core/Src/main.c.obj
 .rodata.STR_PHOTO
                0x08009238        0xd CMakeFiles/TEST11.dir/Core/Src/main.c.obj
 *fill*         0x08009245        0x3 
 .rodata.STR_VOLTAGE
                0x08009248        0x6 CMakeFiles/TEST11.dir/Core/Src/main.c.obj
 *fill*         0x0800924e        0x2 
 .rodata.STR_NOISE
                0x08009250        0x7 CMakeFiles/TEST11.dir/Core/Src/main.c.obj
 *fill*         0x08009257        0x1 
 .rodata.STR_TRIANGLE
                0x08009258        0x7 CMakeFiles/TEST11.dir/Core/Src/main.c.obj
 *fill*         0x0800925f        0x1 
 .rodata.STR_DAC_MODE
                0x08009260        0x9 CMakeFiles/TEST11.dir/Core/Src/main.c.obj
 *fill*         0x08009269        0x3 
 .rodata.STR_KEY_HINT
                0x0800926c       0x10 CMakeFiles/TEST11.dir/Core/Src/main.c.obj
 .rodata.aFontASCII12
                0x0800927c      0x474 CMakeFiles/TEST11.dir/Core/LCD/bsp_LCD_ILI9341.c.obj
                0x0800927c                aFontASCII12
 .rodata.aFontASCII16
                0x080096f0      0x5f0 CMakeFiles/TEST11.dir/Core/LCD/bsp_LCD_ILI9341.c.obj
                0x080096f0                aFontASCII16
 .rodata.aFontASCII24
                0x08009ce0      0xd5c CMakeFiles/TEST11.dir/Core/LCD/bsp_LCD_ILI9341.c.obj
                0x08009ce0                aFontASCII24
 .rodata.aFontASCII32
                0x0800aa3c     0x17c0 CMakeFiles/TEST11.dir/Core/LCD/bsp_LCD_ILI9341.c.obj
                0x0800aa3c                aFontASCII32
 .rodata._printf_float.str1.1
                0x0800c1fc      0x1c5 C:/arm-tools/xpack-arm-none-eabi-gcc-13.3.1-1.1/bin/../lib/gcc/arm-none-eabi/13.3.1/../../../../arm-none-eabi/lib/thumb/v7e-m+fp/hard\libg_nano.a(libc_a-nano-vfprintf_float.o)
                                 0x12 (size before relaxing)
 .rodata._printf_i.str1.1
                0x0800c3c1       0x22 C:/arm-tools/xpack-arm-none-eabi-gcc-13.3.1-1.1/bin/../lib/gcc/arm-none-eabi/13.3.1/../../../../arm-none-eabi/lib/thumb/v7e-m+fp/hard\libg_nano.a(libc_a-nano-vfprintf_i.o)
 .rodata._dtoa_r.str1.1
                0x0800c3c1       0xb9 C:/arm-tools/xpack-arm-none-eabi-gcc-13.3.1-1.1/bin/../lib/gcc/arm-none-eabi/13.3.1/../../../../arm-none-eabi/lib/thumb/v7e-m+fp/hard\libg_nano.a(libc_a-dtoa.o)
 .rodata._Balloc.str1.1
                0x0800c3c1       0x9a C:/arm-tools/xpack-arm-none-eabi-gcc-13.3.1-1.1/bin/../lib/gcc/arm-none-eabi/13.3.1/../../../../arm-none-eabi/lib/thumb/v7e-m+fp/hard\libg_nano.a(libc_a-mprec.o)
 .rodata.__multadd.str1.1
                0x0800c3c1       0x11 C:/arm-tools/xpack-arm-none-eabi-gcc-13.3.1-1.1/bin/../lib/gcc/arm-none-eabi/13.3.1/../../../../arm-none-eabi/lib/thumb/v7e-m+fp/hard\libg_nano.a(libc_a-mprec.o)
 *fill*         0x0800c3c1        0x3 
 .rodata.p05.0  0x0800c3c4        0xc C:/arm-tools/xpack-arm-none-eabi-gcc-13.3.1-1.1/bin/../lib/gcc/arm-none-eabi/13.3.1/../../../../arm-none-eabi/lib/thumb/v7e-m+fp/hard\libg_nano.a(libc_a-mprec.o)
 .rodata.__mprec_bigtens
                0x0800c3d0       0x28 C:/arm-tools/xpack-arm-none-eabi-gcc-13.3.1-1.1/bin/../lib/gcc/arm-none-eabi/13.3.1/../../../../arm-none-eabi/lib/thumb/v7e-m+fp/hard\libg_nano.a(libc_a-mprec.o)
                0x0800c3d0                __mprec_bigtens
 .rodata.__mprec_tens
                0x0800c3f8       0xc8 C:/arm-tools/xpack-arm-none-eabi-gcc-13.3.1-1.1/bin/../lib/gcc/arm-none-eabi/13.3.1/../../../../arm-none-eabi/lib/thumb/v7e-m+fp/hard\libg_nano.a(libc_a-mprec.o)
                0x0800c3f8                __mprec_tens
 .rodata._svfprintf_r.str1.1
                0x0800c4c0       0x11 C:/arm-tools/xpack-arm-none-eabi-gcc-13.3.1-1.1/bin/../lib/gcc/arm-none-eabi/13.3.1/../../../../arm-none-eabi/lib/thumb/v7e-m+fp/hard\libg_nano.a(libc_a-nano-svfprintf.o)
 .rodata._setlocale_r.str1.1
                0x0800c4c0        0x9 C:/arm-tools/xpack-arm-none-eabi-gcc-13.3.1-1.1/bin/../lib/gcc/arm-none-eabi/13.3.1/../../../../arm-none-eabi/lib/thumb/v7e-m+fp/hard\libg_nano.a(libc_a-locale.o)
 .rodata.str1.1
                0x0800c4c0        0x2 C:/arm-tools/xpack-arm-none-eabi-gcc-13.3.1-1.1/bin/../lib/gcc/arm-none-eabi/13.3.1/../../../../arm-none-eabi/lib/thumb/v7e-m+fp/hard\libg_nano.a(libc_a-locale.o)
 .rodata.__assert_func.str1.1
                0x0800c4c0       0x3d C:/arm-tools/xpack-arm-none-eabi-gcc-13.3.1-1.1/bin/../lib/gcc/arm-none-eabi/13.3.1/../../../../arm-none-eabi/lib/thumb/v7e-m+fp/hard\libg_nano.a(libc_a-assert.o)
 .rodata._ctype_
                0x0800c4c0      0x101 C:/arm-tools/xpack-arm-none-eabi-gcc-13.3.1-1.1/bin/../lib/gcc/arm-none-eabi/13.3.1/../../../../arm-none-eabi/lib/thumb/v7e-m+fp/hard\libg_nano.a(libc_a-ctype_.o)
                0x0800c4c0                _ctype_
 .rodata._vfprintf_r.str1.1
                0x0800c5c1       0x11 C:/arm-tools/xpack-arm-none-eabi-gcc-13.3.1-1.1/bin/../lib/gcc/arm-none-eabi/13.3.1/../../../../arm-none-eabi/lib/thumb/v7e-m+fp/hard\libg_nano.a(libc_a-nano-vfprintf.o)
                0x0800c5d4                        . = ALIGN (0x4)
 *fill*         0x0800c5c1        0x3 

.ARM.extab      0x0800c5c4        0x0
                0x0800c5c4                        . = ALIGN (0x4)
 *(.ARM.extab* .gnu.linkonce.armextab.*)
                0x0800c5c4                        . = ALIGN (0x4)

.ARM            0x0800c5c4        0x8
                0x0800c5c4                        . = ALIGN (0x4)
                0x0800c5c4                        __exidx_start = .
 *(.ARM.exidx*)
 .ARM.exidx     0x0800c5c4        0x8 C:/arm-tools/xpack-arm-none-eabi-gcc-13.3.1-1.1/bin/../lib/gcc/arm-none-eabi/13.3.1/../../../../arm-none-eabi/lib/thumb/v7e-m+fp/hard\libg_nano.a(libc_a-memchr.o)
 .ARM.exidx     0x0800c5cc        0x0 C:/arm-tools/xpack-arm-none-eabi-gcc-13.3.1-1.1/bin/../lib/gcc/arm-none-eabi/13.3.1/../../../../arm-none-eabi/lib/thumb/v7e-m+fp/hard\libg_nano.a(libc_a-strlen.o)
                                  0x8 (size before relaxing)
 .ARM.exidx.text.__udivmoddi4
                0x0800c5cc        0x0 C:/arm-tools/xpack-arm-none-eabi-gcc-13.3.1-1.1/bin/../lib/gcc/arm-none-eabi/13.3.1/thumb/v7e-m+fp/hard\libgcc.a(_udivmoddi4.o)
                                  0x8 (size before relaxing)
                0x0800c5cc                        __exidx_end = .
                0x0800c5cc                        . = ALIGN (0x4)

.preinit_array  0x0800c5cc        0x0
                0x0800c5cc                        . = ALIGN (0x4)
                0x0800c5cc                        PROVIDE (__preinit_array_start = .)
 *(.preinit_array*)
                0x0800c5cc                        PROVIDE (__preinit_array_end = .)
                0x0800c5cc                        . = ALIGN (0x4)

.init_array     0x0800c5cc        0x4
                0x0800c5cc                        . = ALIGN (0x4)
                0x0800c5cc                        PROVIDE (__init_array_start = .)
 *(SORT_BY_NAME(.init_array.*))
 *(.init_array*)
 .init_array    0x0800c5cc        0x4 C:/arm-tools/xpack-arm-none-eabi-gcc-13.3.1-1.1/bin/../lib/gcc/arm-none-eabi/13.3.1/thumb/v7e-m+fp/hard/crtbegin.o
                0x0800c5d0                        PROVIDE (__init_array_end = .)
                0x0800c5d0                        . = ALIGN (0x4)

.fini_array     0x0800c5d0        0x4
                0x0800c5d0                        . = ALIGN (0x4)
                0x0800c5d0                        PROVIDE (__fini_array_start = .)
 *(SORT_BY_NAME(.fini_array.*))
 *(.fini_array*)
 .fini_array    0x0800c5d0        0x4 C:/arm-tools/xpack-arm-none-eabi-gcc-13.3.1-1.1/bin/../lib/gcc/arm-none-eabi/13.3.1/thumb/v7e-m+fp/hard/crtbegin.o
                0x0800c5d4                        PROVIDE (__fini_array_end = .)
                0x0800c5d4                        . = ALIGN (0x4)
                0x0800c5d4                        _siccmram = LOADADDR (.ccmram)

.rel.dyn        0x0800c5d4        0x0
 .rel.iplt      0x0800c5d4        0x0 C:/arm-tools/xpack-arm-none-eabi-gcc-13.3.1-1.1/bin/../lib/gcc/arm-none-eabi/13.3.1/thumb/v7e-m+fp/hard/crtbegin.o

.ccmram         0x10000000        0x0 load address 0x0800c5d4
                0x10000000                        . = ALIGN (0x4)
                0x10000000                        _sccmram = .
 *(.ccmram)
 *(.ccmram*)
                0x10000000                        . = ALIGN (0x4)
                0x10000000                        _eccmram = .
                0x0800c5d4                        _sidata = LOADADDR (.data)

.data           0x20000000      0x1dc load address 0x0800c5d4
                0x20000000                        . = ALIGN (0x4)
                0x20000000                        _sdata = .
 *(.data)
 *(.data*)
 .data.SystemCoreClock
                0x20000000        0x4 cmake/stm32cubemx/CMakeFiles/STM32_Drivers.dir/__/__/Core/Src/system_stm32f4xx.c.obj
                0x20000000                SystemCoreClock
 .data.uwTickPrio
                0x20000004        0x4 cmake/stm32cubemx/CMakeFiles/STM32_Drivers.dir/__/__/Drivers/STM32F4xx_HAL_Driver/Src/stm32f4xx_hal.c.obj
                0x20000004                uwTickPrio
 .data.uwTickFreq
                0x20000008        0x1 cmake/stm32cubemx/CMakeFiles/STM32_Drivers.dir/__/__/Drivers/STM32F4xx_HAL_Driver/Src/stm32f4xx_hal.c.obj
                0x20000008                uwTickFreq
 .data.key_up.0
                0x20000009        0x1 CMakeFiles/TEST11.dir/Core/Src/key.c.obj
 .data.g_wave_type
                0x2000000a        0x1 CMakeFiles/TEST11.dir/Core/Src/dac.c.obj
 *fill*         0x2000000b        0x1 
 .data.g_lfsr   0x2000000c        0x4 CMakeFiles/TEST11.dir/Core/Src/dac.c.obj
 .data.breath_dir.0
                0x20000010        0x1 CMakeFiles/TEST11.dir/Core/Src/stm32f4xx_it.c.obj
 *fill*         0x20000011        0x3 
 .data.__sglue  0x20000014        0xc C:/arm-tools/xpack-arm-none-eabi-gcc-13.3.1-1.1/bin/../lib/gcc/arm-none-eabi/13.3.1/../../../../arm-none-eabi/lib/thumb/v7e-m+fp/hard\libg_nano.a(libc_a-findfp.o)
                0x20000014                __sglue
 .data._impure_ptr
                0x20000020        0x4 C:/arm-tools/xpack-arm-none-eabi-gcc-13.3.1-1.1/bin/../lib/gcc/arm-none-eabi/13.3.1/../../../../arm-none-eabi/lib/thumb/v7e-m+fp/hard\libg_nano.a(libc_a-impure.o)
                0x20000020                _impure_ptr
 .data._impure_data
                0x20000024       0x4c C:/arm-tools/xpack-arm-none-eabi-gcc-13.3.1-1.1/bin/../lib/gcc/arm-none-eabi/13.3.1/../../../../arm-none-eabi/lib/thumb/v7e-m+fp/hard\libg_nano.a(libc_a-impure.o)
                0x20000024                _impure_data
 .data.__global_locale
                0x20000070      0x16c C:/arm-tools/xpack-arm-none-eabi-gcc-13.3.1-1.1/bin/../lib/gcc/arm-none-eabi/13.3.1/../../../../arm-none-eabi/lib/thumb/v7e-m+fp/hard\libg_nano.a(libc_a-locale.o)
                0x20000070                __global_locale
 *(.RamFunc)
 *(.RamFunc*)
                0x200001dc                        . = ALIGN (0x4)

.igot.plt       0x200001dc        0x0 load address 0x0800c7b0
 .igot.plt      0x200001dc        0x0 C:/arm-tools/xpack-arm-none-eabi-gcc-13.3.1-1.1/bin/../lib/gcc/arm-none-eabi/13.3.1/thumb/v7e-m+fp/hard/crtbegin.o

.tdata          0x200001dc        0x0 load address 0x0800c7b0
 *(.tdata .tdata.* .gnu.linkonce.td.*)
                0x200001dc                        . = ALIGN (0x4)
                0x200001dc                        _edata = .
                [!provide]                        PROVIDE (__data_end = .)
                [!provide]                        PROVIDE (__tdata_end = .)
                [!provide]                        PROVIDE (__tdata_start = ADDR (.tdata))
                [!provide]                        PROVIDE (__tdata_size = (__tdata_end - __tdata_start))
                [!provide]                        PROVIDE (__data_start = ADDR (.data))
                [!provide]                        PROVIDE (__data_size = (__data_end - __data_start))
                [!provide]                        PROVIDE (__tdata_source = LOADADDR (.tdata))
                [!provide]                        PROVIDE (__tdata_source_end = (LOADADDR (.tdata) + SIZEOF (.tdata)))
                [!provide]                        PROVIDE (__tdata_source_size = (__tdata_source_end - __tdata_source))
                [!provide]                        PROVIDE (__data_source = LOADADDR (.data))
                [!provide]                        PROVIDE (__data_source_end = __tdata_source_end)
                [!provide]                        PROVIDE (__data_source_size = (__data_source_end - __data_source))

.tbss           0x200001dc        0x0 load address 0x0800c7b0
                0x200001dc                        _sbss = .
                0x200001dc                        __bss_start__ = _sbss
 *(.tbss .tbss.*)
                0x200001dc                        . = ALIGN (0x4)
                [!provide]                        PROVIDE (__tbss_end = .)
                [!provide]                        PROVIDE (__tbss_start = ADDR (.tbss))
                [!provide]                        PROVIDE (__tbss_size = (__tbss_end - __tbss_start))
                [!provide]                        PROVIDE (__tbss_offset = (ADDR (.tbss) - ADDR (.tdata)))
                [!provide]                        PROVIDE (__tls_base = __tdata_start)
                [!provide]                        PROVIDE (__tls_end = __tbss_end)
                [!provide]                        PROVIDE (__tls_size = (__tls_end - __tls_base))
                [!provide]                        PROVIDE (__tls_align = MAX (ALIGNOF (.tdata), ALIGNOF (.tbss)))
                [!provide]                        PROVIDE (__tls_size_align = (((__tls_size + __tls_align) - 0x1) & ~ ((__tls_align - 0x1))))
                [!provide]                        PROVIDE (__arm32_tls_tcb_offset = MAX (0x8, __tls_align))
                [!provide]                        PROVIDE (__arm64_tls_tcb_offset = MAX (0x10, __tls_align))

.bss            0x200001dc      0x710 load address 0x0800c7b0
 *(.bss)
 *(.bss*)
 .bss.completed.1
                0x200001dc        0x1 C:/arm-tools/xpack-arm-none-eabi-gcc-13.3.1-1.1/bin/../lib/gcc/arm-none-eabi/13.3.1/thumb/v7e-m+fp/hard/crtbegin.o
 *fill*         0x200001dd        0x3 
 .bss.object.0  0x200001e0       0x18 C:/arm-tools/xpack-arm-none-eabi-gcc-13.3.1-1.1/bin/../lib/gcc/arm-none-eabi/13.3.1/thumb/v7e-m+fp/hard/crtbegin.o
 .bss.uwTick    0x200001f8        0x4 cmake/stm32cubemx/CMakeFiles/STM32_Drivers.dir/__/__/Drivers/STM32F4xx_HAL_Driver/Src/stm32f4xx_hal.c.obj
                0x200001f8                uwTick
 .bss.g_wave_buf
                0x200001fc      0x18a CMakeFiles/TEST11.dir/Core/Src/main.c.obj
 .bss.g_wave_idx
                0x20000386        0x2 CMakeFiles/TEST11.dir/Core/Src/main.c.obj
 .bss.g_wave_cnt
                0x20000388        0x2 CMakeFiles/TEST11.dir/Core/Src/main.c.obj
 *fill*         0x2000038a        0x2 
 .bss.strTemp.0
                0x2000038c       0x1e CMakeFiles/TEST11.dir/Core/Src/main.c.obj
 *fill*         0x200003aa        0x2 
 .bss.htim3     0x200003ac       0x48 CMakeFiles/TEST11.dir/Core/Src/timer.c.obj
                0x200003ac                htim3
 .bss.g_ic_result
                0x200003f4       0x14 CMakeFiles/TEST11.dir/Core/Src/timer.c.obj
                0x200003f4                g_ic_result
 .bss.huart1    0x20000408       0x48 CMakeFiles/TEST11.dir/Core/Src/uart.c.obj
 .bss.g_adc_dma_buf
                0x20000450        0x2 CMakeFiles/TEST11.dir/Core/Src/adc.c.obj
                0x20000450                g_adc_dma_buf
 .bss.g_adc_new_data
                0x20000452        0x1 CMakeFiles/TEST11.dir/Core/Src/adc.c.obj
                0x20000452                g_adc_new_data
 *fill*         0x20000453        0x1 
 .bss.ADC_Handler
                0x20000454       0x48 CMakeFiles/TEST11.dir/Core/Src/adc.c.obj
 .bss.DMA_Handler
                0x2000049c       0x60 CMakeFiles/TEST11.dir/Core/Src/adc.c.obj
 .bss.g_tri_table
                0x200004fc      0x200 CMakeFiles/TEST11.dir/Core/Src/dac.c.obj
 .bss.DAC_Handler
                0x200006fc       0x14 CMakeFiles/TEST11.dir/Core/Src/dac.c.obj
 .bss.TIM6_Handler
                0x20000710       0x48 CMakeFiles/TEST11.dir/Core/Src/dac.c.obj
 .bss.g_dac_index
                0x20000758        0x2 CMakeFiles/TEST11.dir/Core/Src/dac.c.obj
 .bss.g_noise_val
                0x2000075a        0x2 CMakeFiles/TEST11.dir/Core/Src/dac.c.obj
 .bss.last_tick.10
                0x2000075c        0x4 CMakeFiles/TEST11.dir/Core/Src/stm32f4xx_it.c.obj
 .bss.last_tick.9
                0x20000760        0x4 CMakeFiles/TEST11.dir/Core/Src/stm32f4xx_it.c.obj
 .bss.ovf_cnt.8
                0x20000764        0x4 CMakeFiles/TEST11.dir/Core/Src/stm32f4xx_it.c.obj
 .bss.cap_state.7
                0x20000768        0x1 CMakeFiles/TEST11.dir/Core/Src/stm32f4xx_it.c.obj
 *fill*         0x20000769        0x3 
 .bss.cap_rising1.6
                0x2000076c        0x4 CMakeFiles/TEST11.dir/Core/Src/stm32f4xx_it.c.obj
 .bss.cap_falling.5
                0x20000770        0x4 CMakeFiles/TEST11.dir/Core/Src/stm32f4xx_it.c.obj
 .bss.cap_rising2.4
                0x20000774        0x4 CMakeFiles/TEST11.dir/Core/Src/stm32f4xx_it.c.obj
 .bss.pwm_cnt.3
                0x20000778        0x1 CMakeFiles/TEST11.dir/Core/Src/stm32f4xx_it.c.obj
 .bss.duty.2    0x20000779        0x1 CMakeFiles/TEST11.dir/Core/Src/stm32f4xx_it.c.obj
 .bss.cycle_cnt.1
                0x2000077a        0x1 CMakeFiles/TEST11.dir/Core/Src/stm32f4xx_it.c.obj
 *fill*         0x2000077b        0x1 
 .bss.__sbrk_heap_end
                0x2000077c        0x4 CMakeFiles/TEST11.dir/Core/Src/sysmem.c.obj
 .bss.xLCD      0x20000780        0x8 CMakeFiles/TEST11.dir/Core/LCD/bsp_LCD_ILI9341.c.obj
                0x20000780                xLCD
 .bss.xW25Q128  0x20000788       0x18 CMakeFiles/TEST11.dir/Core/LCD/bsp_W25Q128.c.obj
                0x20000788                xW25Q128
 .bss.__sf      0x200007a0      0x138 C:/arm-tools/xpack-arm-none-eabi-gcc-13.3.1-1.1/bin/../lib/gcc/arm-none-eabi/13.3.1/../../../../arm-none-eabi/lib/thumb/v7e-m+fp/hard\libg_nano.a(libc_a-findfp.o)
                0x200007a0                __sf
 .bss.__stdio_exit_handler
                0x200008d8        0x4 C:/arm-tools/xpack-arm-none-eabi-gcc-13.3.1-1.1/bin/../lib/gcc/arm-none-eabi/13.3.1/../../../../arm-none-eabi/lib/thumb/v7e-m+fp/hard\libg_nano.a(libc_a-findfp.o)
                0x200008d8                __stdio_exit_handler
 .bss.errno     0x200008dc        0x4 C:/arm-tools/xpack-arm-none-eabi-gcc-13.3.1-1.1/bin/../lib/gcc/arm-none-eabi/13.3.1/../../../../arm-none-eabi/lib/thumb/v7e-m+fp/hard\libg_nano.a(libc_a-reent.o)
                0x200008dc                errno
 .bss.__lock___malloc_recursive_mutex
                0x200008e0        0x1 C:/arm-tools/xpack-arm-none-eabi-gcc-13.3.1-1.1/bin/../lib/gcc/arm-none-eabi/13.3.1/../../../../arm-none-eabi/lib/thumb/v7e-m+fp/hard\libg_nano.a(libc_a-lock.o)
                0x200008e0                __lock___malloc_recursive_mutex
 .bss.__lock___sfp_recursive_mutex
                0x200008e1        0x1 C:/arm-tools/xpack-arm-none-eabi-gcc-13.3.1-1.1/bin/../lib/gcc/arm-none-eabi/13.3.1/../../../../arm-none-eabi/lib/thumb/v7e-m+fp/hard\libg_nano.a(libc_a-lock.o)
                0x200008e1                __lock___sfp_recursive_mutex
 *fill*         0x200008e2        0x2 
 .bss.__malloc_sbrk_start
                0x200008e4        0x4 C:/arm-tools/xpack-arm-none-eabi-gcc-13.3.1-1.1/bin/../lib/gcc/arm-none-eabi/13.3.1/../../../../arm-none-eabi/lib/thumb/v7e-m+fp/hard\libg_nano.a(libc_a-mallocr.o)
                0x200008e4                __malloc_sbrk_start
 .bss.__malloc_free_list
                0x200008e8        0x4 C:/arm-tools/xpack-arm-none-eabi-gcc-13.3.1-1.1/bin/../lib/gcc/arm-none-eabi/13.3.1/../../../../arm-none-eabi/lib/thumb/v7e-m+fp/hard\libg_nano.a(libc_a-mallocr.o)
                0x200008e8                __malloc_free_list
 *(COMMON)
                0x200008ec                        . = ALIGN (0x4)
                0x200008ec                        _ebss = .
                0x200008ec                        __bss_end__ = _ebss
                [!provide]                        PROVIDE (__bss_end = .)
                [!provide]                        PROVIDE (__non_tls_bss_start = ADDR (.bss))
                [!provide]                        PROVIDE (__bss_start = __tbss_start)
                [!provide]                        PROVIDE (__bss_size = (__bss_end - __bss_start))

._user_heap_stack
                0x200008ec      0x604 load address 0x0800c7b0
                0x200008f0                        . = ALIGN (0x8)
 *fill*         0x200008ec        0x4 
                [!provide]                        PROVIDE (end = .)
                0x200008f0                        PROVIDE (_end = .)
                0x20000af0                        . = (. + _Min_Heap_Size)
 *fill*         0x200008f0      0x200 
                0x20000ef0                        . = (. + _Min_Stack_Size)
 *fill*         0x20000af0      0x400 
                0x20000ef0                        . = ALIGN (0x8)

/DISCARD/
 libc.a:*(*)
 libm.a:*(*)
 libgcc.a:*(*)
OUTPUT(TEST11.elf elf32-littlearm)
LOAD linker stubs

.ARM.attributes
                0x00000000       0x30
 .ARM.attributes
                0x00000000       0x22 C:/arm-tools/xpack-arm-none-eabi-gcc-13.3.1-1.1/bin/../lib/gcc/arm-none-eabi/13.3.1/thumb/v7e-m+fp/hard/crti.o
 .ARM.attributes
                0x00000022       0x34 C:/arm-tools/xpack-arm-none-eabi-gcc-13.3.1-1.1/bin/../lib/gcc/arm-none-eabi/13.3.1/thumb/v7e-m+fp/hard/crtbegin.o
 .ARM.attributes
                0x00000056       0x34 cmake/stm32cubemx/CMakeFiles/STM32_Drivers.dir/__/__/Core/Src/system_stm32f4xx.c.obj
 .ARM.attributes
                0x0000008a       0x34 cmake/stm32cubemx/CMakeFiles/STM32_Drivers.dir/__/__/Drivers/STM32F4xx_HAL_Driver/Src/stm32f4xx_hal_rcc.c.obj
 .ARM.attributes
                0x000000be       0x34 cmake/stm32cubemx/CMakeFiles/STM32_Drivers.dir/__/__/Drivers/STM32F4xx_HAL_Driver/Src/stm32f4xx_hal_gpio.c.obj
 .ARM.attributes
                0x000000f2       0x34 cmake/stm32cubemx/CMakeFiles/STM32_Drivers.dir/__/__/Drivers/STM32F4xx_HAL_Driver/Src/stm32f4xx_hal_dma.c.obj
 .ARM.attributes
                0x00000126       0x34 cmake/stm32cubemx/CMakeFiles/STM32_Drivers.dir/__/__/Drivers/STM32F4xx_HAL_Driver/Src/stm32f4xx_hal_cortex.c.obj
 .ARM.attributes
                0x0000015a       0x34 cmake/stm32cubemx/CMakeFiles/STM32_Drivers.dir/__/__/Drivers/STM32F4xx_HAL_Driver/Src/stm32f4xx_hal.c.obj
 .ARM.attributes
                0x0000018e       0x34 cmake/stm32cubemx/CMakeFiles/STM32_Drivers.dir/__/__/Drivers/STM32F4xx_HAL_Driver/Src/stm32f4xx_hal_uart.c.obj
 .ARM.attributes
                0x000001c2       0x34 cmake/stm32cubemx/CMakeFiles/STM32_Drivers.dir/__/__/Drivers/STM32F4xx_HAL_Driver/Src/stm32f4xx_hal_tim.c.obj
 .ARM.attributes
                0x000001f6       0x34 cmake/stm32cubemx/CMakeFiles/STM32_Drivers.dir/__/__/Drivers/STM32F4xx_HAL_Driver/Src/stm32f4xx_hal_tim_ex.c.obj
 .ARM.attributes
                0x0000022a       0x34 cmake/stm32cubemx/CMakeFiles/STM32_Drivers.dir/__/__/Drivers/STM32F4xx_HAL_Driver/Src/stm32f4xx_hal_adc.c.obj
 .ARM.attributes
                0x0000025e       0x34 cmake/stm32cubemx/CMakeFiles/STM32_Drivers.dir/__/__/Drivers/STM32F4xx_HAL_Driver/Src/stm32f4xx_hal_dac.c.obj
 .ARM.attributes
                0x00000292       0x34 CMakeFiles/TEST11.dir/Core/Src/main.c.obj
 .ARM.attributes
                0x000002c6       0x34 CMakeFiles/TEST11.dir/Core/Src/timer.c.obj
 .ARM.attributes
                0x000002fa       0x34 CMakeFiles/TEST11.dir/Core/Src/uart.c.obj
 .ARM.attributes
                0x0000032e       0x34 CMakeFiles/TEST11.dir/Core/Src/gpio.c.obj
 .ARM.attributes
                0x00000362       0x34 CMakeFiles/TEST11.dir/Core/Src/key.c.obj
 .ARM.attributes
                0x00000396       0x34 CMakeFiles/TEST11.dir/Core/Src/adc.c.obj
 .ARM.attributes
                0x000003ca       0x34 CMakeFiles/TEST11.dir/Core/Src/dac.c.obj
 .ARM.attributes
                0x000003fe       0x34 CMakeFiles/TEST11.dir/Core/Src/stm32f4xx_it.c.obj
 .ARM.attributes
                0x00000432       0x34 CMakeFiles/TEST11.dir/Core/Src/stm32f4xx_hal_msp.c.obj
 .ARM.attributes
                0x00000466       0x34 CMakeFiles/TEST11.dir/Core/Src/sysmem.c.obj
 .ARM.attributes
                0x0000049a       0x34 CMakeFiles/TEST11.dir/Core/Src/syscalls.c.obj
 .ARM.attributes
                0x000004ce       0x34 CMakeFiles/TEST11.dir/Core/LCD/bsp_LCD_ILI9341.c.obj
 .ARM.attributes
                0x00000502       0x34 CMakeFiles/TEST11.dir/Core/LCD/bsp_W25Q128.c.obj
 .ARM.attributes
                0x00000536       0x21 CMakeFiles/TEST11.dir/startup_stm32f407xx.s.obj
 .ARM.attributes
                0x00000557       0x22 C:/arm-tools/xpack-arm-none-eabi-gcc-13.3.1-1.1/bin/../lib/gcc/arm-none-eabi/13.3.1/thumb/v7e-m+fp/hard\libgcc.a(_arm_addsubdf3.o)
 .ARM.attributes
                0x00000579       0x22 C:/arm-tools/xpack-arm-none-eabi-gcc-13.3.1-1.1/bin/../lib/gcc/arm-none-eabi/13.3.1/thumb/v7e-m+fp/hard\libgcc.a(_aeabi_uldivmod.o)
 .ARM.attributes
                0x0000059b       0x34 C:/arm-tools/xpack-arm-none-eabi-gcc-13.3.1-1.1/bin/../lib/gcc/arm-none-eabi/13.3.1/thumb/v7e-m+fp/hard\libgcc.a(_udivmoddi4.o)
 .ARM.attributes
                0x000005cf       0x22 C:/arm-tools/xpack-arm-none-eabi-gcc-13.3.1-1.1/bin/../lib/gcc/arm-none-eabi/13.3.1/thumb/v7e-m+fp/hard\libgcc.a(_dvmd_tls.o)
 .ARM.attributes
                0x000005f1       0x34 C:/arm-tools/xpack-arm-none-eabi-gcc-13.3.1-1.1/bin/../lib/gcc/arm-none-eabi/13.3.1/../../../../arm-none-eabi/lib/thumb/v7e-m+fp/hard\libg_nano.a(libc_a-nano-vfprintf_float.o)
 .ARM.attributes
                0x00000625       0x34 C:/arm-tools/xpack-arm-none-eabi-gcc-13.3.1-1.1/bin/../lib/gcc/arm-none-eabi/13.3.1/../../../../arm-none-eabi/lib/thumb/v7e-m+fp/hard\libg_nano.a(libc_a-nano-vfprintf_i.o)
 .ARM.attributes
                0x00000659       0x34 C:/arm-tools/xpack-arm-none-eabi-gcc-13.3.1-1.1/bin/../lib/gcc/arm-none-eabi/13.3.1/../../../../arm-none-eabi/lib/thumb/v7e-m+fp/hard\libg_nano.a(libc_a-findfp.o)
 .ARM.attributes
                0x0000068d       0x34 C:/arm-tools/xpack-arm-none-eabi-gcc-13.3.1-1.1/bin/../lib/gcc/arm-none-eabi/13.3.1/../../../../arm-none-eabi/lib/thumb/v7e-m+fp/hard\libg_nano.a(libc_a-fwalk.o)
 .ARM.attributes
                0x000006c1       0x34 C:/arm-tools/xpack-arm-none-eabi-gcc-13.3.1-1.1/bin/../lib/gcc/arm-none-eabi/13.3.1/../../../../arm-none-eabi/lib/thumb/v7e-m+fp/hard\libg_nano.a(libc_a-snprintf.o)
 .ARM.attributes
                0x000006f5       0x34 C:/arm-tools/xpack-arm-none-eabi-gcc-13.3.1-1.1/bin/../lib/gcc/arm-none-eabi/13.3.1/../../../../arm-none-eabi/lib/thumb/v7e-m+fp/hard\libg_nano.a(libc_a-sprintf.o)
 .ARM.attributes
                0x00000729       0x34 C:/arm-tools/xpack-arm-none-eabi-gcc-13.3.1-1.1/bin/../lib/gcc/arm-none-eabi/13.3.1/../../../../arm-none-eabi/lib/thumb/v7e-m+fp/hard\libg_nano.a(libc_a-stdio.o)
 .ARM.attributes
                0x0000075d       0x34 C:/arm-tools/xpack-arm-none-eabi-gcc-13.3.1-1.1/bin/../lib/gcc/arm-none-eabi/13.3.1/../../../../arm-none-eabi/lib/thumb/v7e-m+fp/hard\libg_nano.a(libc_a-memset.o)
 .ARM.attributes
                0x00000791       0x34 C:/arm-tools/xpack-arm-none-eabi-gcc-13.3.1-1.1/bin/../lib/gcc/arm-none-eabi/13.3.1/../../../../arm-none-eabi/lib/thumb/v7e-m+fp/hard\libg_nano.a(libc_a-localeconv.o)
 .ARM.attributes
                0x000007c5       0x34 C:/arm-tools/xpack-arm-none-eabi-gcc-13.3.1-1.1/bin/../lib/gcc/arm-none-eabi/13.3.1/../../../../arm-none-eabi/lib/thumb/v7e-m+fp/hard\libg_nano.a(libc_a-closer.o)
 .ARM.attributes
                0x000007f9       0x34 C:/arm-tools/xpack-arm-none-eabi-gcc-13.3.1-1.1/bin/../lib/gcc/arm-none-eabi/13.3.1/../../../../arm-none-eabi/lib/thumb/v7e-m+fp/hard\libg_nano.a(libc_a-reent.o)
 .ARM.attributes
                0x0000082d       0x34 C:/arm-tools/xpack-arm-none-eabi-gcc-13.3.1-1.1/bin/../lib/gcc/arm-none-eabi/13.3.1/../../../../arm-none-eabi/lib/thumb/v7e-m+fp/hard\libg_nano.a(libc_a-impure.o)
 .ARM.attributes
                0x00000861       0x34 C:/arm-tools/xpack-arm-none-eabi-gcc-13.3.1-1.1/bin/../lib/gcc/arm-none-eabi/13.3.1/../../../../arm-none-eabi/lib/thumb/v7e-m+fp/hard\libg_nano.a(libc_a-lseekr.o)
 .ARM.attributes
                0x00000895       0x34 C:/arm-tools/xpack-arm-none-eabi-gcc-13.3.1-1.1/bin/../lib/gcc/arm-none-eabi/13.3.1/../../../../arm-none-eabi/lib/thumb/v7e-m+fp/hard\libg_nano.a(libc_a-readr.o)
 .ARM.attributes
                0x000008c9       0x34 C:/arm-tools/xpack-arm-none-eabi-gcc-13.3.1-1.1/bin/../lib/gcc/arm-none-eabi/13.3.1/../../../../arm-none-eabi/lib/thumb/v7e-m+fp/hard\libg_nano.a(libc_a-writer.o)
 .ARM.attributes
                0x000008fd       0x34 C:/arm-tools/xpack-arm-none-eabi-gcc-13.3.1-1.1/bin/../lib/gcc/arm-none-eabi/13.3.1/../../../../arm-none-eabi/lib/thumb/v7e-m+fp/hard\libg_nano.a(libc_a-errno.o)
 .ARM.attributes
                0x00000931       0x34 C:/arm-tools/xpack-arm-none-eabi-gcc-13.3.1-1.1/bin/../lib/gcc/arm-none-eabi/13.3.1/../../../../arm-none-eabi/lib/thumb/v7e-m+fp/hard\libg_nano.a(libc_a-init.o)
 .ARM.attributes
                0x00000965       0x34 C:/arm-tools/xpack-arm-none-eabi-gcc-13.3.1-1.1/bin/../lib/gcc/arm-none-eabi/13.3.1/../../../../arm-none-eabi/lib/thumb/v7e-m+fp/hard\libg_nano.a(libc_a-lock.o)
 .ARM.attributes
                0x00000999       0x1c C:/arm-tools/xpack-arm-none-eabi-gcc-13.3.1-1.1/bin/../lib/gcc/arm-none-eabi/13.3.1/../../../../arm-none-eabi/lib/thumb/v7e-m+fp/hard\libg_nano.a(libc_a-memchr.o)
 .ARM.attributes
                0x000009b5       0x17 C:/arm-tools/xpack-arm-none-eabi-gcc-13.3.1-1.1/bin/../lib/gcc/arm-none-eabi/13.3.1/../../../../arm-none-eabi/lib/thumb/v7e-m+fp/hard\libg_nano.a(libc_a-strlen.o)
 .ARM.attributes
                0x000009cc       0x34 C:/arm-tools/xpack-arm-none-eabi-gcc-13.3.1-1.1/bin/../lib/gcc/arm-none-eabi/13.3.1/../../../../arm-none-eabi/lib/thumb/v7e-m+fp/hard\libg_nano.a(libc_a-dtoa.o)
 .ARM.attributes
                0x00000a00       0x34 C:/arm-tools/xpack-arm-none-eabi-gcc-13.3.1-1.1/bin/../lib/gcc/arm-none-eabi/13.3.1/../../../../arm-none-eabi/lib/thumb/v7e-m+fp/hard\libg_nano.a(libc_a-freer.o)
 .ARM.attributes
                0x00000a34       0x34 C:/arm-tools/xpack-arm-none-eabi-gcc-13.3.1-1.1/bin/../lib/gcc/arm-none-eabi/13.3.1/../../../../arm-none-eabi/lib/thumb/v7e-m+fp/hard\libg_nano.a(libc_a-malloc.o)
 .ARM.attributes
                0x00000a68       0x34 C:/arm-tools/xpack-arm-none-eabi-gcc-13.3.1-1.1/bin/../lib/gcc/arm-none-eabi/13.3.1/../../../../arm-none-eabi/lib/thumb/v7e-m+fp/hard\libg_nano.a(libc_a-mallocr.o)
 .ARM.attributes
                0x00000a9c       0x34 C:/arm-tools/xpack-arm-none-eabi-gcc-13.3.1-1.1/bin/../lib/gcc/arm-none-eabi/13.3.1/../../../../arm-none-eabi/lib/thumb/v7e-m+fp/hard\libg_nano.a(libc_a-mlock.o)
 .ARM.attributes
                0x00000ad0       0x34 C:/arm-tools/xpack-arm-none-eabi-gcc-13.3.1-1.1/bin/../lib/gcc/arm-none-eabi/13.3.1/../../../../arm-none-eabi/lib/thumb/v7e-m+fp/hard\libg_nano.a(libc_a-mprec.o)
 .ARM.attributes
                0x00000b04       0x34 C:/arm-tools/xpack-arm-none-eabi-gcc-13.3.1-1.1/bin/../lib/gcc/arm-none-eabi/13.3.1/../../../../arm-none-eabi/lib/thumb/v7e-m+fp/hard\libg_nano.a(libc_a-nano-svfprintf.o)
 .ARM.attributes
                0x00000b38       0x34 C:/arm-tools/xpack-arm-none-eabi-gcc-13.3.1-1.1/bin/../lib/gcc/arm-none-eabi/13.3.1/../../../../arm-none-eabi/lib/thumb/v7e-m+fp/hard\libg_nano.a(libc_a-fflush.o)
 .ARM.attributes