Archive member included to satisfy reference by file (symbol)

C:/arm-tools/xpack-arm-none-eabi-gcc-13.3.1-1.1/bin/../lib/gcc/arm-none-eabi/13.3.1/thumb/v7e-m+fp/hard\libgcc.a(_aeabi_uldivmod.o)
                              cmake/stm32cubemx/CMakeFiles/STM32_Drivers.dir/__/__/Drivers/STM32F4xx_HAL_Driver/Src/stm32f4xx_hal_rcc.c.obj (__aeabi_uldivmod)
C:/arm-tools/xpack-arm-none-eabi-gcc-13.3.1-1.1/bin/../lib/gcc/arm-none-eabi/13.3.1/thumb/v7e-m+fp/hard\libgcc.a(_udivmoddi4.o)
                              C:/arm-tools/xpack-arm-none-eabi-gcc-13.3.1-1.1/bin/../lib/gcc/arm-none-eabi/13.3.1/thumb/v7e-m+fp/hard\libgcc.a(_aeabi_uldivmod.o) (__udivmoddi4)
C:/arm-tools/xpack-arm-none-eabi-gcc-13.3.1-1.1/bin/../lib/gcc/arm-none-eabi/13.3.1/thumb/v7e-m+fp/hard\libgcc.a(_dvmd_tls.o)
                              C:/arm-tools/xpack-arm-none-eabi-gcc-13.3.1-1.1/bin/../lib/gcc/arm-none-eabi/13.3.1/thumb/v7e-m+fp/hard\libgcc.a(_aeabi_uldivmod.o) (__aeabi_ldiv0)
C:/arm-tools/xpack-arm-none-eabi-gcc-13.3.1-1.1/bin/../lib/gcc/arm-none-eabi/13.3.1/../../../../arm-none-eabi/lib/thumb/v7e-m+fp/hard\libg_nano.a(libc_a-atexit.o)
                              C:/arm-tools/xpack-arm-none-eabi-gcc-13.3.1-1.1/bin/../lib/gcc/arm-none-eabi/13.3.1/../../../../arm-none-eabi/lib/thumb/v7e-m+fp/hard/crt0.o (atexit)
C:/arm-tools/xpack-arm-none-eabi-gcc-13.3.1-1.1/bin/../lib/gcc/arm-none-eabi/13.3.1/../../../../arm-none-eabi/lib/thumb/v7e-m+fp/hard\libg_nano.a(libc_a-exit.o)
                              C:/arm-tools/xpack-arm-none-eabi-gcc-13.3.1-1.1/bin/../lib/gcc/arm-none-eabi/13.3.1/../../../../arm-none-eabi/lib/thumb/v7e-m+fp/hard/crt0.o (exit)
C:/arm-tools/xpack-arm-none-eabi-gcc-13.3.1-1.1/bin/../lib/gcc/arm-none-eabi/13.3.1/../../../../arm-none-eabi/lib/thumb/v7e-m+fp/hard\libg_nano.a(libc_a-nano-vfprintf_float.o)
                              (_printf_float)
C:/arm-tools/xpack-arm-none-eabi-gcc-13.3.1-1.1/bin/../lib/gcc/arm-none-eabi/13.3.1/../../../../arm-none-eabi/lib/thumb/v7e-m+fp/hard\libg_nano.a(libc_a-nano-vfprintf_i.o)
                              C:/arm-tools/xpack-arm-none-eabi-gcc-13.3.1-1.1/bin/../lib/gcc/arm-none-eabi/13.3.1/../../../../arm-none-eabi/lib/thumb/v7e-m+fp/hard\libg_nano.a(libc_a-nano-vfprintf_float.o) (_printf_common)
C:/arm-tools/xpack-arm-none-eabi-gcc-13.3.1-1.1/bin/../lib/gcc/arm-none-eabi/13.3.1/../../../../arm-none-eabi/lib/thumb/v7e-m+fp/hard\libg_nano.a(libc_a-findfp.o)
                              C:/arm-tools/xpack-arm-none-eabi-gcc-13.3.1-1.1/bin/../lib/gcc/arm-none-eabi/13.3.1/../../../../arm-none-eabi/lib/thumb/v7e-m+fp/hard\libg_nano.a(libc_a-exit.o) (__stdio_exit_handler)
C:/arm-tools/xpack-arm-none-eabi-gcc-13.3.1-1.1/bin/../lib/gcc/arm-none-eabi/13.3.1/../../../../arm-none-eabi/lib/thumb/v7e-m+fp/hard\libg_nano.a(libc_a-fwalk.o)
                              C:/arm-tools/xpack-arm-none-eabi-gcc-13.3.1-1.1/bin/../lib/gcc/arm-none-eabi/13.3.1/../../../../arm-none-eabi/lib/thumb/v7e-m+fp/hard\libg_nano.a(libc_a-findfp.o) (_fwalk_sglue)
C:/arm-tools/xpack-arm-none-eabi-gcc-13.3.1-1.1/bin/../lib/gcc/arm-none-eabi/13.3.1/../../../../arm-none-eabi/lib/thumb/v7e-m+fp/hard\libg_nano.a(libc_a-snprintf.o)
                              CMakeFiles/TEST11.dir/Core/Src/main.c.obj (snprintf)
C:/arm-tools/xpack-arm-none-eabi-gcc-13.3.1-1.1/bin/../lib/gcc/arm-none-eabi/13.3.1/../../../../arm-none-eabi/lib/thumb/v7e-m+fp/hard\libg_nano.a(libc_a-sprintf.o)
                              CMakeFiles/TEST11.dir/Core/LCD/bsp_W25Q128.c.obj (sprintf)
C:/arm-tools/xpack-arm-none-eabi-gcc-13.3.1-1.1/bin/../lib/gcc/arm-none-eabi/13.3.1/../../../../arm-none-eabi/lib/thumb/v7e-m+fp/hard\libg_nano.a(libc_a-stdio.o)
                              C:/arm-tools/xpack-arm-none-eabi-gcc-13.3.1-1.1/bin/../lib/gcc/arm-none-eabi/13.3.1/../../../../arm-none-eabi/lib/thumb/v7e-m+fp/hard\libg_nano.a(libc_a-findfp.o) (__sread)
C:/arm-tools/xpack-arm-none-eabi-gcc-13.3.1-1.1/bin/../lib/gcc/arm-none-eabi/13.3.1/../../../../arm-none-eabi/lib/thumb/v7e-m+fp/hard\libg_nano.a(libc_a-memset.o)
                              C:/arm-tools/xpack-arm-none-eabi-gcc-13.3.1-1.1/bin/../lib/gcc/arm-none-eabi/13.3.1/../../../../arm-none-eabi/lib/thumb/v7e-m+fp/hard/crt0.o (memset)
C:/arm-tools/xpack-arm-none-eabi-gcc-13.3.1-1.1/bin/../lib/gcc/arm-none-eabi/13.3.1/../../../../arm-none-eabi/lib/thumb/v7e-m+fp/hard\libg_nano.a(libc_a-localeconv.o)
                              C:/arm-tools/xpack-arm-none-eabi-gcc-13.3.1-1.1/bin/../lib/gcc/arm-none-eabi/13.3.1/../../../../arm-none-eabi/lib/thumb/v7e-m+fp/hard\libg_nano.a(libc_a-nano-vfprintf_float.o) (_localeconv_r)
C:/arm-tools/xpack-arm-none-eabi-gcc-13.3.1-1.1/bin/../lib/gcc/arm-none-eabi/13.3.1/../../../../arm-none-eabi/lib/thumb/v7e-m+fp/hard\libg_nano.a(libc_a-closer.o)
                              C:/arm-tools/xpack-arm-none-eabi-gcc-13.3.1-1.1/bin/../lib/gcc/arm-none-eabi/13.3.1/../../../../arm-none-eabi/lib/thumb/v7e-m+fp/hard\libg_nano.a(libc_a-stdio.o) (_close_r)
[...]
Memory Configuration

Name             Origin             Length             Attributes
RAM              0x20000000         0x00020000         xrw
CCMRAM           0x10000000         0x00010000         xrw
FLASH            0x08000000         0x00080000         xr
*default*        0x00000000         0xffffffff

Linker script and memory map

LOAD C:/arm-tools/xpack-arm-none-eabi-gcc-13.3.1-1.1/bin/../lib/gcc/arm-none-eabi/13.3.1/thumb/v7e-m+fp/hard/crti.o
LOAD C:/arm-tools/xpack-arm-none-eabi-gcc-13.3.1-1.1/bin/../lib/gcc/arm-none-eabi/13.3.1/thumb/v7e-m+fp/hard/crtbegin.o
LOAD C:/arm-tools/xpack-arm-none-eabi-gcc-13.3.1-1.1/bin/../lib/gcc/arm-none-eabi/13.3.1/../../../../arm-none-eabi/lib/thumb/v7e-m+fp/hard/crt0.o
LOAD cmake/stm32cubemx/CMakeFiles/STM32_Drivers.dir/__/__/Core/Src/system_stm32f4xx.c.obj
LOAD cmake/stm32cubemx/CMakeFiles/STM32_Drivers.dir/__/__/Drivers/STM32F4xx_HAL_Driver/Src/stm32f4xx_hal_rcc.c.obj
LOAD cmake/stm32cubemx/CMakeFiles/STM32_Drivers.dir/__/__/Drivers/STM32F4xx_HAL_Driver/Src/stm32f4xx_hal_rcc_ex.c.obj
LOAD cmake/stm32cubemx/CMakeFiles/STM32_Drivers.dir/__/__/Drivers/STM32F4xx_HAL_Driver/Src/stm32f4xx_hal_flash.c.obj
LOAD cmake/stm32cubemx/CMakeFiles/STM32_Drivers.dir/__/__/Drivers/STM32F4xx_HAL_Driver/Src/stm32f4xx_hal_flash_ex.c.obj
LOAD cmake/stm32cubemx/CMakeFiles/STM32_Drivers.dir/__/__/Drivers/STM32F4xx_HAL_Driver/Src/stm32f4xx_hal_flash_ramfunc.c.obj
LOAD cmake/stm32cubemx/CMakeFiles/STM32_Drivers.dir/__/__/Drivers/STM32F4xx_HAL_Driver/Src/stm32f4xx_hal_gpio.c.obj
LOAD cmake/stm32cubemx/CMakeFiles/STM32_Drivers.dir/__/__/Drivers/STM32F4xx_HAL_Driver/Src/stm32f4xx_hal_dma_ex.c.obj
LOAD cmake/stm32cubemx/CMakeFiles/STM32_Drivers.dir/__/__/Drivers/STM32F4xx_HAL_Driver/Src/stm32f4xx_hal_dma.c.obj
LOAD cmake/stm32cubemx/CMakeFiles/STM32_Drivers.dir/__/__/Drivers/STM32F4xx_HAL_Driver/Src/stm32f4xx_hal_pwr.c.obj
LOAD cmake/stm32cubemx/CMakeFiles/STM32_Drivers.dir/__/__/Drivers/STM32F4xx_HAL_Driver/Src/stm32f4xx_hal_pwr_ex.c.obj
LOAD cmake/stm32cubemx/CMakeFiles/STM32_Drivers.dir/__/__/Drivers/STM32F4xx_HAL_Driver/Src/stm32f4xx_hal_cortex.c.obj
LOAD cmake/stm32cubemx/CMakeFiles/STM32_Drivers.dir/__/__/Drivers/STM32F4xx_HAL_Driver/Src/stm32f4xx_hal.c.obj
LOAD cmake/stm32cubemx/CMakeFiles/STM32_Drivers.dir/__/__/Drivers/STM32F4xx_HAL_Driver/Src/stm32f4xx_hal_uart.c.obj
LOAD cmake/stm32cubemx/CMakeFiles/STM32_Drivers.dir/__/__/Drivers/STM32F4xx_HAL_Driver/Src/stm32f4xx_hal_tim.c.obj
LOAD cmake/stm32cubemx/CMakeFiles/STM32_Drivers.dir/__/__/Drivers/STM32F4xx_HAL_Driver/Src/stm32f4xx_hal_tim_ex.c.obj
LOAD cmake/stm32cubemx/CMakeFiles/STM32_Drivers.dir/__/__/Drivers/STM32F4xx_HAL_Driver/Src/stm32f4xx_hal_exti.c.obj
LOAD cmake/stm32cubemx/CMakeFiles/STM32_Drivers.dir/__/__/Drivers/STM32F4xx_HAL_Driver/Src/stm32f4xx_hal_adc.c.obj
LOAD cmake/stm32cubemx/CMakeFiles/STM32_Drivers.dir/__/__/Drivers/STM32F4xx_HAL_Driver/Src/stm32f4xx_hal_adc_ex.c.obj
LOAD cmake/stm32cubemx/CMakeFiles/STM32_Drivers.dir/__/__/Drivers/STM32F4xx_HAL_Driver/Src/stm32f4xx_hal_dac.c.obj
LOAD cmake/stm32cubemx/CMakeFiles/STM32_Drivers.dir/__/__/Drivers/STM32F4xx_HAL_Driver/Src/stm32f4xx_hal_dac_ex.c.obj
LOAD CMakeFiles/TEST11.dir/Core/Src/main.c.obj
LOAD CMakeFiles/TEST11.dir/Core/Src/timer.c.obj
LOAD CMakeFiles/TEST11.dir/Core/Src/uart.c.obj
LOAD CMakeFiles/TEST11.dir/Core/Src/gpio.c.obj
LOAD CMakeFiles/TEST11.dir/Core/Src/key.c.obj
LOAD CMakeFiles/TEST11.dir/Core/Src/encoder.c.obj
LOAD CMakeFiles/TEST11.dir/Core/Src/adc.c.obj
LOAD CMakeFiles/TEST11.dir/Core/Src/dac.c.obj
LOAD CMakeFiles/TEST11.dir/Core/Src/dma.c.obj
LOAD CMakeFiles/TEST11.dir/Core/Src/stm32f4xx_it.c.obj
LOAD CMakeFiles/TEST11.dir/Core/Src/stm32f4xx_hal_msp.c.obj
LOAD CMakeFiles/TEST11.dir/Core/Src/sysmem.c.obj
LOAD CMakeFiles/TEST11.dir/Core/Src/syscalls.c.obj
LOAD CMakeFiles/TEST11.dir/Core/LCD/bsp_LCD_ILI9341.c.obj
LOAD CMakeFiles/TEST11.dir/Core/LCD/bsp_W25Q128.c.obj
LOAD CMakeFiles/TEST11.dir/startup_stm32f407xx.s.obj
LOAD C:/arm-tools/xpack-arm-none-eabi-gcc-13.3.1-1.1/bin/../lib/gcc/arm-none-eabi/13.3.1/../../../../arm-none-eabi/lib/thumb/v7e-m+fp/hard\libm.a
START GROUP
LOAD C:/arm-tools/xpack-arm-none-eabi-gcc-13.3.1-1.1/bin/../lib/gcc/arm-none-eabi/13.3.1/thumb/v7e-m+fp/hard\libgcc.a
LOAD C:/arm-tools/xpack-arm-none-eabi-gcc-13.3.1-1.1/bin/../lib/gcc/arm-none-eabi/13.3.1/../../../../arm-none-eabi/lib/thumb/v7e-m+fp/hard\libg_nano.a
LOAD C:/arm-tools/xpack-arm-none-eabi-gcc-13.3.1-1.1/bin/../lib/gcc/arm-none-eabi/13.3.1/../../../../arm-none-eabi/lib/thumb/v7e-m+fp/hard\libc_nano.a
END GROUP
START GROUP
LOAD C:/arm-tools/xpack-arm-none-eabi-gcc-13.3.1-1.1/bin/../lib/gcc/arm-none-eabi/13.3.1/thumb/v7e-m+fp/hard\libgcc.a
LOAD C:/arm-tools/xpack-arm-none-eabi-gcc-13.3.1-1.1/bin/../lib/gcc/arm-none-eabi/13.3.1/../../../../arm-none-eabi/lib/thumb/v7e-m+fp/hard\libc_nano.a
END GROUP
LOAD C:/arm-tools/xpack-arm-none-eabi-gcc-13.3.1-1.1/bin/../lib/gcc/arm-none-eabi/13.3.1/thumb/v7e-m+fp/hard/crtend.o
LOAD C:/arm-tools/xpack-arm-none-eabi-gcc-13.3.1-1.1/bin/../lib/gcc/arm-none-eabi/13.3.1/thumb/v7e-m+fp/hard/crtn.o
                0x20020000                        _estack = (ORIGIN (RAM) + LENGTH (RAM))
                0x2001fc00                        _sstack = (_estack - _Min_Stack_Size)
                0x00000200                        _Min_Heap_Size = 0x200
                0x00000400                        _Min_Stack_Size = 0x400

.isr_vector     0x08000000      0x188
                0x08000000                        . = ALIGN (0x4)
 *(.isr_vector)
 .isr_vector    0x08000000      0x188 CMakeFiles/TEST11.dir/startup_stm32f407xx.s.obj
                0x08000000                g_pfnVectors
                0x08000188                        . = ALIGN (0x4)

.text           0x08000190     0x7aac
                0x08000190                        . = ALIGN (0x4)
 *(.text)
 .text          0x08000190       0x30 C:/arm-tools/xpack-arm-none-eabi-gcc-13.3.1-1.1/bin/../lib/gcc/arm-none-eabi/13.3.1/thumb/v7e-m+fp/hard\libgcc.a(_aeabi_uldivmod.o)
                0x08000190                __aeabi_uldivmod
 .text          0x080001c0        0x4 C:/arm-tools/xpack-arm-none-eabi-gcc-13.3.1-1.1/bin/../lib/gcc/arm-none-eabi/13.3.1/thumb/v7e-m+fp/hard\libgcc.a(_dvmd_tls.o)
                0x080001c0                __aeabi_idiv0
                0x080001c0                __aeabi_ldiv0
 *fill*         0x080001c4        0xc 
 .text          0x080001d0       0xa0 C:/arm-tools/xpack-arm-none-eabi-gcc-13.3.1-1.1/bin/../lib/gcc/arm-none-eabi/13.3.1/../../../../arm-none-eabi/lib/thumb/v7e-m+fp/hard\libg_nano.a(libc_a-memchr.o)
                0x080001d0                memchr
 .text          0x08000270       0x10 C:/arm-tools/xpack-arm-none-eabi-gcc-13.3.1-1.1/bin/../lib/gcc/arm-none-eabi/13.3.1/../../../../arm-none-eabi/lib/thumb/v7e-m+fp/hard\libg_nano.a(libc_a-strlen.o)
                0x08000270                strlen
 .text          0x08000280      0x378 C:/arm-tools/xpack-arm-none-eabi-gcc-13.3.1-1.1/bin/../lib/gcc/arm-none-eabi/13.3.1/thumb/v7e-m+fp/hard\libgcc.a(_arm_addsubdf3.o)
                0x08000280                __aeabi_drsub
                0x08000288                __aeabi_dsub
                0x08000288                __subdf3
                0x0800028c                __aeabi_dadd
                0x0800028c                __adddf3
                0x08000504                __floatunsidf
                0x08000504                __aeabi_ui2d
                0x08000524                __floatsidf
                0x08000524                __aeabi_i2d
                0x08000548                __aeabi_f2d
                0x08000548                __extendsfdf2
                0x0800058c                __floatundidf
                0x0800058c                __aeabi_ul2d
                0x0800059c                __floatdidf
                0x0800059c                __aeabi_l2d
 .text          0x080005f8      0x424 C:/arm-tools/xpack-arm-none-eabi-gcc-13.3.1-1.1/bin/../lib/gcc/arm-none-eabi/13.3.1/thumb/v7e-m+fp/hard\libgcc.a(_arm_muldivdf3.o)
                0x080005f8                __aeabi_dmul
                0x080005f8                __muldf3
                0x0800084c                __divdf3
                0x0800084c                __aeabi_ddiv
 .text          0x08000a1c      0x110 C:/arm-tools/xpack-arm-none-eabi-gcc-13.3.1-1.1/bin/../lib/gcc/arm-none-eabi/13.3.1/thumb/v7e-m+fp/hard\libgcc.a(_arm_cmpdf2.o)
                0x08000a1c                __gtdf2
                0x08000a1c                __gedf2
                0x08000a24                __ltdf2
                0x08000a24                __ledf2
                0x08000a2c                __nedf2
                0x08000a2c                __eqdf2
                0x08000a2c                __cmpdf2
                0x08000aa8                __aeabi_cdrcmple
                0x08000ab8                __aeabi_cdcmpeq
                0x08000ab8                __aeabi_cdcmple
                0x08000ac8                __aeabi_dcmpeq
                0x08000adc                __aeabi_dcmplt
                0x08000af0                __aeabi_dcmple
                0x08000b04                __aeabi_dcmpge
                0x08000b18                __aeabi_dcmpgt
 .text          0x08000b2c       0x2c C:/arm-tools/xpack-arm-none-eabi-gcc-13.3.1-1.1/bin/../lib/gcc/arm-none-eabi/13.3.1/thumb/v7e-m+fp/hard\libgcc.a(_arm_unorddf2.o)
                0x08000b2c                __unorddf2
                0x08000b2c                __aeabi_dcmpun
 .text          0x08000b58       0x50 C:/arm-tools/xpack-arm-none-eabi-gcc-13.3.1-1.1/bin/../lib/gcc/arm-none-eabi/13.3.1/thumb/v7e-m+fp/hard\libgcc.a(_arm_fixdfsi.o)
                0x08000b58                __aeabi_d2iz
                0x08000b58                __fixdfsi
 *(.text*)
 .text.__do_global_dtors_aux
                0x08000ba8       0x24 C:/arm-tools/xpack-arm-none-eabi-gcc-13.3.1-1.1/bin/../lib/gcc/arm-none-eabi/13.3.1/thumb/v7e-m+fp/hard/crtbegin.o
 .text.frame_dummy
                0x08000bcc       0x1c C:/arm-tools/xpack-arm-none-eabi-gcc-13.3.1-1.1/bin/../lib/gcc/arm-none-eabi/13.3.1/thumb/v7e-m+fp/hard/crtbegin.o
 .text.SystemInit
                0x08000be8       0x24 cmake/stm32cubemx/CMakeFiles/STM32_Drivers.dir/__/__/Core/Src/system_stm32f4xx.c.obj
                0x08000be8                SystemInit
 .text.HAL_RCC_OscConfig
                0x08000c0c      0x4f0 cmake/stm32cubemx/CMakeFiles/STM32_Drivers.dir/__/__/Drivers/STM32F4xx_HAL_Driver/Src/stm32f4xx_hal_rcc.c.obj
                0x08000c0c                HAL_RCC_OscConfig
 .text.HAL_RCC_ClockConfig
                0x080010fc      0x1cc cmake/stm32cubemx/CMakeFiles/STM32_Drivers.dir/__/__/Drivers/STM32F4xx_HAL_Driver/Src/stm32f4xx_hal_rcc.c.obj
                0x080010fc                HAL_RCC_ClockConfig
 .text.HAL_RCC_GetSysClockFreq
                0x080012c8      0x18c cmake/stm32cubemx/CMakeFiles/STM32_Drivers.dir/__/__/Drivers/STM32F4xx_HAL_Driver/Src/stm32f4xx_hal_rcc.c.obj
                0x080012c8                HAL_RCC_GetSysClockFreq
 .text.HAL_RCC_GetHCLKFreq
                0x08001454       0x18 cmake/stm32cubemx/CMakeFiles/STM32_Drivers.dir/__/__/Drivers/STM32F4xx_HAL_Driver/Src/stm32f4xx_hal_rcc.c.obj
                0x08001454                HAL_RCC_GetHCLKFreq
 .text.HAL_RCC_GetPCLK1Freq
                0x0800146c       0x28 cmake/stm32cubemx/CMakeFiles/STM32_Drivers.dir/__/__/Drivers/STM32F4xx_HAL_Driver/Src/stm32f4xx_hal_rcc.c.obj
                0x0800146c                HAL_RCC_GetPCLK1Freq
 .text.HAL_RCC_GetPCLK2Freq
                0x08001494       0x28 cmake/stm32cubemx/CMakeFiles/STM32_Drivers.dir/__/__/Drivers/STM32F4xx_HAL_Driver/Src/stm32f4xx_hal_rcc.c.obj
                0x08001494                HAL_RCC_GetPCLK2Freq
 .text.HAL_GPIO_Init
                0x080014bc      0x338 cmake/stm32cubemx/CMakeFiles/STM32_Drivers.dir/__/__/Drivers/STM32F4xx_HAL_Driver/Src/stm32f4xx_hal_gpio.c.obj
                0x080014bc                HAL_GPIO_Init
 .text.HAL_GPIO_ReadPin
                0x080017f4       0x30 cmake/stm32cubemx/CMakeFiles/STM32_Drivers.dir/__/__/Drivers/STM32F4xx_HAL_Driver/Src/stm32f4xx_hal_gpio.c.obj
                0x080017f4                HAL_GPIO_ReadPin
 .text.HAL_GPIO_WritePin
                0x08001824       0x32 cmake/stm32cubemx/CMakeFiles/STM32_Drivers.dir/__/__/Drivers/STM32F4xx_HAL_Driver/Src/stm32f4xx_hal_gpio.c.obj
                0x08001824                HAL_GPIO_WritePin
 .text.HAL_GPIO_TogglePin
                0x08001856       0x34 cmake/stm32cubemx/CMakeFiles/STM32_Drivers.dir/__/__/Drivers/STM32F4xx_HAL_Driver/Src/stm32f4xx_hal_gpio.c.obj
                0x08001856                HAL_GPIO_TogglePin
 *fill*         0x0800188a        0x2 
 .text.HAL_DMA_Init
                0x0800188c      0x15c cmake/stm32cubemx/CMakeFiles/STM32_Drivers.dir/__/__/Drivers/STM32F4xx_HAL_Driver/Src/stm32f4xx_hal_dma.c.obj
                0x0800188c                HAL_DMA_Init
 .text.HAL_DMA_Start_IT
                0x080019e8       0xb0 cmake/stm32cubemx/CMakeFiles/STM32_Drivers.dir/__/__/Drivers/STM32F4xx_HAL_Driver/Src/stm32f4xx_hal_dma.c.obj
                0x080019e8                HAL_DMA_Start_IT
 .text.HAL_DMA_Abort
                0x08001a98       0xe0 cmake/stm32cubemx/CMakeFiles/STM32_Drivers.dir/__/__/Drivers/STM32F4xx_HAL_Driver/Src/stm32f4xx_hal_dma.c.obj
                0x08001a98                HAL_DMA_Abort
 .text.HAL_DMA_Abort_IT
                0x08001b78       0x44 cmake/stm32cubemx/CMakeFiles/STM32_Drivers.dir/__/__/Drivers/STM32F4xx_HAL_Driver/Src/stm32f4xx_hal_dma.c.obj
                0x08001b78                HAL_DMA_Abort_IT
 .text.HAL_DMA_IRQHandler
                0x08001bbc      0x314 cmake/stm32cubemx/CMakeFiles/STM32_Drivers.dir/__/__/Drivers/STM32F4xx_HAL_Driver/Src/stm32f4xx_hal_dma.c.obj
                0x08001bbc                HAL_DMA_IRQHandler
 .text.DMA_SetConfig
                0x08001ed0       0x5c cmake/stm32cubemx/CMakeFiles/STM32_Drivers.dir/__/__/Drivers/STM32F4xx_HAL_Driver/Src/stm32f4xx_hal_dma.c.obj
 .text.DMA_CalcBaseAndBitshift
                0x08001f2c       0x6c cmake/stm32cubemx/CMakeFiles/STM32_Drivers.dir/__/__/Drivers/STM32F4xx_HAL_Driver/Src/stm32f4xx_hal_dma.c.obj
 .text.DMA_CheckFifoParam
                0x08001f98       0xf8 cmake/stm32cubemx/CMakeFiles/STM32_Drivers.dir/__/__/Drivers/STM32F4xx_HAL_Driver/Src/stm32f4xx_hal_dma.c.obj
 .text.__NVIC_SetPriorityGrouping
                0x08002090       0x48 cmake/stm32cubemx/CMakeFiles/STM32_Drivers.dir/__/__/Drivers/STM32F4xx_HAL_Driver/Src/stm32f4xx_hal_cortex.c.obj
 .text.__NVIC_GetPriorityGrouping
                0x080020d8       0x1c cmake/stm32cubemx/CMakeFiles/STM32_Drivers.dir/__/__/Drivers/STM32F4xx_HAL_Driver/Src/stm32f4xx_hal_cortex.c.obj
 .text.__NVIC_EnableIRQ
                0x080020f4       0x3c cmake/stm32cubemx/CMakeFiles/STM32_Drivers.dir/__/__/Drivers/STM32F4xx_HAL_Driver/Src/stm32f4xx_hal_cortex.c.obj
 .text.__NVIC_SetPriority
                0x08002130       0x54 cmake/stm32cubemx/CMakeFiles/STM32_Drivers.dir/__/__/Drivers/STM32F4xx_HAL_Driver/Src/stm32f4xx_hal_cortex.c.obj
 .text.NVIC_EncodePriority
                0x08002184       0x66 cmake/stm32cubemx/CMakeFiles/STM32_Drivers.dir/__/__/Drivers/STM32F4xx_HAL_Driver/Src/stm32f4xx_hal_cortex.c.obj
 *fill*         0x080021ea        0x2 
 .text.SysTick_Config
                0x080021ec       0x44 cmake/stm32cubemx/CMakeFiles/STM32_Drivers.dir/__/__/Drivers/STM32F4xx_HAL_Driver/Src/stm32f4xx_hal_cortex.c.obj
 .text.HAL_NVIC_SetPriorityGrouping
                0x08002230       0x16 cmake/stm32cubemx/CMakeFiles/STM32_Drivers.dir/__/__/Drivers/STM32F4xx_HAL_Driver/Src/stm32f4xx_hal_cortex.c.obj
                0x08002230                HAL_NVIC_SetPriorityGrouping
 .text.HAL_NVIC_SetPriority
                0x08002246       0x38 cmake/stm32cubemx/CMakeFiles/STM32_Drivers.dir/__/__/Drivers/STM32F4xx_HAL_Driver/Src/stm32f4xx_hal_cortex.c.obj
                0x08002246                HAL_NVIC_SetPriority
 .text.HAL_NVIC_EnableIRQ
                0x0800227e       0x1c cmake/stm32cubemx/CMakeFiles/STM32_Drivers.dir/__/__/Drivers/STM32F4xx_HAL_Driver/Src/stm32f4xx_hal_cortex.c.obj
                0x0800227e                HAL_NVIC_EnableIRQ
 .text.HAL_SYSTICK_Config
                0x0800229a       0x18 cmake/stm32cubemx/CMakeFiles/STM32_Drivers.dir/__/__/Drivers/STM32F4xx_HAL_Driver/Src/stm32f4xx_hal_cortex.c.obj
                0x0800229a                HAL_SYSTICK_Config
 *fill*         0x080022b2        0x2 
 .text.HAL_Init
                0x080022b4       0x44 cmake/stm32cubemx/CMakeFiles/STM32_Drivers.dir/__/__/Drivers/STM32F4xx_HAL_Driver/Src/stm32f4xx_hal.c.obj
                0x080022b4                HAL_Init
 .text.HAL_InitTick
                0x080022f8       0x60 cmake/stm32cubemx/CMakeFiles/STM32_Drivers.dir/__/__/Drivers/STM32F4xx_HAL_Driver/Src/stm32f4xx_hal.c.obj
                0x080022f8                HAL_InitTick
 .text.HAL_IncTick
                0x08002358       0x28 cmake/stm32cubemx/CMakeFiles/STM32_Drivers.dir/__/__/Drivers/STM32F4xx_HAL_Driver/Src/stm32f4xx_hal.c.obj
                0x08002358                HAL_IncTick
 .text.HAL_GetTick
                0x08002380       0x18 cmake/stm32cubemx/CMakeFiles/STM32_Drivers.dir/__/__/Drivers/STM32F4xx_HAL_Driver/Src/stm32f4xx_hal.c.obj
                0x08002380                HAL_GetTick
 .text.HAL_UART_Init
                0x08002398       0xa0 cmake/stm32cubemx/CMakeFiles/STM32_Drivers.dir/__/__/Drivers/STM32F4xx_HAL_Driver/Src/stm32f4xx_hal_uart.c.obj
                0x08002398                HAL_UART_Init
 .text.HAL_UART_MspInit
                0x08002438       0x14 cmake/stm32cubemx/CMakeFiles/STM32_Drivers.dir/__/__/Drivers/STM32F4xx_HAL_Driver/Src/stm32f4xx_hal_uart.c.obj
                0x08002438                HAL_UART_MspInit
 .text.HAL_UART_Transmit_DMA
                0x0800244c       0xf8 cmake/stm32cubemx/CMakeFiles/STM32_Drivers.dir/__/__/Drivers/STM32F4xx_HAL_Driver/Src/stm32f4xx_hal_uart.c.obj
                0x0800244c                HAL_UART_Transmit_DMA
 .text.HAL_UART_IRQHandler
                0x08002544      0x554 cmake/stm32cubemx/CMakeFiles/STM32_Drivers.dir/__/__/Drivers/STM32F4xx_HAL_Driver/Src/stm32f4xx_hal_uart.c.obj
                0x08002544                HAL_UART_IRQHandler
 .text.HAL_UART_TxHalfCpltCallback
                0x08002a98       0x14 cmake/stm32cubemx/CMakeFiles/STM32_Drivers.dir/__/__/Drivers/STM32F4xx_HAL_Driver/Src/stm32f4xx_hal_uart.c.obj
                0x08002a98                HAL_UART_TxHalfCpltCallback
 .text.HAL_UART_RxCpltCallback
                0x08002aac       0x14 cmake/stm32cubemx/CMakeFiles/STM32_Drivers.dir/__/__/Drivers/STM32F4xx_HAL_Driver/Src/stm32f4xx_hal_uart.c.obj
                0x08002aac                HAL_UART_RxCpltCallback
 .text.HAL_UART_ErrorCallback
                0x08002ac0       0x14 cmake/stm32cubemx/CMakeFiles/STM32_Drivers.dir/__/__/Drivers/STM32F4xx_HAL_Driver/Src/stm32f4xx_hal_uart.c.obj
                0x08002ac0                HAL_UART_ErrorCallback
 .text.HAL_UARTEx_RxEventCallback
                0x08002ad4       0x18 cmake/stm32cubemx/CMakeFiles/STM32_Drivers.dir/__/__/Drivers/STM32F4xx_HAL_Driver/Src/stm32f4xx_hal_uart.c.obj
                0x08002ad4                HAL_UARTEx_RxEventCallback
 .text.UART_DMATransmitCplt
                0x08002aec       0x9a cmake/stm32cubemx/CMakeFiles/STM32_Drivers.dir/__/__/Drivers/STM32F4xx_HAL_Driver/Src/stm32f4xx_hal_uart.c.obj
 .text.UART_DMATxHalfCplt
                0x08002b86       0x1c cmake/stm32cubemx/CMakeFiles/STM32_Drivers.dir/__/__/Drivers/STM32F4xx_HAL_Driver/Src/stm32f4xx_hal_uart.c.obj
 .text.UART_DMAError
                0x08002ba2       0x94 cmake/stm32cubemx/CMakeFiles/STM32_Drivers.dir/__/__/Drivers/STM32F4xx_HAL_Driver/Src/stm32f4xx_hal_uart.c.obj
 .text.UART_EndTxTransfer
                0x08002c36       0x50 cmake/stm32cubemx/CMakeFiles/STM32_Drivers.dir/__/__/Drivers/STM32F4xx_HAL_Driver/Src/stm32f4xx_hal_uart.c.obj
 .text.UART_EndRxTransfer
                0x08002c86       0xc6 cmake/stm32cubemx/CMakeFiles/STM32_Drivers.dir/__/__/Drivers/STM32F4xx_HAL_Driver/Src/stm32f4xx_hal_uart.c.obj
 .text.UART_DMAAbortOnError
                0x08002d4c       0x22 cmake/stm32cubemx/CMakeFiles/STM32_Drivers.dir/__/__/Drivers/STM32F4xx_HAL_Driver/Src/stm32f4xx_hal_uart.c.obj
 .text.UART_Transmit_IT
                0x08002d6e       0xa0 cmake/stm32cubemx/CMakeFiles/STM32_Drivers.dir/__/__/Drivers/STM32F4xx_HAL_Driver/Src/stm32f4xx_hal_uart.c.obj
 .text.UART_EndTransmit_IT
                0x08002e0e       0x30 cmake/stm32cubemx/CMakeFiles/STM32_Drivers.dir/__/__/Drivers/STM32F4xx_HAL_Driver/Src/stm32f4xx_hal_uart.c.obj
 .text.UART_Receive_IT
                0x08002e3e      0x17c cmake/stm32cubemx/CMakeFiles/STM32_Drivers.dir/__/__/Drivers/STM32F4xx_HAL_Driver/Src/stm32f4xx_hal_uart.c.obj
 *fill*         0x08002fba        0x2 
 .text.UART_SetConfig
                0x08002fbc      0x4e8 cmake/stm32cubemx/CMakeFiles/STM32_Drivers.dir/__/__/Drivers/STM32F4xx_HAL_Driver/Src/stm32f4xx_hal_uart.c.obj
 .text.HAL_TIM_IRQHandler
                0x080034a4      0x1e0 cmake/stm32cubemx/CMakeFiles/STM32_Drivers.dir/__/__/Drivers/STM32F4xx_HAL_Driver/Src/stm32f4xx_hal_tim.c.obj
                0x080034a4                HAL_TIM_IRQHandler
 .text.HAL_TIM_ReadCapturedValue
                0x08003684       0x88 cmake/stm32cubemx/CMakeFiles/STM32_Drivers.dir/__/__/Drivers/STM32F4xx_HAL_Driver/Src/stm32f4xx_hal_tim.c.obj
                0x08003684                HAL_TIM_ReadCapturedValue
 .text.HAL_TIM_OC_DelayElapsedCallback
                0x0800370c       0x14 cmake/stm32cubemx/CMakeFiles/STM32_Drivers.dir/__/__/Drivers/STM32F4xx_HAL_Driver/Src/stm32f4xx_hal_tim.c.obj
                0x0800370c                HAL_TIM_OC_DelayElapsedCallback
 .text.HAL_TIM_IC_CaptureCallback
                0x08003720       0x14 cmake/stm32cubemx/CMakeFiles/STM32_Drivers.dir/__/__/Drivers/STM32F4xx_HAL_Driver/Src/stm32f4xx_hal_tim.c.obj
                0x08003720                HAL_TIM_IC_CaptureCallback
 .text.HAL_TIM_PWM_PulseFinishedCallback
                0x08003734       0x14 cmake/stm32cubemx/CMakeFiles/STM32_Drivers.dir/__/__/Drivers/STM32F4xx_HAL_Driver/Src/stm32f4xx_hal_tim.c.obj
                0x08003734                HAL_TIM_PWM_PulseFinishedCallback
 .text.HAL_TIM_TriggerCallback
                0x08003748       0x14 cmake/stm32cubemx/CMakeFiles/STM32_Drivers.dir/__/__/Drivers/STM32F4xx_HAL_Driver/Src/stm32f4xx_hal_tim.c.obj
                0x08003748                HAL_TIM_TriggerCallback
 .text.HAL_TIMEx_CommutCallback
                0x0800375c       0x14 cmake/stm32cubemx/CMakeFiles/STM32_Drivers.dir/__/__/Drivers/STM32F4xx_HAL_Driver/Src/stm32f4xx_hal_tim_ex.c.obj
                0x0800375c                HAL_TIMEx_CommutCallback
 .text.HAL_TIMEx_BreakCallback
                0x08003770       0x14 cmake/stm32cubemx/CMakeFiles/STM32_Drivers.dir/__/__/Drivers/STM32F4xx_HAL_Driver/Src/stm32f4xx_hal_tim_ex.c.obj
                0x08003770                HAL_TIMEx_BreakCallback
 .text.HAL_ADC_IRQHandler
                0x08003784      0x220 cmake/stm32cubemx/CMakeFiles/STM32_Drivers.dir/__/__/Drivers/STM32F4xx_HAL_Driver/Src/stm32f4xx_hal_adc.c.obj
                0x08003784                HAL_ADC_IRQHandler
 .text.HAL_ADC_GetValue
                0x080039a4       0x1a cmake/stm32cubemx/CMakeFiles/STM32_Drivers.dir/__/__/Drivers/STM32F4xx_HAL_Driver/Src/stm32f4xx_hal_adc.c.obj
                0x080039a4                HAL_ADC_GetValue
 .text.HAL_ADC_LevelOutOfWindowCallback
                0x080039be       0x14 cmake/stm32cubemx/CMakeFiles/STM32_Drivers.dir/__/__/Drivers/STM32F4xx_HAL_Driver/Src/stm32f4xx_hal_adc.c.obj
                0x080039be                HAL_ADC_LevelOutOfWindowCallback
 .text.HAL_ADC_ErrorCallback
                0x080039d2       0x14 cmake/stm32cubemx/CMakeFiles/STM32_Drivers.dir/__/__/Drivers/STM32F4xx_HAL_Driver/Src/stm32f4xx_hal_adc.c.obj
                0x080039d2                HAL_ADC_ErrorCallback
 .text.HAL_ADCEx_InjectedConvCpltCallback
                0x080039e6       0x14 cmake/stm32cubemx/CMakeFiles/STM32_Drivers.dir/__/__/Drivers/STM32F4xx_HAL_Driver/Src/stm32f4xx_hal_adc_ex.c.obj
                0x080039e6                HAL_ADCEx_InjectedConvCpltCallback
 .text.HAL_DAC_Init
                0x080039fa       0x44 cmake/stm32cubemx/CMakeFiles/STM32_Drivers.dir/__/__/Drivers/STM32F4xx_HAL_Driver/Src/stm32f4xx_hal_dac.c.obj
                0x080039fa                HAL_DAC_Init
 .text.HAL_DAC_MspInit
                0x08003a3e       0x14 cmake/stm32cubemx/CMakeFiles/STM32_Drivers.dir/__/__/Drivers/STM32F4xx_HAL_Driver/Src/stm32f4xx_hal_dac.c.obj
                0x08003a3e                HAL_DAC_MspInit
 *fill*         0x08003a52        0x2 
 .text.HAL_DAC_Start_DMA
                0x08003a54      0x180 cmake/stm32cubemx/CMakeFiles/STM32_Drivers.dir/__/__/Drivers/STM32F4xx_HAL_Driver/Src/stm32f4xx_hal_dac.c.obj
                0x08003a54                HAL_DAC_Start_DMA
 .text.HAL_DAC_SetValue
                0x08003bd4       0x54 cmake/stm32cubemx/CMakeFiles/STM32_Drivers.dir/__/__/Drivers/STM32F4xx_HAL_Driver/Src/stm32f4xx_hal_dac.c.obj
                0x08003bd4                HAL_DAC_SetValue
 .text.HAL_DAC_ConvCpltCallbackCh1
                0x08003c28       0x14 cmake/stm32cubemx/CMakeFiles/STM32_Drivers.dir/__/__/Drivers/STM32F4xx_HAL_Driver/Src/stm32f4xx_hal_dac.c.obj
                0x08003c28                HAL_DAC_ConvCpltCallbackCh1
 .text.HAL_DAC_ConvHalfCpltCallbackCh1
                0x08003c3c       0x14 cmake/stm32cubemx/CMakeFiles/STM32_Drivers.dir/__/__/Drivers/STM32F4xx_HAL_Driver/Src/stm32f4xx_hal_dac.c.obj
                0x08003c3c                HAL_DAC_ConvHalfCpltCallbackCh1
 .text.HAL_DAC_ErrorCallbackCh1
                0x08003c50       0x14 cmake/stm32cubemx/CMakeFiles/STM32_Drivers.dir/__/__/Drivers/STM32F4xx_HAL_Driver/Src/stm32f4xx_hal_dac.c.obj
                0x08003c50                HAL_DAC_ErrorCallbackCh1
 .text.HAL_DAC_ConfigChannel
                0x08003c64       0xb2 cmake/stm32cubemx/CMakeFiles/STM32_Drivers.dir/__/__/Drivers/STM32F4xx_HAL_Driver/Src/stm32f4xx_hal_dac.c.obj
                0x08003c64                HAL_DAC_ConfigChannel
 .text.DAC_DMAConvCpltCh1
                0x08003d16       0x22 cmake/stm32cubemx/CMakeFiles/STM32_Drivers.dir/__/__/Drivers/STM32F4xx_HAL_Driver/Src/stm32f4xx_hal_dac.c.obj
                0x08003d16                DAC_DMAConvCpltCh1
 .text.DAC_DMAHalfConvCpltCh1
                0x08003d38       0x1c cmake/stm32cubemx/CMakeFiles/STM32_Drivers.dir/__/__/Drivers/STM32F4xx_HAL_Driver/Src/stm32f4xx_hal_dac.c.obj
                0x08003d38                DAC_DMAHalfConvCpltCh1
 .text.DAC_DMAErrorCh1
                0x08003d54       0x2e cmake/stm32cubemx/CMakeFiles/STM32_Drivers.dir/__/__/Drivers/STM32F4xx_HAL_Driver/Src/stm32f4xx_hal_dac.c.obj
                0x08003d54                DAC_DMAErrorCh1
 .text.HAL_DACEx_ConvCpltCallbackCh2
                0x08003d82       0x14 cmake/stm32cubemx/CMakeFiles/STM32_Drivers.dir/__/__/Drivers/STM32F4xx_HAL_Driver/Src/stm32f4xx_hal_dac_ex.c.obj
                0x08003d82                HAL_DACEx_ConvCpltCallbackCh2
 .text.HAL_DACEx_ConvHalfCpltCallbackCh2
                0x08003d96       0x14 cmake/stm32cubemx/CMakeFiles/STM32_Drivers.dir/__/__/Drivers/STM32F4xx_HAL_Driver/Src/stm32f4xx_hal_dac_ex.c.obj
                0x08003d96                HAL_DACEx_ConvHalfCpltCallbackCh2
 .text.HAL_DACEx_ErrorCallbackCh2
                0x08003daa       0x14 cmake/stm32cubemx/CMakeFiles/STM32_Drivers.dir/__/__/Drivers/STM32F4xx_HAL_Driver/Src/stm32f4xx_hal_dac_ex.c.obj
                0x08003daa                HAL_DACEx_ErrorCallbackCh2
 .text.DAC_DMAConvCpltCh2
                0x08003dbe       0x22 cmake/stm32cubemx/CMakeFiles/STM32_Drivers.dir/__/__/Drivers/STM32F4xx_HAL_Driver/Src/stm32f4xx_hal_dac_ex.c.obj
                0x08003dbe                DAC_DMAConvCpltCh2
 .text.DAC_DMAHalfConvCpltCh2
                0x08003de0       0x1c cmake/stm32cubemx/CMakeFiles/STM32_Drivers.dir/__/__/Drivers/STM32F4xx_HAL_Driver/Src/stm32f4xx_hal_dac_ex.c.obj
                0x08003de0                DAC_DMAHalfConvCpltCh2
 .text.DAC_DMAErrorCh2
                0x08003dfc       0x2e cmake/stm32cubemx/CMakeFiles/STM32_Drivers.dir/__/__/Drivers/STM32F4xx_HAL_Driver/Src/stm32f4xx_hal_dac_ex.c.obj
                0x08003dfc                DAC_DMAErrorCh2
 *fill*         0x08003e2a        0x2 
 .text.main     0x08003e2c      0x104 CMakeFiles/TEST11.dir/Core/Src/main.c.obj
                0x08003e2c                main
 .text.SystemClock_Config
                0x08003f30       0xbc CMakeFiles/TEST11.dir/Core/Src/main.c.obj
 .text.Error_Handler
                0x08003fec        0xc CMakeFiles/TEST11.dir/Core/Src/main.c.obj
                0x08003fec                Error_Handler
 .text.TIM7_DAC_Trigger_Init
                0x08003ff8       0x70 CMakeFiles/TEST11.dir/Core/Src/timer.c.obj
                0x08003ff8                TIM7_DAC_Trigger_Init
 .text.TIM7_Start
                0x08004068       0x18 CMakeFiles/TEST11.dir/Core/Src/timer.c.obj
                0x08004068                TIM7_Start
 .text.UART1_Init
                0x08004080       0xcc CMakeFiles/TEST11.dir/Core/Src/uart.c.obj
                0x08004080                UART1_Init
 .text.UART1_DMA_Init
                0x0800414c       0x24 CMakeFiles/TEST11.dir/Core/Src/uart.c.obj
                0x0800414c                UART1_DMA_Init
 .text.UART1_DMA_SendString
                0x08004170       0x20 CMakeFiles/TEST11.dir/Core/Src/uart.c.obj
                0x08004170                UART1_DMA_SendString
 .text.UART1_DMA_IsBusy
                0x08004190        0xe CMakeFiles/TEST11.dir/Core/Src/uart.c.obj
                0x08004190                UART1_DMA_IsBusy
 *fill*         0x0800419e        0x2 
 .text.USART1_IRQHandler
                0x080041a0       0x14 CMakeFiles/TEST11.dir/Core/Src/uart.c.obj
                0x080041a0                USART1_IRQHandler
 .text.MX_GPIO_Init
                0x080041b4       0xd4 CMakeFiles/TEST11.dir/Core/Src/gpio.c.obj
                0x080041b4                MX_GPIO_Init
 .text.HAL_ADC_ConvCpltCallback
                0x08004288       0x90 CMakeFiles/TEST11.dir/Core/Src/adc.c.obj
                0x08004288                HAL_ADC_ConvCpltCallback
 .text.ADC_IRQHandler
                0x08004318       0x14 CMakeFiles/TEST11.dir/Core/Src/adc.c.obj
                0x08004318                ADC_IRQHandler
 .text.DAC_NoiseRand
                0x0800432c       0x74 CMakeFiles/TEST11.dir/Core/Src/dac.c.obj
 .text.DAC_SetCh2
                0x080043a0       0x30 CMakeFiles/TEST11.dir/Core/Src/dac.c.obj
                0x080043a0                DAC_SetCh2
 .text.HAL_TIM_PeriodElapsedCallback
                0x080043d0       0x8c CMakeFiles/TEST11.dir/Core/Src/dac.c.obj
                0x080043d0                HAL_TIM_PeriodElapsedCallback
 .text.TIM6_DAC_IRQHandler
                0x0800445c       0x14 CMakeFiles/TEST11.dir/Core/Src/dac.c.obj
                0x0800445c                TIM6_DAC_IRQHandler
 .text.DAC_GenSawTable
                0x08004470       0x40 CMakeFiles/TEST11.dir/Core/Src/dac.c.obj
 .text.DAC_SAW_Init
                0x080044b0      0x138 CMakeFiles/TEST11.dir/Core/Src/dac.c.obj
                0x080044b0                DAC_SAW_Init
 .text.DAC_SAW_Start
                0x080045e8       0x34 CMakeFiles/TEST11.dir/Core/Src/dac.c.obj
                0x080045e8                DAC_SAW_Start
 .text.DMA_USART1_TX_Init
                0x0800461c       0xb0 CMakeFiles/TEST11.dir/Core/Src/dma.c.obj
                0x0800461c                DMA_USART1_TX_Init
 .text.DMA_USART1_TX_Send
                0x080046cc       0x60 CMakeFiles/TEST11.dir/Core/Src/dma.c.obj
                0x080046cc                DMA_USART1_TX_Send
 .text.DMA_USART1_TX_SendString
                0x0800472c       0x64 CMakeFiles/TEST11.dir/Core/Src/dma.c.obj
                0x0800472c                DMA_USART1_TX_SendString
 .text.DMA_USART1_TX_IsBusy
                0x08004790       0x18 CMakeFiles/TEST11.dir/Core/Src/dma.c.obj
                0x08004790                DMA_USART1_TX_IsBusy
 .text.DMA2_Stream7_IRQHandler
                0x080047a8       0x14 CMakeFiles/TEST11.dir/Core/Src/dma.c.obj
                0x080047a8                DMA2_Stream7_IRQHandler
 .text.HAL_UART_TxCpltCallback
                0x080047bc       0x2c CMakeFiles/TEST11.dir/Core/Src/dma.c.obj
                0x080047bc                HAL_UART_TxCpltCallback
 .text.DMA2_Stream2_IRQHandler
                0x080047e8       0x14 CMakeFiles/TEST11.dir/Core/Src/dma.c.obj
                0x080047e8                DMA2_Stream2_IRQHandler
 .text.NMI_Handler
                0x080047fc        0x8 CMakeFiles/TEST11.dir/Core/Src/stm32f4xx_it.c.obj
                0x080047fc                NMI_Handler
 .text.HardFault_Handler
                0x08004804        0x8 CMakeFiles/TEST11.dir/Core/Src/stm32f4xx_it.c.obj
                0x08004804                HardFault_Handler
 .text.MemManage_Handler
                0x0800480c        0x8 CMakeFiles/TEST11.dir/Core/Src/stm32f4xx_it.c.obj
                0x0800480c                MemManage_Handler
 .text.BusFault_Handler
                0x08004814        0x8 CMakeFiles/TEST11.dir/Core/Src/stm32f4xx_it.c.obj
                0x08004814                BusFault_Handler
 .text.UsageFault_Handler
                0x0800481c        0x8 CMakeFiles/TEST11.dir/Core/Src/stm32f4xx_it.c.obj
                0x0800481c                UsageFault_Handler
 .text.SVC_Handler
                0x08004824        0xe CMakeFiles/TEST11.dir/Core/Src/stm32f4xx_it.c.obj
                0x08004824                SVC_Handler
 .text.DebugMon_Handler
                0x08004832        0xe CMakeFiles/TEST11.dir/Core/Src/stm32f4xx_it.c.obj
                0x08004832                DebugMon_Handler
 .text.PendSV_Handler
                0x08004840        0xe CMakeFiles/TEST11.dir/Core/Src/stm32f4xx_it.c.obj
                0x08004840                PendSV_Handler
 .text.SysTick_Handler
                0x0800484e        0xc CMakeFiles/TEST11.dir/Core/Src/stm32f4xx_it.c.obj
                0x0800484e                SysTick_Handler
 .text.TIM2_IRQHandler
                0x0800485a        0xe CMakeFiles/TEST11.dir/Core/Src/stm32f4xx_it.c.obj
                0x0800485a                TIM2_IRQHandler
 .text.EXTI9_5_IRQHandler
                0x08004868       0x68 CMakeFiles/TEST11.dir/Core/Src/stm32f4xx_it.c.obj
                0x08004868                EXTI9_5_IRQHandler
 .text.EXTI4_IRQHandler
                0x080048d0       0x48 CMakeFiles/TEST11.dir/Core/Src/stm32f4xx_it.c.obj
                0x080048d0                EXTI4_IRQHandler
 .text.TIM3_IRQHandler
                0x08004918      0x17c CMakeFiles/TEST11.dir/Core/Src/stm32f4xx_it.c.obj
                0x08004918                TIM3_IRQHandler
 .text.TIM4_IRQHandler
                0x08004a94        0xe CMakeFiles/TEST11.dir/Core/Src/stm32f4xx_it.c.obj
                0x08004a94                TIM4_IRQHandler
 *fill*         0x08004aa2        0x2 
 .text.HAL_MspInit
                0x08004aa4       0x50 CMakeFiles/TEST11.dir/Core/Src/stm32f4xx_hal_msp.c.obj
                0x08004aa4                HAL_MspInit
 .text._sbrk    0x08004af4       0x6c CMakeFiles/TEST11.dir/Core/Src/sysmem.c.obj
                0x08004af4                _sbrk
 .text._getpid  0x08004b60       0x10 CMakeFiles/TEST11.dir/Core/Src/syscalls.c.obj
                0x08004b60                _getpid
 .text._kill    0x08004b70       0x20 CMakeFiles/TEST11.dir/Core/Src/syscalls.c.obj
                0x08004b70                _kill
 .text._exit    0x08004b90       0x16 CMakeFiles/TEST11.dir/Core/Src/syscalls.c.obj
                0x08004b90                _exit
 .text._read    0x08004ba6       0x3a CMakeFiles/TEST11.dir/Core/Src/syscalls.c.obj
                0x08004ba6                _read
 .text._write   0x08004be0       0x38 CMakeFiles/TEST11.dir/Core/Src/syscalls.c.obj
                0x08004be0                _write
 .text._close   0x08004c18       0x18 CMakeFiles/TEST11.dir/Core/Src/syscalls.c.obj
                0x08004c18                _close
 .text._fstat   0x08004c30       0x20 CMakeFiles/TEST11.dir/Core/Src/syscalls.c.obj
                0x08004c30                _fstat
 .text._isatty  0x08004c50       0x16 CMakeFiles/TEST11.dir/Core/Src/syscalls.c.obj
                0x08004c50                _isatty
 .text._lseek   0x08004c66       0x1a CMakeFiles/TEST11.dir/Core/Src/syscalls.c.obj
                0x08004c66                _lseek
 .text.Reset_Handler
                0x08004c80       0x50 CMakeFiles/TEST11.dir/startup_stm32f407xx.s.obj
                0x08004c80                Reset_Handler
 .text.Default_Handler
                0x08004cd0        0x2 CMakeFiles/TEST11.dir/startup_stm32f407xx.s.obj
                0x08004cd0                RTC_Alarm_IRQHandler
                0x08004cd0                HASH_RNG_IRQHandler
                0x08004cd0                EXTI2_IRQHandler
                0x08004cd0                TIM8_CC_IRQHandler
                0x08004cd0                TIM1_CC_IRQHandler
                0x08004cd0                DMA2_Stream5_IRQHandler
                0x08004cd0                DMA1_Stream5_IRQHandler
                0x08004cd0                PVD_IRQHandler
                0x08004cd0                SDIO_IRQHandler
                0x08004cd0                TAMP_STAMP_IRQHandler
                0x08004cd0                CAN2_RX1_IRQHandler
                0x08004cd0                EXTI3_IRQHandler
                0x08004cd0                TIM8_TRG_COM_TIM14_IRQHandler
                0x08004cd0                TIM1_UP_TIM10_IRQHandler
                0x08004cd0                TIM8_UP_TIM13_IRQHandler
                0x08004cd0                I2C3_ER_IRQHandler
                0x08004cd0                EXTI0_IRQHandler
                0x08004cd0                I2C2_EV_IRQHandler
                0x08004cd0                DMA1_Stream2_IRQHandler
                0x08004cd0                CAN1_RX0_IRQHandler
                0x08004cd0                FPU_IRQHandler
                0x08004cd0                OTG_HS_WKUP_IRQHandler
                0x08004cd0                CAN2_SCE_IRQHandler
                0x08004cd0                SPI1_IRQHandler
                0x08004cd0                TIM1_BRK_TIM9_IRQHandler
                0x08004cd0                DCMI_IRQHandler
                0x08004cd0                CAN2_RX0_IRQHandler
                0x08004cd0                DMA2_Stream3_IRQHandler
                0x08004cd0                USART6_IRQHandler
                0x08004cd0                USART3_IRQHandler
                0x08004cd0                CAN1_RX1_IRQHandler
                0x08004cd0                UART5_IRQHandler
                0x08004cd0                DMA2_Stream0_IRQHandler
                0x08004cd0                I2C1_EV_IRQHandler
                0x08004cd0                DMA1_Stream6_IRQHandler
                0x08004cd0                DMA1_Stream1_IRQHandler
                0x08004cd0                UART4_IRQHandler
                0x08004cd0                RCC_IRQHandler
                0x08004cd0                TIM8_BRK_TIM12_IRQHandler
                0x08004cd0                Default_Handler
                0x08004cd0                EXTI15_10_IRQHandler
                0x08004cd0                DMA1_Stream7_IRQHandler
                0x08004cd0                TIM7_IRQHandler
                0x08004cd0                CAN2_TX_IRQHandler
                0x08004cd0                TIM5_IRQHandler
                0x08004cd0                I2C3_EV_IRQHandler
                0x08004cd0                RTC_WKUP_IRQHandler
                0x08004cd0                ETH_WKUP_IRQHandler
                0x08004cd0                SPI2_IRQHandler
                0x08004cd0                OTG_HS_EP1_IN_IRQHandler
                0x08004cd0                DMA1_Stream0_IRQHandler
                0x08004cd0                CAN1_TX_IRQHandler
                0x08004cd0                FSMC_IRQHandler
                0x08004cd0                ETH_IRQHandler
                0x08004cd0                OTG_HS_EP1_OUT_IRQHandler
                0x08004cd0                WWDG_IRQHandler
                0x08004cd0                OTG_FS_WKUP_IRQHandler
                0x08004cd0                TIM1_TRG_COM_TIM11_IRQHandler
                0x08004cd0                OTG_HS_IRQHandler
                0x08004cd0                EXTI1_IRQHandler
                0x08004cd0                USART2_IRQHandler
                0x08004cd0                I2C2_ER_IRQHandler
                0x08004cd0                DMA2_Stream1_IRQHandler
                0x08004cd0                CAN1_SCE_IRQHandler
                0x08004cd0                FLASH_IRQHandler
                0x08004cd0                DMA2_Stream4_IRQHandler
                0x08004cd0                OTG_FS_IRQHandler
                0x08004cd0                SPI3_IRQHandler
                0x08004cd0                DMA1_Stream4_IRQHandler
                0x08004cd0                I2C1_ER_IRQHandler
                0x08004cd0                DMA2_Stream6_IRQHandler
                0x08004cd0                DMA1_Stream3_IRQHandler
 *fill*         0x08004cd2        0x2 
 .text.__udivmoddi4
                0x08004cd4      0x2bc C:/arm-tools/xpack-arm-none-eabi-gcc-13.3.1-1.1/bin/../lib/gcc/arm-none-eabi/13.3.1/thumb/v7e-m+fp/hard\libgcc.a(_udivmoddi4.o)
                0x08004cd4                __udivmoddi4
 .text.__cvt    0x08004f90       0xca C:/arm-tools/xpack-arm-none-eabi-gcc-13.3.1-1.1/bin/../lib/gcc/arm-none-eabi/13.3.1/../../../../arm-none-eabi/lib/thumb/v7e-m+fp/hard\libg_nano.a(libc_a-nano-vfprintf_float.o)
                0x08004f90                __cvt
 .text.__exponent
                0x0800505a       0x74 C:/arm-tools/xpack-arm-none-eabi-gcc-13.3.1-1.1/bin/../lib/gcc/arm-none-eabi/13.3.1/../../../../arm-none-eabi/lib/thumb/v7e-m+fp/hard\libg_nano.a(libc_a-nano-vfprintf_float.o)
                0x0800505a                __exponent
 *fill*         0x080050ce        0x2 
 .text._printf_float
                0x080050d0      0x454 C:/arm-tools/xpack-arm-none-eabi-gcc-13.3.1-1.1/bin/../lib/gcc/arm-none-eabi/13.3.1/../../../../arm-none-eabi/lib/thumb/v7e-m+fp/hard\libg_nano.a(libc_a-nano-vfprintf_float.o)
                0x080050d0                _printf_float
 .text._printf_common
                0x08005524       0xda C:/arm-tools/xpack-arm-none-eabi-gcc-13.3.1-1.1/bin/../lib/gcc/arm-none-eabi/13.3.1/../../../../arm-none-eabi/lib/thumb/v7e-m+fp/hard\libg_nano.a(libc_a-nano-vfprintf_i.o)
                0x08005524                _printf_common
 *fill*         0x080055fe        0x2 
 .text._printf_i
                0x08005600      0x23c C:/arm-tools/xpack-arm-none-eabi-gcc-13.3.1-1.1/bin/../lib/gcc/arm-none-eabi/13.3.1/../../../../arm-none-eabi/lib/thumb/v7e-m+fp/hard\libg_nano.a(libc_a-nano-vfprintf_i.o)
                0x08005600                _printf_i
 .text.std      0x0800583c       0x6c C:/arm-tools/xpack-arm-none-eabi-gcc-13.3.1-1.1/bin/../lib/gcc/arm-none-eabi/13.3.1/../../../../arm-none-eabi/lib/thumb/v7e-m+fp/hard\libg_nano.a(libc_a-findfp.o)
 .text.stdio_exit_handler
                0x080058a8       0x18 C:/arm-tools/xpack-arm-none-eabi-gcc-13.3.1-1.1/bin/../lib/gcc/arm-none-eabi/13.3.1/../../../../arm-none-eabi/lib/thumb/v7e-m+fp/hard\libg_nano.a(libc_a-findfp.o)
 .text.cleanup_stdio
                0x080058c0       0x40 C:/arm-tools/xpack-arm-none-eabi-gcc-13.3.1-1.1/bin/../lib/gcc/arm-none-eabi/13.3.1/../../../../arm-none-eabi/lib/thumb/v7e-m+fp/hard\libg_nano.a(libc_a-findfp.o)
 .text.global_stdio_init.part.0
                0x08005900       0x3c C:/arm-tools/xpack-arm-none-eabi-gcc-13.3.1-1.1/bin/../lib/gcc/arm-none-eabi/13.3.1/../../../../arm-none-eabi/lib/thumb/v7e-m+fp/hard\libg_nano.a(libc_a-findfp.o)
 .text.__sfp_lock_acquire
                0x0800593c        0xc C:/arm-tools/xpack-arm-none-eabi-gcc-13.3.1-1.1/bin/../lib/gcc/arm-none-eabi/13.3.1/../../../../arm-none-eabi/lib/thumb/v7e-m+fp/hard\libg_nano.a(libc_a-findfp.o)
                0x0800593c                __sfp_lock_acquire
 .text.__sfp_lock_release
                0x08005948        0xc C:/arm-tools/xpack-arm-none-eabi-gcc-13.3.1-1.1/bin/../lib/gcc/arm-none-eabi/13.3.1/../../../../arm-none-eabi/lib/thumb/v7e-m+fp/hard\libg_nano.a(libc_a-findfp.o)
                0x08005948                __sfp_lock_release
 .text.__sinit  0x08005954       0x30 C:/arm-tools/xpack-arm-none-eabi-gcc-13.3.1-1.1/bin/../lib/gcc/arm-none-eabi/13.3.1/../../../../arm-none-eabi/lib/thumb/v7e-m+fp/hard\libg_nano.a(libc_a-findfp.o)
                0x08005954                __sinit
 .text._fwalk_sglue
                0x08005984       0x3c C:/arm-tools/xpack-arm-none-eabi-gcc-13.3.1-1.1/bin/../lib/gcc/arm-none-eabi/13.3.1/../../../../arm-none-eabi/lib/thumb/v7e-m+fp/hard\libg_nano.a(libc_a-fwalk.o)
                0x08005984                _fwalk_sglue
 .text.snprintf
                0x080059c0       0x6c C:/arm-tools/xpack-arm-none-eabi-gcc-13.3.1-1.1/bin/../lib/gcc/arm-none-eabi/13.3.1/../../../../arm-none-eabi/lib/thumb/v7e-m+fp/hard\libg_nano.a(libc_a-snprintf.o)
                0x080059c0                sniprintf
                0x080059c0                snprintf
 .text.__sread  0x08005a2c       0x22 C:/arm-tools/xpack-arm-none-eabi-gcc-13.3.1-1.1/bin/../lib/gcc/arm-none-eabi/13.3.1/../../../../arm-none-eabi/lib/thumb/v7e-m+fp/hard\libg_nano.a(libc_a-stdio.o)
                0x08005a2c                __sread
 .text.__swrite
                0x08005a4e       0x38 C:/arm-tools/xpack-arm-none-eabi-gcc-13.3.1-1.1/bin/../lib/gcc/arm-none-eabi/13.3.1/../../../../arm-none-eabi/lib/thumb/v7e-m+fp/hard\libg_nano.a(libc_a-stdio.o)
                0x08005a4e                __swrite
 .text.__sseek  0x08005a86       0x24 C:/arm-tools/xpack-arm-none-eabi-gcc-13.3.1-1.1/bin/../lib/gcc/arm-none-eabi/13.3.1/../../../../arm-none-eabi/lib/thumb/v7e-m+fp/hard\libg_nano.a(libc_a-stdio.o)
                0x08005a86                __sseek
 .text.__sclose
                0x08005aaa        0x8 C:/arm-tools/xpack-arm-none-eabi-gcc-13.3.1-1.1/bin/../lib/gcc/arm-none-eabi/13.3.1/../../../../arm-none-eabi/lib/thumb/v7e-m+fp/hard\libg_nano.a(libc_a-stdio.o)
                0x08005aaa                __sclose
 .text.memset   0x08005ab2       0x10 C:/arm-tools/xpack-arm-none-eabi-gcc-13.3.1-1.1/bin/../lib/gcc/arm-none-eabi/13.3.1/../../../../arm-none-eabi/lib/thumb/v7e-m+fp/hard\libg_nano.a(libc_a-memset.o)
                0x08005ab2                memset
 *fill*         0x08005ac2        0x2 
 .text._localeconv_r
                0x08005ac4        0x8 C:/arm-tools/xpack-arm-none-eabi-gcc-13.3.1-1.1/bin/../lib/gcc/arm-none-eabi/13.3.1/../../../../arm-none-eabi/lib/thumb/v7e-m+fp/hard\libg_nano.a(libc_a-localeconv.o)
                0x08005ac4                _localeconv_r
 .text._close_r
                0x08005acc       0x20 C:/arm-tools/xpack-arm-none-eabi-gcc-13.3.1-1.1/bin/../lib/gcc/arm-none-eabi/13.3.1/../../../../arm-none-eabi/lib/thumb/v7e-m+fp/hard\libg_nano.a(libc_a-closer.o)
                0x08005acc                _close_r
 .text._lseek_r
                0x08005aec       0x24 C:/arm-tools/xpack-arm-none-eabi-gcc-13.3.1-1.1/bin/../lib/gcc/arm-none-eabi/13.3.1/../../../../arm-none-eabi/lib/thumb/v7e-m+fp/hard\libg_nano.a(libc_a-lseekr.o)
                0x08005aec                _lseek_r
 .text._read_r  0x08005b10       0x24 C:/arm-tools/xpack-arm-none-eabi-gcc-13.3.1-1.1/bin/../lib/gcc/arm-none-eabi/13.3.1/../../../../arm-none-eabi/lib/thumb/v7e-m+fp/hard\libg_nano.a(libc_a-readr.o)
                0x08005b10                _read_r
 .text._write_r
                0x08005b34       0x24 C:/arm-tools/xpack-arm-none-eabi-gcc-13.3.1-1.1/bin/../lib/gcc/arm-none-eabi/13.3.1/../../../../arm-none-eabi/lib/thumb/v7e-m+fp/hard\libg_nano.a(libc_a-writer.o)
                0x08005b34                _write_r
 .text.__errno  0x08005b58        0xc C:/arm-tools/xpack-arm-none-eabi-gcc-13.3.1-1.1/bin/../lib/gcc/arm-none-eabi/13.3.1/../../../../arm-none-eabi/lib/thumb/v7e-m+fp/hard\libg_nano.a(libc_a-errno.o)
                0x08005b58                __errno
 .text.__libc_init_array
                0x08005b64       0x48 C:/arm-tools/xpack-arm-none-eabi-gcc-13.3.1-1.1/bin/../lib/gcc/arm-none-eabi/13.3.1/../../../../arm-none-eabi/lib/thumb/v7e-m+fp/hard\libg_nano.a(libc_a-init.o)
                0x08005b64                __libc_init_array
 .text.__retarget_lock_init_recursive
                0x08005bac        0x2 C:/arm-tools/xpack-arm-none-eabi-gcc-13.3.1-1.1/bin/../lib/gcc/arm-none-eabi/13.3.1/../../../../arm-none-eabi/lib/thumb/v7e-m+fp/hard\libg_nano.a(libc_a-lock.o)
                0x08005bac                __retarget_lock_init_recursive
 .text.__retarget_lock_acquire_recursive
                0x08005bae        0x2 C:/arm-tools/xpack-arm-none-eabi-gcc-13.3.1-1.1/bin/../lib/gcc/arm-none-eabi/13.3.1/../../../../arm-none-eabi/lib/thumb/v7e-m+fp/hard\libg_nano.a(libc_a-lock.o)
                0x08005bae                __retarget_lock_acquire_recursive
 .text.__retarget_lock_release_recursive
                0x08005bb0        0x2 C:/arm-tools/xpack-arm-none-eabi-gcc-13.3.1-1.1/bin/../lib/gcc/arm-none-eabi/13.3.1/../../../../arm-none-eabi/lib/thumb/v7e-m+fp/hard\libg_nano.a(libc_a-lock.o)
                0x08005bb0                __retarget_lock_release_recursive
 .text.quorem   0x08005bb2      0x110 C:/arm-tools/xpack-arm-none-eabi-gcc-13.3.1-1.1/bin/../lib/gcc/arm-none-eabi/13.3.1/../../../../arm-none-eabi/lib/thumb/v7e-m+fp/hard\libg_nano.a(libc_a-dtoa.o)
 *fill*         0x08005cc2        0x6 
 .text._dtoa_r  0x08005cc8      0xb74 C:/arm-tools/xpack-arm-none-eabi-gcc-13.3.1-1.1/bin/../lib/gcc/arm-none-eabi/13.3.1/../../../../arm-none-eabi/lib/thumb/v7e-m+fp/hard\libg_nano.a(libc_a-dtoa.o)
                0x08005cc8                _dtoa_r
 .text._free_r  0x0800683c       0x94 C:/arm-tools/xpack-arm-none-eabi-gcc-13.3.1-1.1/bin/../lib/gcc/arm-none-eabi/13.3.1/../../../../arm-none-eabi/lib/thumb/v7e-m+fp/hard\libg_nano.a(libc_a-freer.o)
                0x0800683c                _free_r
 .text.malloc   0x080068d0       0x10 C:/arm-tools/xpack-arm-none-eabi-gcc-13.3.1-1.1/bin/../lib/gcc/arm-none-eabi/13.3.1/../../../../arm-none-eabi/lib/thumb/v7e-m+fp/hard\libg_nano.a(libc_a-malloc.o)
                0x080068d0                malloc
 .text.sbrk_aligned
                0x080068e0       0x44 C:/arm-tools/xpack-arm-none-eabi-gcc-13.3.1-1.1/bin/../lib/gcc/arm-none-eabi/13.3.1/../../../../arm-none-eabi/lib/thumb/v7e-m+fp/hard\libg_nano.a(libc_a-mallocr.o)
 .text._malloc_r
                0x08006924      0x100 C:/arm-tools/xpack-arm-none-eabi-gcc-13.3.1-1.1/bin/../lib/gcc/arm-none-eabi/13.3.1/../../../../arm-none-eabi/lib/thumb/v7e-m+fp/hard\libg_nano.a(libc_a-mallocr.o)
                0x08006924                _malloc_r
 .text.__malloc_lock
                0x08006a24        0xc C:/arm-tools/xpack-arm-none-eabi-gcc-13.3.1-1.1/bin/../lib/gcc/arm-none-eabi/13.3.1/../../../../arm-none-eabi/lib/thumb/v7e-m+fp/hard\libg_nano.a(libc_a-mlock.o)
                0x08006a24                __malloc_lock
 .text.__malloc_unlock
                0x08006a30        0xc C:/arm-tools/xpack-arm-none-eabi-gcc-13.3.1-1.1/bin/../lib/gcc/arm-none-eabi/13.3.1/../../../../arm-none-eabi/lib/thumb/v7e-m+fp/hard\libg_nano.a(libc_a-mlock.o)
                0x08006a30                __malloc_unlock
 .text._Balloc  0x08006a3c       0x80 C:/arm-tools/xpack-arm-none-eabi-gcc-13.3.1-1.1/bin/../lib/gcc/arm-none-eabi/13.3.1/../../../../arm-none-eabi/lib/thumb/v7e-m+fp/hard\libg_nano.a(libc_a-mprec.o)
                0x08006a3c                _Balloc
 .text._Bfree   0x08006abc       0x44 C:/arm-tools/xpack-arm-none-eabi-gcc-13.3.1-1.1/bin/../lib/gcc/arm-none-eabi/13.3.1/../../../../arm-none-eabi/lib/thumb/v7e-m+fp/hard\libg_nano.a(libc_a-mprec.o)
                0x08006abc                _Bfree
 .text.__multadd
                0x08006b00       0x8c C:/arm-tools/xpack-arm-none-eabi-gcc-13.3.1-1.1/bin/../lib/gcc/arm-none-eabi/13.3.1/../../../../arm-none-eabi/lib/thumb/v7e-m+fp/hard\libg_nano.a(libc_a-mprec.o)
                0x08006b00                __multadd
 .text.__hi0bits
                0x08006b8c       0x3e C:/arm-tools/xpack-arm-none-eabi-gcc-13.3.1-1.1/bin/../lib/gcc/arm-none-eabi/13.3.1/../../../../arm-none-eabi/lib/thumb/v7e-m+fp/hard\libg_nano.a(libc_a-mprec.o)
                0x08006b8c                __hi0bits
 .text.__lo0bits
                0x08006bca       0x5a C:/arm-tools/xpack-arm-none-eabi-gcc-13.3.1-1.1/bin/../lib/gcc/arm-none-eabi/13.3.1/../../../../arm-none-eabi/lib/thumb/v7e-m+fp/hard\libg_nano.a(libc_a-mprec.o)
                0x08006bca                __lo0bits
 .text.__i2b    0x08006c24       0x2c C:/arm-tools/xpack-arm-none-eabi-gcc-13.3.1-1.1/bin/../lib/gcc/arm-none-eabi/13.3.1/../../../../arm-none-eabi/lib/thumb/v7e-m+fp/hard\libg_nano.a(libc_a-mprec.o)
                0x08006c24                __i2b
 .text.__multiply
                0x08006c50      0x144 C:/arm-tools/xpack-arm-none-eabi-gcc-13.3.1-1.1/bin/../lib/gcc/arm-none-eabi/13.3.1/../../../../arm-none-eabi/lib/thumb/v7e-m+fp/hard\libg_nano.a(libc_a-mprec.o)
                0x08006c50                __multiply
 .text.__pow5mult
                0x08006d94       0xb4 C:/arm-tools/xpack-arm-none-eabi-gcc-13.3.1-1.1/bin/../lib/gcc/arm-none-eabi/13.3.1/../../../../arm-none-eabi/lib/thumb/v7e-m+fp/hard\libg_nano.a(libc_a-mprec.o)
                0x08006d94                __pow5mult
 .text.__lshift
                0x08006e48       0xd8 C:/arm-tools/xpack-arm-none-eabi-gcc-13.3.1-1.1/bin/../lib/gcc/arm-none-eabi/13.3.1/../../../../arm-none-eabi/lib/thumb/v7e-m+fp/hard\libg_nano.a(libc_a-mprec.o)
                0x08006e48                __lshift
 .text.__mcmp   0x08006f20       0x36 C:/arm-tools/xpack-arm-none-eabi-gcc-13.3.1-1.1/bin/../lib/gcc/arm-none-eabi/13.3.1/../../../../arm-none-eabi/lib/thumb/v7e-m+fp/hard\libg_nano.a(libc_a-mprec.o)
                0x08006f20                __mcmp
 *fill*         0x08006f56        0x2 
 .text.__mdiff  0x08006f58      0x128 C:/arm-tools/xpack-arm-none-eabi-gcc-13.3.1-1.1/bin/../lib/gcc/arm-none-eabi/13.3.1/../../../../arm-none-eabi/lib/thumb/v7e-m+fp/hard\libg_nano.a(libc_a-mprec.o)
                0x08006f58                __mdiff
 .text.__d2b    0x08007080       0xb0 C:/arm-tools/xpack-arm-none-eabi-gcc-13.3.1-1.1/bin/../lib/gcc/arm-none-eabi/13.3.1/../../../../arm-none-eabi/lib/thumb/v7e-m+fp/hard\libg_nano.a(libc_a-mprec.o)
                0x08007080                __d2b
 .text.__ssputs_r
                0x08007130       0xb6 C:/arm-tools/xpack-arm-none-eabi-gcc-13.3.1-1.1/bin/../lib/gcc/arm-none-eabi/13.3.1/../../../../arm-none-eabi/lib/thumb/v7e-m+fp/hard\libg_nano.a(libc_a-nano-svfprintf.o)
                0x08007130                __ssputs_r
 *fill*         0x080071e6        0x2 
 .text._svfprintf_r
                0x080071e8      0x1f8 C:/arm-tools/xpack-arm-none-eabi-gcc-13.3.1-1.1/bin/../lib/gcc/arm-none-eabi/13.3.1/../../../../arm-none-eabi/lib/thumb/v7e-m+fp/hard\libg_nano.a(libc_a-nano-svfprintf.o)
                0x080071e8                _svfiprintf_r
                0x080071e8                _svfprintf_r
 .text.__sflush_r
                0x080073e0      0x108 C:/arm-tools/xpack-arm-none-eabi-gcc-13.3.1-1.1/bin/../lib/gcc/arm-none-eabi/13.3.1/../../../../arm-none-eabi/lib/thumb/v7e-m+fp/hard\libg_nano.a(libc_a-fflush.o)
                0x080073e0                __sflush_r
 .text._fflush_r
                0x080074e8       0x50 C:/arm-tools/xpack-arm-none-eabi-gcc-13.3.1-1.1/bin/../lib/gcc/arm-none-eabi/13.3.1/../../../../arm-none-eabi/lib/thumb/v7e-m+fp/hard\libg_nano.a(libc_a-fflush.o)
                0x080074e8                _fflush_r
 .text.memmove  0x08007538       0x34 C:/arm-tools/xpack-arm-none-eabi-gcc-13.3.1-1.1/bin/../lib/gcc/arm-none-eabi/13.3.1/../../../../arm-none-eabi/lib/thumb/v7e-m+fp/hard\libg_nano.a(libc_a-memmove.o)
                0x08007538                memmove
 .text._sbrk_r  0x0800756c       0x20 C:/arm-tools/xpack-arm-none-eabi-gcc-13.3.1-1.1/bin/../lib/gcc/arm-none-eabi/13.3.1/../../../../arm-none-eabi/lib/thumb/v7e-m+fp/hard\libg_nano.a(libc_a-sbrkr.o)
                0x0800756c                _sbrk_r
 .text.memcpy   0x0800758c       0x1c C:/arm-tools/xpack-arm-none-eabi-gcc-13.3.1-1.1/bin/../lib/gcc/arm-none-eabi/13.3.1/../../../../arm-none-eabi/lib/thumb/v7e-m+fp/hard\libg_nano.a(libc_a-memcpy-stub.o)
                0x0800758c                memcpy
 .text.__assert_func
                0x080075a8       0x3c C:/arm-tools/xpack-arm-none-eabi-gcc-13.3.1-1.1/bin/../lib/gcc/arm-none-eabi/13.3.1/../../../../arm-none-eabi/lib/thumb/v7e-m+fp/hard\libg_nano.a(libc_a-assert.o)
                0x080075a8                __assert_func
 .text._calloc_r
                0x080075e4       0x28 C:/arm-tools/xpack-arm-none-eabi-gcc-13.3.1-1.1/bin/../lib/gcc/arm-none-eabi/13.3.1/../../../../arm-none-eabi/lib/thumb/v7e-m+fp/hard\libg_nano.a(libc_a-callocr.o)
                0x080075e4                _calloc_r
 .text.__ascii_mbtowc
                0x0800760c       0x24 C:/arm-tools/xpack-arm-none-eabi-gcc-13.3.1-1.1/bin/../lib/gcc/arm-none-eabi/13.3.1/../../../../arm-none-eabi/lib/thumb/v7e-m+fp/hard\libg_nano.a(libc_a-mbtowc_r.o)
                0x0800760c                __ascii_mbtowc
 .text._realloc_r
                0x08007630       0x5c C:/arm-tools/xpack-arm-none-eabi-gcc-13.3.1-1.1/bin/../lib/gcc/arm-none-eabi/13.3.1/../../../../arm-none-eabi/lib/thumb/v7e-m+fp/hard\libg_nano.a(libc_a-reallocr.o)
                0x08007630                _realloc_r
 .text.__ascii_wctomb
                0x0800768c       0x1a C:/arm-tools/xpack-arm-none-eabi-gcc-13.3.1-1.1/bin/../lib/gcc/arm-none-eabi/13.3.1/../../../../arm-none-eabi/lib/thumb/v7e-m+fp/hard\libg_nano.a(libc_a-wctomb_r.o)
                0x0800768c                __ascii_wctomb
 *fill*         0x080076a6        0x2 
 .text.fprintf  0x080076a8       0x24 C:/arm-tools/xpack-arm-none-eabi-gcc-13.3.1-1.1/bin/../lib/gcc/arm-none-eabi/13.3.1/../../../../arm-none-eabi/lib/thumb/v7e-m+fp/hard\libg_nano.a(libc_a-fprintf.o)
                0x080076a8                fiprintf
                0x080076a8                fprintf
 .text.abort    0x080076cc        0xe C:/arm-tools/xpack-arm-none-eabi-gcc-13.3.1-1.1/bin/../lib/gcc/arm-none-eabi/13.3.1/../../../../arm-none-eabi/lib/thumb/v7e-m+fp/hard\libg_nano.a(libc_a-abort.o)
                0x080076cc                abort
 .text._malloc_usable_size_r
                0x080076da       0x10 C:/arm-tools/xpack-arm-none-eabi-gcc-13.3.1-1.1/bin/../lib/gcc/arm-none-eabi/13.3.1/../../../../arm-none-eabi/lib/thumb/v7e-m+fp/hard\libg_nano.a(libc_a-msizer.o)
                0x080076da                _malloc_usable_size_r
 .text.__sfputc_r
                0x080076ea       0x2e C:/arm-tools/xpack-arm-none-eabi-gcc-13.3.1-1.1/bin/../lib/gcc/arm-none-eabi/13.3.1/../../../../arm-none-eabi/lib/thumb/v7e-m+fp/hard\libg_nano.a(libc_a-nano-vfprintf.o)
 .text.__sfputs_r
                0x08007718       0x24 C:/arm-tools/xpack-arm-none-eabi-gcc-13.3.1-1.1/bin/../lib/gcc/arm-none-eabi/13.3.1/../../../../arm-none-eabi/lib/thumb/v7e-m+fp/hard\libg_nano.a(libc_a-nano-vfprintf.o)
                0x08007718                __sfputs_r
 .text._vfprintf_r
                0x0800773c      0x230 C:/arm-tools/xpack-arm-none-eabi-gcc-13.3.1-1.1/bin/../lib/gcc/arm-none-eabi/13.3.1/../../../../arm-none-eabi/lib/thumb/v7e-m+fp/hard\libg_nano.a(libc_a-nano-vfprintf.o)
                0x0800773c                _vfprintf_r
                0x0800773c                _vfiprintf_r
 .text.__swbuf_r
                0x0800796c       0x7c C:/arm-tools/xpack-arm-none-eabi-gcc-13.3.1-1.1/bin/../lib/gcc/arm-none-eabi/13.3.1/../../../../arm-none-eabi/lib/thumb/v7e-m+fp/hard\libg_nano.a(libc_a-wbuf.o)
                0x0800796c                __swbuf_r
 .text.__swsetup_r
                0x080079e8       0xac C:/arm-tools/xpack-arm-none-eabi-gcc-13.3.1-1.1/bin/../lib/gcc/arm-none-eabi/13.3.1/../../../../arm-none-eabi/lib/thumb/v7e-m+fp/hard\libg_nano.a(libc_a-wsetup.o)
                0x080079e8                __swsetup_r
 .text._raise_r
                0x08007a94       0x50 C:/arm-tools/xpack-arm-none-eabi-gcc-13.3.1-1.1/bin/../lib/gcc/arm-none-eabi/13.3.1/../../../../arm-none-eabi/lib/thumb/v7e-m+fp/hard\libg_nano.a(libc_a-signal.o)
                0x08007a94                _raise_r
 .text.raise    0x08007ae4       0x10 C:/arm-tools/xpack-arm-none-eabi-gcc-13.3.1-1.1/bin/../lib/gcc/arm-none-eabi/13.3.1/../../../../arm-none-eabi/lib/thumb/v7e-m+fp/hard\libg_nano.a(libc_a-signal.o)
                0x08007ae4                raise
 .text._kill_r  0x08007af4       0x24 C:/arm-tools/xpack-arm-none-eabi-gcc-13.3.1-1.1/bin/../lib/gcc/arm-none-eabi/13.3.1/../../../../arm-none-eabi/lib/thumb/v7e-m+fp/hard\libg_nano.a(libc_a-signalr.o)
                0x08007af4                _kill_r
 .text._getpid_r
                0x08007b18        0x4 C:/arm-tools/xpack-arm-none-eabi-gcc-13.3.1-1.1/bin/../lib/gcc/arm-none-eabi/13.3.1/../../../../arm-none-eabi/lib/thumb/v7e-m+fp/hard\libg_nano.a(libc_a-signalr.o)
                0x08007b18                _getpid_r
 .text.__swhatbuf_r
                0x08007b1c       0x4c C:/arm-tools/xpack-arm-none-eabi-gcc-13.3.1-1.1/bin/../lib/gcc/arm-none-eabi/13.3.1/../../../../arm-none-eabi/lib/thumb/v7e-m+fp/hard\libg_nano.a(libc_a-makebuf.o)
                0x08007b1c                __swhatbuf_r
 .text.__smakebuf_r
                0x08007b68       0x78 C:/arm-tools/xpack-arm-none-eabi-gcc-13.3.1-1.1/bin/../lib/gcc/arm-none-eabi/13.3.1/../../../../arm-none-eabi/lib/thumb/v7e-m+fp/hard\libg_nano.a(libc_a-makebuf.o)
                0x08007b68                __smakebuf_r
 .text._fstat_r
                0x08007be0       0x24 C:/arm-tools/xpack-arm-none-eabi-gcc-13.3.1-1.1/bin/../lib/gcc/arm-none-eabi/13.3.1/../../../../arm-none-eabi/lib/thumb/v7e-m+fp/hard\libg_nano.a(libc_a-fstatr.o)
                0x08007be0                _fstat_r
 .text._isatty_r
                0x08007c04       0x20 C:/arm-tools/xpack-arm-none-eabi-gcc-13.3.1-1.1/bin/../lib/gcc/arm-none-eabi/13.3.1/../../../../arm-none-eabi/lib/thumb/v7e-m+fp/hard\libg_nano.a(libc_a-isattyr.o)
                0x08007c04                _isatty_r
 *(.glue_7)
 .glue_7        0x08007c24        0x0 linker stubs
 *(.glue_7t)
 .glue_7t       0x08007c24        0x0 linker stubs
 *(.eh_frame)
 .eh_frame      0x08007c24        0x0 C:/arm-tools/xpack-arm-none-eabi-gcc-13.3.1-1.1/bin/../lib/gcc/arm-none-eabi/13.3.1/thumb/v7e-m+fp/hard/crtbegin.o
 *(.init)
 .init          0x08007c24        0x4 C:/arm-tools/xpack-arm-none-eabi-gcc-13.3.1-1.1/bin/../lib/gcc/arm-none-eabi/13.3.1/thumb/v7e-m+fp/hard/crti.o
                0x08007c24                _init
 .init          0x08007c28        0x8 C:/arm-tools/xpack-arm-none-eabi-gcc-13.3.1-1.1/bin/../lib/gcc/arm-none-eabi/13.3.1/thumb/v7e-m+fp/hard/crtn.o
 *(.fini)
 .fini          0x08007c30        0x4 C:/arm-tools/xpack-arm-none-eabi-gcc-13.3.1-1.1/bin/../lib/gcc/arm-none-eabi/13.3.1/thumb/v7e-m+fp/hard/crti.o
                0x08007c30                _fini
 .fini          0x08007c34        0x8 C:/arm-tools/xpack-arm-none-eabi-gcc-13.3.1-1.1/bin/../lib/gcc/arm-none-eabi/13.3.1/thumb/v7e-m+fp/hard/crtn.o
                0x08007c3c                        . = ALIGN (0x4)
                0x08007c3c                        _etext = .

.vfp11_veneer   0x08007c3c        0x0
 .vfp11_veneer  0x08007c3c        0x0 linker stubs

.v4_bx          0x08007c3c        0x0
 .v4_bx         0x08007c3c        0x0 linker stubs

.iplt           0x08007c3c        0x0
 .iplt          0x08007c3c        0x0 C:/arm-tools/xpack-arm-none-eabi-gcc-13.3.1-1.1/bin/../lib/gcc/arm-none-eabi/13.3.1/thumb/v7e-m+fp/hard/crtbegin.o

.rodata         0x08007c40      0x48c
                0x08007c40                        . = ALIGN (0x4)
 *(.rodata)
 .rodata        0x08007c40       0x9d CMakeFiles/TEST11.dir/Core/Src/main.c.obj
 *(.rodata*)
 *fill*         0x08007cdd        0x3 
 .rodata.AHBPrescTable
                0x08007ce0       0x10 cmake/stm32cubemx/CMakeFiles/STM32_Drivers.dir/__/__/Core/Src/system_stm32f4xx.c.obj
                0x08007ce0                AHBPrescTable
 .rodata.APBPrescTable
                0x08007cf0        0x8 cmake/stm32cubemx/CMakeFiles/STM32_Drivers.dir/__/__/Core/Src/system_stm32f4xx.c.obj
                0x08007cf0                APBPrescTable
 .rodata.flagBitshiftOffset.0
                0x08007cf8        0x8 cmake/stm32cubemx/CMakeFiles/STM32_Drivers.dir/__/__/Drivers/STM32F4xx_HAL_Driver/Src/stm32f4xx_hal_dma.c.obj
 .rodata._printf_float.str1.1
                0x08007d00      0x1c5 C:/arm-tools/xpack-arm-none-eabi-gcc-13.3.1-1.1/bin/../lib/gcc/arm-none-eabi/13.3.1/../../../../arm-none-eabi/lib/thumb/v7e-m+fp/hard\libg_nano.a(libc_a-nano-vfprintf_float.o)
                                 0x12 (size before relaxing)
 .rodata._printf_i.str1.1
                0x08007ec5       0x22 C:/arm-tools/xpack-arm-none-eabi-gcc-13.3.1-1.1/bin/../lib/gcc/arm-none-eabi/13.3.1/../../../../arm-none-eabi/lib/thumb/v7e-m+fp/hard\libg_nano.a(libc_a-nano-vfprintf_i.o)
 .rodata._dtoa_r.str1.1
                0x08007ec5       0xb9 C:/arm-tools/xpack-arm-none-eabi-gcc-13.3.1-1.1/bin/../lib/gcc/arm-none-eabi/13.3.1/../../../../arm-none-eabi/lib/thumb/v7e-m+fp/hard\libg_nano.a(libc_a-dtoa.o)
 .rodata._Balloc.str1.1
                0x08007ec5       0x9a C:/arm-tools/xpack-arm-none-eabi-gcc-13.3.1-1.1/bin/../lib/gcc/arm-none-eabi/13.3.1/../../../../arm-none-eabi/lib/thumb/v7e-m+fp/hard\libg_nano.a(libc_a-mprec.o)
 .rodata.__multadd.str1.1
                0x08007ec5       0x11 C:/arm-tools/xpack-arm-none-eabi-gcc-13.3.1-1.1/bin/../lib/gcc/arm-none-eabi/13.3.1/../../../../arm-none-eabi/lib/thumb/v7e-m+fp/hard\libg_nano.a(libc_a-mprec.o)
 *fill*         0x08007ec5        0x3 
 .rodata.p05.0  0x08007ec8        0xc C:/arm-tools/xpack-arm-none-eabi-gcc-13.3.1-1.1/bin/../lib/gcc/arm-none-eabi/13.3.1/../../../../arm-none-eabi/lib/thumb/v7e-m+fp/hard\libg_nano.a(libc_a-mprec.o)
 *fill*         0x08007ed4        0x4 
 .rodata.__mprec_bigtens
                0x08007ed8       0x28 C:/arm-tools/xpack-arm-none-eabi-gcc-13.3.1-1.1/bin/../lib/gcc/arm-none-eabi/13.3.1/../../../../arm-none-eabi/lib/thumb/v7e-m+fp/hard\libg_nano.a(libc_a-mprec.o)
                0x08007ed8                __mprec_bigtens
 .rodata.__mprec_tens
                0x08007f00       0xc8 C:/arm-tools/xpack-arm-none-eabi-gcc-13.3.1-1.1/bin/../lib/gcc/arm-none-eabi/13.3.1/../../../../arm-none-eabi/lib/thumb/v7e-m+fp/hard\libg_nano.a(libc_a-mprec.o)
                0x08007f00                __mprec_tens
 .rodata._svfprintf_r.str1.1
                0x08007fc8       0x11 C:/arm-tools/xpack-arm-none-eabi-gcc-13.3.1-1.1/bin/../lib/gcc/arm-none-eabi/13.3.1/../../../../arm-none-eabi/lib/thumb/v7e-m+fp/hard\libg_nano.a(libc_a-nano-svfprintf.o)
 .rodata._setlocale_r.str1.1
                0x08007fc8        0x9 C:/arm-tools/xpack-arm-none-eabi-gcc-13.3.1-1.1/bin/../lib/gcc/arm-none-eabi/13.3.1/../../../../arm-none-eabi/lib/thumb/v7e-m+fp/hard\libg_nano.a(libc_a-locale.o)
 .rodata.str1.1
                0x08007fc8        0x2 C:/arm-tools/xpack-arm-none-eabi-gcc-13.3.1-1.1/bin/../lib/gcc/arm-none-eabi/13.3.1/../../../../arm-none-eabi/lib/thumb/v7e-m+fp/hard\libg_nano.a(libc_a-locale.o)
 .rodata.__assert_func.str1.1
                0x08007fc8       0x3d C:/arm-tools/xpack-arm-none-eabi-gcc-13.3.1-1.1/bin/../lib/gcc/arm-none-eabi/13.3.1/../../../../arm-none-eabi/lib/thumb/v7e-m+fp/hard\libg_nano.a(libc_a-assert.o)
 .rodata._ctype_
                0x08007fc8      0x101 C:/arm-tools/xpack-arm-none-eabi-gcc-13.3.1-1.1/bin/../lib/gcc/arm-none-eabi/13.3.1/../../../../arm-none-eabi/lib/thumb/v7e-m+fp/hard\libg_nano.a(libc_a-ctype_.o)
                0x08007fc8                _ctype_
 .rodata._vfprintf_r.str1.1
                0x080080c9       0x11 C:/arm-tools/xpack-arm-none-eabi-gcc-13.3.1-1.1/bin/../lib/gcc/arm-none-eabi/13.3.1/../../../../arm-none-eabi/lib/thumb/v7e-m+fp/hard\libg_nano.a(libc_a-nano-vfprintf.o)
                0x080080dc                        . = ALIGN (0x4)
 *fill*         0x080080c9        0x3 

.ARM.extab      0x080080cc        0x0
                0x080080cc                        . = ALIGN (0x4)
 *(.ARM.extab* .gnu.linkonce.armextab.*)
                0x080080cc                        . = ALIGN (0x4)

.ARM            0x080080cc        0x8
                0x080080cc                        . = ALIGN (0x4)
                0x080080cc                        __exidx_start = .
 *(.ARM.exidx*)
 .ARM.exidx     0x080080cc        0x8 C:/arm-tools/xpack-arm-none-eabi-gcc-13.3.1-1.1/bin/../lib/gcc/arm-none-eabi/13.3.1/../../../../arm-none-eabi/lib/thumb/v7e-m+fp/hard\libg_nano.a(libc_a-memchr.o)
 .ARM.exidx     0x080080d4        0x0 C:/arm-tools/xpack-arm-none-eabi-gcc-13.3.1-1.1/bin/../lib/gcc/arm-none-eabi/13.3.1/../../../../arm-none-eabi/lib/thumb/v7e-m+fp/hard\libg_nano.a(libc_a-strlen.o)
                                  0x8 (size before relaxing)
 .ARM.exidx.text.__udivmoddi4
                0x080080d4        0x0 C:/arm-tools/xpack-arm-none-eabi-gcc-13.3.1-1.1/bin/../lib/gcc/arm-none-eabi/13.3.1/thumb/v7e-m+fp/hard\libgcc.a(_udivmoddi4.o)
                                  0x8 (size before relaxing)
                0x080080d4                        __exidx_end = .
                0x080080d4                        . = ALIGN (0x4)

.preinit_array  0x080080d4        0x0
                0x080080d4                        . = ALIGN (0x4)
                0x080080d4                        PROVIDE (__preinit_array_start = .)
 *(.preinit_array*)
                0x080080d4                        PROVIDE (__preinit_array_end = .)
                0x080080d4                        . = ALIGN (0x4)

.init_array     0x080080d4        0x4
                0x080080d4                        . = ALIGN (0x4)
                0x080080d4                        PROVIDE (__init_array_start = .)
 *(SORT_BY_NAME(.init_array.*))
 *(.init_array*)
 .init_array    0x080080d4        0x4 C:/arm-tools/xpack-arm-none-eabi-gcc-13.3.1-1.1/bin/../lib/gcc/arm-none-eabi/13.3.1/thumb/v7e-m+fp/hard/crtbegin.o
                0x080080d8                        PROVIDE (__init_array_end = .)
                0x080080d8                        . = ALIGN (0x4)

.fini_array     0x080080d8        0x4
                0x080080d8                        . = ALIGN (0x4)
                0x080080d8                        PROVIDE (__fini_array_start = .)
 *(SORT_BY_NAME(.fini_array.*))
 *(.fini_array*)
 .fini_array    0x080080d8        0x4 C:/arm-tools/xpack-arm-none-eabi-gcc-13.3.1-1.1/bin/../lib/gcc/arm-none-eabi/13.3.1/thumb/v7e-m+fp/hard/crtbegin.o
                0x080080dc                        PROVIDE (__fini_array_end = .)
                0x080080dc                        . = ALIGN (0x4)
                0x080080dc                        _siccmram = LOADADDR (.ccmram)

.rel.dyn        0x080080dc        0x0
 .rel.iplt      0x080080dc        0x0 C:/arm-tools/xpack-arm-none-eabi-gcc-13.3.1-1.1/bin/../lib/gcc/arm-none-eabi/13.3.1/thumb/v7e-m+fp/hard/crtbegin.o

.ccmram         0x10000000        0x0 load address 0x080080dc
                0x10000000                        . = ALIGN (0x4)
                0x10000000                        _sccmram = .
 *(.ccmram)
 *(.ccmram*)
                0x10000000                        . = ALIGN (0x4)
                0x10000000                        _eccmram = .
                0x080080dc                        _sidata = LOADADDR (.data)

.data           0x20000000      0x1d8 load address 0x080080dc
                0x20000000                        . = ALIGN (0x4)
                0x20000000                        _sdata = .
 *(.data)
 *(.data*)
 .data.SystemCoreClock
                0x20000000        0x4 cmake/stm32cubemx/CMakeFiles/STM32_Drivers.dir/__/__/Core/Src/system_stm32f4xx.c.obj
                0x20000000                SystemCoreClock
 .data.uwTickPrio
                0x20000004        0x4 cmake/stm32cubemx/CMakeFiles/STM32_Drivers.dir/__/__/Drivers/STM32F4xx_HAL_Driver/Src/stm32f4xx_hal.c.obj
                0x20000004                uwTickPrio
 .data.uwTickFreq
                0x20000008        0x1 cmake/stm32cubemx/CMakeFiles/STM32_Drivers.dir/__/__/Drivers/STM32F4xx_HAL_Driver/Src/stm32f4xx_hal.c.obj
                0x20000008                uwTickFreq
 .data.g_wave_type
                0x20000009        0x1 CMakeFiles/TEST11.dir/Core/Src/dac.c.obj
 *fill*         0x2000000a        0x2 
 .data.g_lfsr   0x2000000c        0x4 CMakeFiles/TEST11.dir/Core/Src/dac.c.obj
 .data.__sglue  0x20000010        0xc C:/arm-tools/xpack-arm-none-eabi-gcc-13.3.1-1.1/bin/../lib/gcc/arm-none-eabi/13.3.1/../../../../arm-none-eabi/lib/thumb/v7e-m+fp/hard\libg_nano.a(libc_a-findfp.o)
                0x20000010                __sglue
 .data._impure_ptr
                0x2000001c        0x4 C:/arm-tools/xpack-arm-none-eabi-gcc-13.3.1-1.1/bin/../lib/gcc/arm-none-eabi/13.3.1/../../../../arm-none-eabi/lib/thumb/v7e-m+fp/hard\libg_nano.a(libc_a-impure.o)
                0x2000001c                _impure_ptr
 .data._impure_data
                0x20000020       0x4c C:/arm-tools/xpack-arm-none-eabi-gcc-13.3.1-1.1/bin/../lib/gcc/arm-none-eabi/13.3.1/../../../../arm-none-eabi/lib/thumb/v7e-m+fp/hard\libg_nano.a(libc_a-impure.o)
                0x20000020                _impure_data
 .data.__global_locale
                0x2000006c      0x16c C:/arm-tools/xpack-arm-none-eabi-gcc-13.3.1-1.1/bin/../lib/gcc/arm-none-eabi/13.3.1/../../../../arm-none-eabi/lib/thumb/v7e-m+fp/hard\libg_nano.a(libc_a-locale.o)
                0x2000006c                __global_locale
 *(.RamFunc)
 *(.RamFunc*)
                0x200001d8                        . = ALIGN (0x4)

.igot.plt       0x200001d8        0x0 load address 0x080082b4
 .igot.plt      0x200001d8        0x0 C:/arm-tools/xpack-arm-none-eabi-gcc-13.3.1-1.1/bin/../lib/gcc/arm-none-eabi/13.3.1/thumb/v7e-m+fp/hard/crtbegin.o

.tdata          0x200001d8        0x0 load address 0x080082b4
 *(.tdata .tdata.* .gnu.linkonce.td.*)
                0x200001d8                        . = ALIGN (0x4)
                0x200001d8                        _edata = .
                [!provide]                        PROVIDE (__data_end = .)
                [!provide]                        PROVIDE (__tdata_end = .)
                [!provide]                        PROVIDE (__tdata_start = ADDR (.tdata))
                [!provide]                        PROVIDE (__tdata_size = (__tdata_end - __tdata_start))
                [!provide]                        PROVIDE (__data_start = ADDR (.data))
                [!provide]                        PROVIDE (__data_size = (__data_end - __data_start))
                [!provide]                        PROVIDE (__tdata_source = LOADADDR (.tdata))
                [!provide]                        PROVIDE (__tdata_source_end = (LOADADDR (.tdata) + SIZEOF (.tdata)))
                [!provide]                        PROVIDE (__tdata_source_size = (__tdata_source_end - __tdata_source))
                [!provide]                        PROVIDE (__data_source = LOADADDR (.data))
                [!provide]                        PROVIDE (__data_source_end = __tdata_source_end)
                [!provide]                        PROVIDE (__data_source_size = (__data_source_end - __data_source))

.tbss           0x200001d8        0x0 load address 0x080082b4
                0x200001d8                        _sbss = .
                0x200001d8                        __bss_start__ = _sbss
 *(.tbss .tbss.*)
                0x200001d8                        . = ALIGN (0x4)
                [!provide]                        PROVIDE (__tbss_end = .)
                [!provide]                        PROVIDE (__tbss_start = ADDR (.tbss))
                [!provide]                        PROVIDE (__tbss_size = (__tbss_end - __tbss_start))
                [!provide]                        PROVIDE (__tbss_offset = (ADDR (.tbss) - ADDR (.tdata)))
                [!provide]                        PROVIDE (__tls_base = __tdata_start)
                [!provide]                        PROVIDE (__tls_end = __tbss_end)
                [!provide]                        PROVIDE (__tls_size = (__tls_end - __tls_base))
                [!provide]                        PROVIDE (__tls_align = MAX (ALIGNOF (.tdata), ALIGNOF (.tbss)))
                [!provide]                        PROVIDE (__tls_size_align = (((__tls_size + __tls_align) - 0x1) & ~ ((__tls_align - 0x1))))
                [!provide]                        PROVIDE (__arm32_tls_tcb_offset = MAX (0x8, __tls_align))
                [!provide]                        PROVIDE (__arm64_tls_tcb_offset = MAX (0x10, __tls_align))

.bss            0x200001d8      0x8e4 load address 0x080082b4
 *(.bss)
 *(.bss*)
 .bss.completed.1
                0x200001d8        0x1 C:/arm-tools/xpack-arm-none-eabi-gcc-13.3.1-1.1/bin/../lib/gcc/arm-none-eabi/13.3.1/thumb/v7e-m+fp/hard/crtbegin.o
 *fill*         0x200001d9        0x3 
 .bss.object.0  0x200001dc       0x18 C:/arm-tools/xpack-arm-none-eabi-gcc-13.3.1-1.1/bin/../lib/gcc/arm-none-eabi/13.3.1/thumb/v7e-m+fp/hard/crtbegin.o
 .bss.uwTick    0x200001f4        0x4 cmake/stm32cubemx/CMakeFiles/STM32_Drivers.dir/__/__/Drivers/STM32F4xx_HAL_Driver/Src/stm32f4xx_hal.c.obj
                0x200001f4                uwTick
 .bss.htim3     0x200001f8       0x48 CMakeFiles/TEST11.dir/Core/Src/timer.c.obj
                0x200001f8                htim3
 .bss.g_ic_result
                0x20000240       0x14 CMakeFiles/TEST11.dir/Core/Src/timer.c.obj
                0x20000240                g_ic_result
 .bss.huart1    0x20000254       0x48 CMakeFiles/TEST11.dir/Core/Src/uart.c.obj
 .bss.hadc2     0x2000029c       0x48 CMakeFiles/TEST11.dir/Core/Src/adc.c.obj
 .bss.adc2_buf  0x200002e4       0xc8 CMakeFiles/TEST11.dir/Core/Src/adc.c.obj
                0x200002e4                adc2_buf
 .bss.adc2_transfer_cnt
                0x200003ac        0x4 CMakeFiles/TEST11.dir/Core/Src/adc.c.obj
                0x200003ac                adc2_transfer_cnt
 .bss.adc2_transfer_done
                0x200003b0        0x1 CMakeFiles/TEST11.dir/Core/Src/adc.c.obj
                0x200003b0                adc2_transfer_done
 .bss.adc2_new_val
                0x200003b1        0x1 CMakeFiles/TEST11.dir/Core/Src/adc.c.obj
                0x200003b1                adc2_new_val
 .bss.adc2_latest
                0x200003b2        0x2 CMakeFiles/TEST11.dir/Core/Src/adc.c.obj
                0x200003b2                adc2_latest
 .bss.adc2_buf_idx
                0x200003b4        0x2 CMakeFiles/TEST11.dir/Core/Src/adc.c.obj
 *fill*         0x200003b6        0x2 
 .bss.g_tri_table
                0x200003b8      0x200 CMakeFiles/TEST11.dir/Core/Src/dac.c.obj
 .bss.DAC_Handler
                0x200005b8       0x14 CMakeFiles/TEST11.dir/Core/Src/dac.c.obj
 .bss.TIM6_Handler
                0x200005cc       0x48 CMakeFiles/TEST11.dir/Core/Src/dac.c.obj
 .bss.g_dac_index
                0x20000614        0x2 CMakeFiles/TEST11.dir/Core/Src/dac.c.obj
 .bss.g_noise_val
                0x20000616        0x2 CMakeFiles/TEST11.dir/Core/Src/dac.c.obj
 .bss.hdac_saw  0x20000618       0x14 CMakeFiles/TEST11.dir/Core/Src/dac.c.obj
 .bss.hdma_dac1
                0x2000062c       0x60 CMakeFiles/TEST11.dir/Core/Src/dac.c.obj
 .bss.dac_saw_buf
                0x2000068c      0x200 CMakeFiles/TEST11.dir/Core/Src/dac.c.obj
                0x2000068c                dac_saw_buf
 .bss.hdma_usart1_tx
                0x2000088c       0x60 CMakeFiles/TEST11.dir/Core/Src/dma.c.obj
 .bss.dma_usart1_tx_busy
                0x200008ec        0x1 CMakeFiles/TEST11.dir/Core/Src/dma.c.obj
 *fill*         0x200008ed        0x3 
 .bss.hdma_adc2
                0x200008f0       0x60 CMakeFiles/TEST11.dir/Core/Src/dma.c.obj
 .bss.last_tick.6
                0x20000950        0x4 CMakeFiles/TEST11.dir/Core/Src/stm32f4xx_it.c.obj
 .bss.last_tick.5
                0x20000954        0x4 CMakeFiles/TEST11.dir/Core/Src/stm32f4xx_it.c.obj
 .bss.ovf_cnt.4
                0x20000958        0x4 CMakeFiles/TEST11.dir/Core/Src/stm32f4xx_it.c.obj
 .bss.cap_state.3
                0x2000095c        0x1 CMakeFiles/TEST11.dir/Core/Src/stm32f4xx_it.c.obj
 *fill*         0x2000095d        0x3 
 .bss.cap_rising1.2
                0x20000960        0x4 CMakeFiles/TEST11.dir/Core/Src/stm32f4xx_it.c.obj
 .bss.cap_falling.1
                0x20000964        0x4 CMakeFiles/TEST11.dir/Core/Src/stm32f4xx_it.c.obj
 .bss.cap_rising2.0
                0x20000968        0x4 CMakeFiles/TEST11.dir/Core/Src/stm32f4xx_it.c.obj
 .bss.__sbrk_heap_end
                0x2000096c        0x4 CMakeFiles/TEST11.dir/Core/Src/sysmem.c.obj
 .bss.__sf      0x20000970      0x138 C:/arm-tools/xpack-arm-none-eabi-gcc-13.3.1-1.1/bin/../lib/gcc/arm-none-eabi/13.3.1/../../../../arm-none-eabi/lib/thumb/v7e-m+fp/hard\libg_nano.a(libc_a-findfp.o)
                0x20000970                __sf
 .bss.__stdio_exit_handler
                0x20000aa8        0x4 C:/arm-tools/xpack-arm-none-eabi-gcc-13.3.1-1.1/bin/../lib/gcc/arm-none-eabi/13.3.1/../../../../arm-none-eabi/lib/thumb/v7e-m+fp/hard\libg_nano.a(libc_a-findfp.o)
                0x20000aa8                __stdio_exit_handler
 .bss.errno     0x20000aac        0x4 C:/arm-tools/xpack-arm-none-eabi-gcc-13.3.1-1.1/bin/../lib/gcc/arm-none-eabi/13.3.1/../../../../arm-none-eabi/lib/thumb/v7e-m+fp/hard\libg_nano.a(libc_a-reent.o)
                0x20000aac                errno
 .bss.__lock___malloc_recursive_mutex
                0x20000ab0        0x1 C:/arm-tools/xpack-arm-none-eabi-gcc-13.3.1-1.1/bin/../lib/gcc/arm-none-eabi/13.3.1/../../../../arm-none-eabi/lib/thumb/v7e-m+fp/hard\libg_nano.a(libc_a-lock.o)
                0x20000ab0                __lock___malloc_recursive_mutex
 .bss.__lock___sfp_recursive_mutex
                0x20000ab1        0x1 C:/arm-tools/xpack-arm-none-eabi-gcc-13.3.1-1.1/bin/../lib/gcc/arm-none-eabi/13.3.1/../../../../arm-none-eabi/lib/thumb/v7e-m+fp/hard\libg_nano.a(libc_a-lock.o)
                0x20000ab1                __lock___sfp_recursive_mutex
 *fill*         0x20000ab2        0x2 
 .bss.__malloc_sbrk_start
                0x20000ab4        0x4 C:/arm-tools/xpack-arm-none-eabi-gcc-13.3.1-1.1/bin/../lib/gcc/arm-none-eabi/13.3.1/../../../../arm-none-eabi/lib/thumb/v7e-m+fp/hard\libg_nano.a(libc_a-mallocr.o)
                0x20000ab4                __malloc_sbrk_start
 .bss.__malloc_free_list
                0x20000ab8        0x4 C:/arm-tools/xpack-arm-none-eabi-gcc-13.3.1-1.1/bin/../lib/gcc/arm-none-eabi/13.3.1/../../../../arm-none-eabi/lib/thumb/v7e-m+fp/hard\libg_nano.a(libc_a-mallocr.o)
                0x20000ab8                __malloc_free_list
 *(COMMON)
                0x20000abc                        . = ALIGN (0x4)
                0x20000abc                        _ebss = .
                0x20000abc                        __bss_end__ = _ebss
                [!provide]                        PROVIDE (__bss_end = .)
                [!provide]                        PROVIDE (__non_tls_bss_start = ADDR (.bss))
                [!provide]                        PROVIDE (__bss_start = __tbss_start)
                [!provide]                        PROVIDE (__bss_size = (__bss_end - __bss_start))

._user_heap_stack
                0x20000abc      0x604 load address 0x080082b4
                0x20000ac0                        . = ALIGN (0x8)
 *fill*         0x20000abc        0x4 
                [!provide]                        PROVIDE (end = .)
                0x20000ac0                        PROVIDE (_end = .)
                0x20000cc0                        . = (. + _Min_Heap_Size)
 *fill*         0x20000ac0      0x200 
                0x200010c0                        . = (. + _Min_Stack_Size)
 *fill*         0x20000cc0      0x400 
                0x200010c0                        . = ALIGN (0x8)

/DISCARD/
 libc.a:*(*)
 libm.a:*(*)
 libgcc.a:*(*)
OUTPUT(TEST11.elf elf32-littlearm)
LOAD linker stubs

.ARM.attributes
                0x00000000       0x30
 .ARM.attributes
                0x00000000       0x22 C:/arm-tools/xpack-arm-none-eabi-gcc-13.3.1-1.1/bin/../lib/gcc/arm-none-eabi/13.3.1/thumb/v7e-m+fp/hard/crti.o
 .ARM.attributes
                0x00000022       0x34 C:/arm-tools/xpack-arm-none-eabi-gcc-13.3.1-1.1/bin/../lib/gcc/arm-none-eabi/13.3.1/thumb/v7e-m+fp/hard/crtbegin.o
 .ARM.attributes
                0x00000056       0x34 cmake/stm32cubemx/CMakeFiles/STM32_Drivers.dir/__/__/Core/Src/system_stm32f4xx.c.obj
 .ARM.attributes
                0x0000008a       0x34 cmake/stm32cubemx/CMakeFiles/STM32_Drivers.dir/__/__/Drivers/STM32F4xx_HAL_Driver/Src/stm32f4xx_hal_rcc.c.obj
 .ARM.attributes
                0x000000be       0x34 cmake/stm32cubemx/CMakeFiles/STM32_Drivers.dir/__/__/Drivers/STM32F4xx_HAL_Driver/Src/stm32f4xx_hal_gpio.c.obj
 .ARM.attributes
                0x000000f2       0x34 cmake/stm32cubemx/CMakeFiles/STM32_Drivers.dir/__/__/Drivers/STM32F4xx_HAL_Driver/Src/stm32f4xx_hal_dma.c.obj
 .ARM.attributes
                0x00000126       0x34 cmake/stm32cubemx/CMakeFiles/STM32_Drivers.dir/__/__/Drivers/STM32F4xx_HAL_Driver/Src/stm32f4xx_hal_cortex.c.obj
 .ARM.attributes
                0x0000015a       0x34 cmake/stm32cubemx/CMakeFiles/STM32_Drivers.dir/__/__/Drivers/STM32F4xx_HAL_Driver/Src/stm32f4xx_hal.c.obj
 .ARM.attributes
                0x0000018e       0x34 cmake/stm32cubemx/CMakeFiles/STM32_Drivers.dir/__/__/Drivers/STM32F4xx_HAL_Driver/Src/stm32f4xx_hal_uart.c.obj
 .ARM.attributes
                0x000001c2       0x34 cmake/stm32cubemx/CMakeFiles/STM32_Drivers.dir/__/__/Drivers/STM32F4xx_HAL_Driver/Src/stm32f4xx_hal_tim.c.obj
 .ARM.attributes
                0x000001f6       0x34 cmake/stm32cubemx/CMakeFiles/STM32_Drivers.dir/__/__/Drivers/STM32F4xx_HAL_Driver/Src/stm32f4xx_hal_tim_ex.c.obj
 .ARM.attributes
                0x0000022a       0x34 cmake/stm32cubemx/CMakeFiles/STM32_Drivers.dir/__/__/Drivers/STM32F4xx_HAL_Driver/Src/stm32f4xx_hal_adc.c.obj
 .ARM.attributes
                0x0000025e       0x34 cmake/stm32cubemx/CMakeFiles/STM32_Drivers.dir/__/__/Drivers/STM32F4xx_HAL_Driver/Src/stm32f4xx_hal_adc_ex.c.obj
 .ARM.attributes
                0x00000292       0x34 cmake/stm32cubemx/CMakeFiles/STM32_Drivers.dir/__/__/Drivers/STM32F4xx_HAL_Driver/Src/stm32f4xx_hal_dac.c.obj
 .ARM.attributes
                0x000002c6       0x34 cmake/stm32cubemx/CMakeFiles/STM32_Drivers.dir/__/__/Drivers/STM32F4xx_HAL_Driver/Src/stm32f4xx_hal_dac_ex.c.obj
 .ARM.attributes
                0x000002fa       0x34 CMakeFiles/TEST11.dir/Core/Src/main.c.obj
 .ARM.attributes
                0x0000032e       0x34 CMakeFiles/TEST11.dir/Core/Src/timer.c.obj
 .ARM.attributes
                0x00000362       0x34 CMakeFiles/TEST11.dir/Core/Src/uart.c.obj
 .ARM.attributes
                0x00000396       0x34 CMakeFiles/TEST11.dir/Core/Src/gpio.c.obj
 .ARM.attributes
                0x000003ca       0x34 CMakeFiles/TEST11.dir/Core/Src/adc.c.obj
 .ARM.attributes
                0x000003fe       0x34 CMakeFiles/TEST11.dir/Core/Src/dac.c.obj
 .ARM.attributes
                0x00000432       0x34 CMakeFiles/TEST11.dir/Core/Src/dma.c.obj
 .ARM.attributes
                0x00000466       0x34 CMakeFiles/TEST11.dir/Core/Src/stm32f4xx_it.c.obj
 .ARM.attributes
                0x0000049a       0x34 CMakeFiles/TEST11.dir/Core/Src/stm32f4xx_hal_msp.c.obj
 .ARM.attributes
                0x000004ce       0x34 CMakeFiles/TEST11.dir/Core/Src/sysmem.c.obj
 .ARM.attributes
                0x00000502       0x34 CMakeFiles/TEST11.dir/Core/Src/syscalls.c.obj
 .ARM.attributes
                0x00000536       0x21 CMakeFiles/TEST11.dir/startup_stm32f407xx.s.obj
 .ARM.attributes
                0x00000557       0x22 C:/arm-tools/xpack-arm-none-eabi-gcc-13.3.1-1.1/bin/../lib/gcc/arm-none-eabi/13.3.1/thumb/v7e-m+fp/hard\libgcc.a(_aeabi_uldivmod.o)
 .ARM.attributes
                0x00000579       0x34 C:/arm-tools/xpack-arm-none-eabi-gcc-13.3.1-1.1/bin/../lib/gcc/arm-none-eabi/13.3.1/thumb/v7e-m+fp/hard\libgcc.a(_udivmoddi4.o)
 .ARM.attributes
                0x000005ad       0x22 C:/arm-tools/xpack-arm-none-eabi-gcc-13.3.1-1.1/bin/../lib/gcc/arm-none-eabi/13.3.1/thumb/v7e-m+fp/hard\libgcc.a(_dvmd_tls.o)
 .ARM.attributes
                0x000005cf       0x34 C:/arm-tools/xpack-arm-none-eabi-gcc-13.3.1-1.1/bin/../lib/gcc/arm-none-eabi/13.3.1/../../../../arm-none-eabi/lib/thumb/v7e-m+fp/hard\libg_nano.a(libc_a-nano-vfprintf_float.o)
 .ARM.attributes
                0x00000603       0x34 C:/arm-tools/xpack-arm-none-eabi-gcc-13.3.1-1.1/bin/../lib/gcc/arm-none-eabi/13.3.1/../../../../arm-none-eabi/lib/thumb/v7e-m+fp/hard\libg_nano.a(libc_a-nano-vfprintf_i.o)
 .ARM.attributes
                0x00000637       0x34 C:/arm-tools/xpack-arm-none-eabi-gcc-13.3.1-1.1/bin/../lib/gcc/arm-none-eabi/13.3.1/../../../../arm-none-eabi/lib/thumb/v7e-m+fp/hard\libg_nano.a(libc_a-findfp.o)
 .ARM.attributes
                0x0000066b       0x34 C:/arm-tools/xpack-arm-none-eabi-gcc-13.3.1-1.1/bin/../lib/gcc/arm-none-eabi/13.3.1/../../../../arm-none-eabi/lib/thumb/v7e-m+fp/hard\libg_nano.a(libc_a-fwalk.o)
 .ARM.attributes
                0x0000069f       0x34 C:/arm-tools/xpack-arm-none-eabi-gcc-13.3.1-1.1/bin/../lib/gcc/arm-none-eabi/13.3.1/../../../../arm-none-eabi/lib/thumb/v7e-m+fp/hard\libg_nano.a(libc_a-snprintf.o)
 .ARM.attributes
                0x000006d3       0x34 C:/arm-tools/xpack-arm-none-eabi-gcc-13.3.1-1.1/bin/../lib/gcc/arm-none-eabi/13.3.1/../../../../arm-none-eabi/lib/thumb/v7e-m+fp/hard\libg_nano.a(libc_a-stdio.o)
 .ARM.attributes
                0x00000707       0x34 C:/arm-tools/xpack-arm-none-eabi-gcc-13.3.1-1.1/bin/../lib/gcc/arm-none-eabi/13.3.1/../../../../arm-none-eabi/lib/thumb/v7e-m+fp/hard\libg_nano.a(libc_a-memset.o)
 .ARM.attributes
                0x0000073b       0x34 C:/arm-tools/xpack-arm-none-eabi-gcc-13.3.1-1.1/bin/../lib/gcc/arm-none-eabi/13.3.1/../../../../arm-none-eabi/lib/thumb/v7e-m+fp/hard\libg_nano.a(libc_a-localeconv.o)
 .ARM.attributes
                0x0000076f       0x34 C:/arm-tools/xpack-arm-none-eabi-gcc-13.3.1-1.1/bin/../lib/gcc/arm-none-eabi/13.3.1/../../../../arm-none-eabi/lib/thumb/v7e-m+fp/hard\libg_nano.a(libc_a-closer.o)
 .ARM.attributes
                0x000007a3       0x34 C:/arm-tools/xpack-arm-none-eabi-gcc-13.3.1-1.1/bin/../lib/gcc/arm-none-eabi/13.3.1/../../../../arm-none-eabi/lib/thumb/v7e-m+fp/hard\libg_nano.a(libc_a-reent.o)
 .ARM.attributes
                0x000007d7       0x34 C:/arm-tools/xpack-arm-none-eabi-gcc-13.3.1-1.1/bin/../lib/gcc/arm-none-eabi/13.3.1/../../../../arm-none-eabi/lib/thumb/v7e-m+fp/hard\libg_nano.a(libc_a-impure.o)
 .ARM.attributes
                0x0000080b       0x34 C:/arm-tools/xpack-arm-none-eabi-gcc-13.3.1-1.1/bin/../lib/gcc/arm-none-eabi/13.3.1/../../../../arm-none-eabi/lib/thumb/v7e-m+fp/hard\libg_nano.a(libc_a-lseekr.o)
 .ARM.attributes
                0x0000083f       0x34 C:/arm-tools/xpack-arm-none-eabi-gcc-13.3.1-1.1/bin/../lib/gcc/arm-none-eabi/13.3.1/../../../../arm-none-eabi/lib/thumb/v7e-m+fp/hard\libg_nano.a(libc_a-readr.o)
 .ARM.attributes
                0x00000873       0x34 C:/arm-tools/xpack-arm-none-eabi-gcc-13.3.1-1.1/bin/../lib/gcc/arm-none-eabi/13.3.1/../../../../arm-none-eabi/lib/thumb/v7e-m+fp/hard\libg_nano.a(libc_a-writer.o)
 .ARM.attributes
                0x000008a7       0x34 C:/arm-tools/xpack-arm-none-eabi-gcc-13.3.1-1.1/bin/../lib/gcc/arm-none-eabi/13.3.1/../../../../arm-none-eabi/lib/thumb/v7e-m+fp/hard\libg_nano.a(libc_a-errno.o)
 .ARM.attributes
                0x000008db       0x34 C:/arm-tools/xpack-arm-none-eabi-gcc-13.3.1-1.1/bin/../lib/gcc/arm-none-eabi/13.3.1/../../../../arm-none-eabi/lib/thumb/v7e-m+fp/hard\libg_nano.a(libc_a-init.o)
 .ARM.attributes
                0x0000090f       0x34 C:/arm-tools/xpack-arm-none-eabi-gcc-13.3.1-1.1/bin/../lib/gcc/arm-none-eabi/13.3.1/../../../../arm-none-eabi/lib/thumb/v7e-m+fp/hard\libg_nano.a(libc_a-lock.o)
 .ARM.attributes
                0x00000943       0x1c C:/arm-tools/xpack-arm-none-eabi-gcc-13.3.1-1.1/bin/../lib/gcc/arm-none-eabi/13.3.1/../../../../arm-none-eabi/lib/thumb/v7e-m+fp/hard\libg_nano.a(libc_a-memchr.o)
 .ARM.attributes
                0x0000095f       0x17 C:/arm-tools/xpack-arm-none-eabi-gcc-13.3.1-1.1/bin/../lib/gcc/arm-none-eabi/13.3.1/../../../../arm-none-eabi/lib/thumb/v7e-m+fp/hard\libg_nano.a(libc_a-strlen.o)
 .ARM.attributes
                0x00000976       0x34 C:/arm-tools/xpack-arm-none-eabi-gcc-13.3.1-1.1/bin/../lib/gcc/arm-none-eabi/13.3.1/../../../../arm-none-eabi/lib/thumb/v7e-m+fp/hard\libg_nano.a(libc_a-dtoa.o)
 .ARM.attributes
                0x000009aa       0x34 C:/arm-tools/xpack-arm-none-eabi-gcc-13.3.1-1.1/bin/../lib/gcc/arm-none-eabi/13.3.1/../../../../arm-none-eabi/lib/thumb/v7e-m+fp/hard\libg_nano.a(libc_a-freer.o)
 .ARM.attributes
                0x000009de       0x34 C:/arm-tools/xpack-arm-none-eabi-gcc-13.3.1-1.1/bin/../lib/gcc/arm-none-eabi/13.3.1/../../../../arm-none-eabi/lib/thumb/v7e-m+fp/hard\libg_nano.a(libc_a-malloc.o)
 .ARM.attributes
                0x00000a12       0x34 C:/arm-tools/xpack-arm-none-eabi-gcc-13.3.1-1.1/bin/../lib/gcc/arm-none-eabi/13.3.1/../../../../arm-none-eabi/lib/thumb/v7e-m+fp/hard\libg_nano.a(libc_a-mallocr.o)
 .ARM.attributes
                0x00000a46       0x34 C:/arm-tools/xpack-arm-none-eabi-gcc-13.3.1-1.1/bin/../lib/gcc/arm-none-eabi/13.3.1/../../../../arm-none-eabi/lib/thumb/v7e-m+fp/hard\libg_nano.a(libc_a-mlock.o)
 .ARM.attributes
                0x00000a7a       0x34 C:/arm-tools/xpack-arm-none-eabi-gcc-13.3.1-1.1/bin/../lib/gcc/arm-none-eabi/13.3.1/../../../../arm-none-eabi/lib/thumb/v7e-m+fp/hard\libg_nano.a(libc_a-mprec.o)
 .ARM.attributes
                0x00000aae       0x34 C:/arm-tools/xpack-arm-none-eabi-gcc-13.3.1-1.1/bin/../lib/gcc/arm-none-eabi/13.3.1/../../../../arm-none-eabi/lib/thumb/v7e-m+fp/hard\libg_nano.a(libc_a-nano-svfprintf.o)
 .ARM.attributes
                0x00000ae2       0x34 C:/arm-tools/xpack-arm-none-eabi-gcc-13.3.1-1.1/bin/../lib/gcc/arm-none-eabi/13.3.1/../../../../arm-none-eabi/lib/thumb/v7e-m+fp/hard\libg_nano.a(libc_a-fflush.o)
 .ARM.attributes
                0x00000b16       0x34 C:/arm-tools/xpack-arm-none-eabi-gcc-13.3.1-1.1/bin/../lib/gcc/arm-none-eabi/13.3.1/../../../../arm-none-eabi/lib/thumb/v7e-m+fp/hard\libg_nano.a(libc_a-memmove.o)
 .ARM.attributes