D:/CUBEproject/TEST11_new/Core/Src/main.c:68:13:UART_Println	16	static
D:/CUBEproject/TEST11_new/Core/Src/main.c:74:13:UART_PrintHex	40	static
D:/CUBEproject/TEST11_new/Core/Src/main.c:86:13:UART_PrintSep	8	static
D:/CUBEproject/TEST11_new/Core/Src/main.c:98:13:LCD_DrawUI	16	static
D:/CUBEproject/TEST11_new/Core/Src/main.c:129:13:LCD_ClearResultArea	16	static
D:/CUBEproject/TEST11_new/Core/Src/main.c:137:13:LCD_ShowOpData	80	static
D:/CUBEproject/TEST11_new/Core/Src/main.c:158:13:LCD_ShowVerifyResult	32	static
D:/CUBEproject/TEST11_new/Core/Src/main.c:187:16:W25Q128_DoWrite	104	static
D:/CUBEproject/TEST11_new/Core/Src/main.c:252:16:W25Q128_DoReadVerify	96	static
D:/CUBEproject/TEST11_new/Core/Src/main.c:316:5:main	72	static
D:/CUBEproject/TEST11_new/Core/Src/main.c:388:13:SystemClock_Config	88	static
D:/CUBEproject/TEST11_new/Core/Src/main.c:421:6:Error_Handler	4	static
