D:/CUBEproject/TEST11_new/Core/Src/main.c:98:13:GenTriTable	24	static
D:/CUBEproject/TEST11_new/Core/Src/main.c:116:13:DAC_Tri_Init	72	static
D:/CUBEproject/TEST11_new/Core/Src/main.c:183:13:ADC_Sample_Init	64	static
D:/CUBEproject/TEST11_new/Core/Src/main.c:241:13:ADC_Start	8	static
D:/CUBEproject/TEST11_new/Core/Src/main.c:251:13:ADC_Stop	8	static
D:/CUBEproject/TEST11_new/Core/Src/main.c:263:13:ComputeFFT	24	static
D:/CUBEproject/TEST11_new/Core/Src/main.c:322:13:SendToSerialPlot	32	static
D:/CUBEproject/TEST11_new/Core/Src/main.c:340:6:ADC1_ConvCpltCallback	16	static
D:/CUBEproject/TEST11_new/Core/Src/main.c:363:13:LCD_DrawWaveform	112	static
D:/CUBEproject/TEST11_new/Core/Src/main.c:430:13:LCD_ShowStats	4192	static
D:/CUBEproject/TEST11_new/Core/Src/main.c:486:13:SystemClock_Config	88	static
D:/CUBEproject/TEST11_new/Core/Src/main.c:510:5:main	88	static
D:/CUBEproject/TEST11_new/Core/Src/main.c:587:6:Error_Handler	4	static
